Archive member included because of file (symbol)

.\CortexM3\ARM_GCC_484\Debug\PulseGenerator.a(cyfitter_cfg.o)
                              .\CortexM3\ARM_GCC_484\Debug\Cm3Start.o (cyfitter_cfg)
.\CortexM3\ARM_GCC_484\Debug\PulseGenerator.a(TrigPulseTrain.o)
                              .\CortexM3\ARM_GCC_484\Debug\main.o (TrigPulseTrain_Write)
.\CortexM3\ARM_GCC_484\Debug\PulseGenerator.a(CyBootAsmGnu.o)
                              .\CortexM3\ARM_GCC_484\Debug\PulseGenerator.a(cyfitter_cfg.o) (CyDelayCycles)
.\CortexM3\ARM_GCC_484\Debug\PulseGenerator.a(CyLib.o)
                              .\CortexM3\ARM_GCC_484\Debug\Cm3Start.o (CyHalt)
.\CortexM3\ARM_GCC_484\Debug\PulseGenerator.a(cyPm.o)
                              .\CortexM3\ARM_GCC_484\Debug\PulseGenerator.a(CyLib.o) (CyPmReadStatus)
.\CortexM3\ARM_GCC_484\Debug\PulseGenerator.a(Timer1.o)
                              .\CortexM3\ARM_GCC_484\Debug\main.o (Timer1_Start)
.\CortexM3\ARM_GCC_484\Debug\PulseGenerator.a(CyFlash.o)
                              .\CortexM3\ARM_GCC_484\Debug\PulseGenerator.a(cyPm.o) (CyFlash_SetWaitCycles)
.\CortexM3\ARM_GCC_484\Debug\PulseGenerator.a(CySpc.o)
                              .\CortexM3\ARM_GCC_484\Debug\PulseGenerator.a(CyFlash.o) (CySpcStart)
c:/program files (x86)/cypress/psoc creator/3.2/psoc creator/import/gnu/arm/4.8.4/bin/../lib/gcc/arm-none-eabi/4.8.4/../../../../arm-none-eabi/lib/armv7-m\libg_s.a(lib_a-errno.o)
                              .\CortexM3\ARM_GCC_484\Debug\Cm3Start.o (__errno)
c:/program files (x86)/cypress/psoc creator/3.2/psoc creator/import/gnu/arm/4.8.4/bin/../lib/gcc/arm-none-eabi/4.8.4/../../../../arm-none-eabi/lib/armv7-m\libg_s.a(lib_a-exit.o)
                              c:/program files (x86)/cypress/psoc creator/3.2/psoc creator/import/gnu/arm/4.8.4/bin/../lib/gcc/arm-none-eabi/4.8.4/../../../../arm-none-eabi/lib/armv7-m/crt0.o (exit)
c:/program files (x86)/cypress/psoc creator/3.2/psoc creator/import/gnu/arm/4.8.4/bin/../lib/gcc/arm-none-eabi/4.8.4/../../../../arm-none-eabi/lib/armv7-m\libg_s.a(lib_a-impure.o)
                              c:/program files (x86)/cypress/psoc creator/3.2/psoc creator/import/gnu/arm/4.8.4/bin/../lib/gcc/arm-none-eabi/4.8.4/../../../../arm-none-eabi/lib/armv7-m\libg_s.a(lib_a-exit.o) (_global_impure_ptr)
c:/program files (x86)/cypress/psoc creator/3.2/psoc creator/import/gnu/arm/4.8.4/bin/../lib/gcc/arm-none-eabi/4.8.4/../../../../arm-none-eabi/lib/armv7-m\libg_s.a(lib_a-init.o)
                              c:/program files (x86)/cypress/psoc creator/3.2/psoc creator/import/gnu/arm/4.8.4/bin/../lib/gcc/arm-none-eabi/4.8.4/../../../../arm-none-eabi/lib/armv7-m/crt0.o (__libc_init_array)
c:/program files (x86)/cypress/psoc creator/3.2/psoc creator/import/gnu/arm/4.8.4/bin/../lib/gcc/arm-none-eabi/4.8.4/../../../../arm-none-eabi/lib/armv7-m\libg_s.a(lib_a-memcpy-stub.o)
                              .\CortexM3\ARM_GCC_484\Debug\PulseGenerator.a(cyfitter_cfg.o) (memcpy)
c:/program files (x86)/cypress/psoc creator/3.2/psoc creator/import/gnu/arm/4.8.4/bin/../lib/gcc/arm-none-eabi/4.8.4/../../../../arm-none-eabi/lib/armv7-m\libg_s.a(lib_a-memset.o)
                              c:/program files (x86)/cypress/psoc creator/3.2/psoc creator/import/gnu/arm/4.8.4/bin/../lib/gcc/arm-none-eabi/4.8.4/../../../../arm-none-eabi/lib/armv7-m/crt0.o (memset)

Allocating common symbols
Common symbol       size              file

dieTemperature      0x2               .\CortexM3\ARM_GCC_484\Debug\PulseGenerator.a(CyFlash.o)

Discarded input sections

 .text          0x00000000        0x0 c:/program files (x86)/cypress/psoc creator/3.2/psoc creator/import/gnu/arm/4.8.4/bin/../lib/gcc/arm-none-eabi/4.8.4/armv7-m/crti.o
 .data          0x00000000        0x0 c:/program files (x86)/cypress/psoc creator/3.2/psoc creator/import/gnu/arm/4.8.4/bin/../lib/gcc/arm-none-eabi/4.8.4/armv7-m/crti.o
 .bss           0x00000000        0x0 c:/program files (x86)/cypress/psoc creator/3.2/psoc creator/import/gnu/arm/4.8.4/bin/../lib/gcc/arm-none-eabi/4.8.4/armv7-m/crti.o
 .data          0x00000000        0x4 c:/program files (x86)/cypress/psoc creator/3.2/psoc creator/import/gnu/arm/4.8.4/bin/../lib/gcc/arm-none-eabi/4.8.4/armv7-m/crtbegin.o
 .text          0x00000000       0x74 c:/program files (x86)/cypress/psoc creator/3.2/psoc creator/import/gnu/arm/4.8.4/bin/../lib/gcc/arm-none-eabi/4.8.4/../../../../arm-none-eabi/lib/armv7-m/crt0.o
 .data          0x00000000        0x0 c:/program files (x86)/cypress/psoc creator/3.2/psoc creator/import/gnu/arm/4.8.4/bin/../lib/gcc/arm-none-eabi/4.8.4/../../../../arm-none-eabi/lib/armv7-m/crt0.o
 .bss           0x00000000        0x0 c:/program files (x86)/cypress/psoc creator/3.2/psoc creator/import/gnu/arm/4.8.4/bin/../lib/gcc/arm-none-eabi/4.8.4/../../../../arm-none-eabi/lib/armv7-m/crt0.o
 .ARM.extab     0x00000000        0x0 c:/program files (x86)/cypress/psoc creator/3.2/psoc creator/import/gnu/arm/4.8.4/bin/../lib/gcc/arm-none-eabi/4.8.4/../../../../arm-none-eabi/lib/armv7-m/crt0.o
 .ARM.exidx     0x00000000        0x8 c:/program files (x86)/cypress/psoc creator/3.2/psoc creator/import/gnu/arm/4.8.4/bin/../lib/gcc/arm-none-eabi/4.8.4/../../../../arm-none-eabi/lib/armv7-m/crt0.o
 .text          0x00000000        0x0 .\CortexM3\ARM_GCC_484\Debug\main.o
 .data          0x00000000        0x0 .\CortexM3\ARM_GCC_484\Debug\main.o
 .bss           0x00000000        0x0 .\CortexM3\ARM_GCC_484\Debug\main.o
 .text          0x00000000        0x0 .\CortexM3\ARM_GCC_484\Debug\cymetadata.o
 .data          0x00000000        0x0 .\CortexM3\ARM_GCC_484\Debug\cymetadata.o
 .bss           0x00000000        0x0 .\CortexM3\ARM_GCC_484\Debug\cymetadata.o
 .text          0x00000000        0x0 .\CortexM3\ARM_GCC_484\Debug\Cm3Start.o
 .data          0x00000000        0x4 .\CortexM3\ARM_GCC_484\Debug\Cm3Start.o
 .bss           0x00000000        0x0 .\CortexM3\ARM_GCC_484\Debug\Cm3Start.o
 .text._exit    0x00000000        0xc .\CortexM3\ARM_GCC_484\Debug\Cm3Start.o
 .text._sbrk    0x00000000       0x30 .\CortexM3\ARM_GCC_484\Debug\Cm3Start.o
 .text          0x00000000        0x0 .\CortexM3\ARM_GCC_484\Debug\PulseGenerator.a(cyfitter_cfg.o)
 .data          0x00000000        0x0 .\CortexM3\ARM_GCC_484\Debug\PulseGenerator.a(cyfitter_cfg.o)
 .bss           0x00000000        0x0 .\CortexM3\ARM_GCC_484\Debug\PulseGenerator.a(cyfitter_cfg.o)
 .text.SetAnalogRoutingPumps
                0x00000000       0x10 .\CortexM3\ARM_GCC_484\Debug\PulseGenerator.a(cyfitter_cfg.o)
 .text          0x00000000        0x0 .\CortexM3\ARM_GCC_484\Debug\PulseGenerator.a(TrigPulseTrain.o)
 .data          0x00000000        0x0 .\CortexM3\ARM_GCC_484\Debug\PulseGenerator.a(TrigPulseTrain.o)
 .bss           0x00000000        0x0 .\CortexM3\ARM_GCC_484\Debug\PulseGenerator.a(TrigPulseTrain.o)
 .text.TrigPulseTrain_Read
                0x00000000        0xc .\CortexM3\ARM_GCC_484\Debug\PulseGenerator.a(TrigPulseTrain.o)
 .data          0x00000000        0x0 .\CortexM3\ARM_GCC_484\Debug\PulseGenerator.a(CyBootAsmGnu.o)
 .bss           0x00000000        0x0 .\CortexM3\ARM_GCC_484\Debug\PulseGenerator.a(CyBootAsmGnu.o)
 .text          0x00000000        0x0 .\CortexM3\ARM_GCC_484\Debug\PulseGenerator.a(CyLib.o)
 .bss           0x00000000       0x1c .\CortexM3\ARM_GCC_484\Debug\PulseGenerator.a(CyLib.o)
 .text.CyUSB_PowerOnCheck
                0x00000000       0x48 .\CortexM3\ARM_GCC_484\Debug\PulseGenerator.a(CyLib.o)
 .text.CyBusClk_Internal_SetDivider
                0x00000000       0x38 .\CortexM3\ARM_GCC_484\Debug\PulseGenerator.a(CyLib.o)
 .text.CyPLL_OUT_Stop
                0x00000000       0x10 .\CortexM3\ARM_GCC_484\Debug\PulseGenerator.a(CyLib.o)
 .text.CyIMO_Stop
                0x00000000       0x1c .\CortexM3\ARM_GCC_484\Debug\PulseGenerator.a(CyLib.o)
 .text.CyIMO_EnableDoubler
                0x00000000       0x10 .\CortexM3\ARM_GCC_484\Debug\PulseGenerator.a(CyLib.o)
 .text.CyIMO_DisableDoubler
                0x00000000       0x10 .\CortexM3\ARM_GCC_484\Debug\PulseGenerator.a(CyLib.o)
 .text.CyMasterClk_SetSource
                0x00000000       0x18 .\CortexM3\ARM_GCC_484\Debug\PulseGenerator.a(CyLib.o)
 .text.CyMasterClk_SetDivider
                0x00000000        0xc .\CortexM3\ARM_GCC_484\Debug\PulseGenerator.a(CyLib.o)
 .text.CyBusClk_SetDivider
                0x00000000       0x70 .\CortexM3\ARM_GCC_484\Debug\PulseGenerator.a(CyLib.o)
 .text.CyUsbClk_SetSource
                0x00000000       0x18 .\CortexM3\ARM_GCC_484\Debug\PulseGenerator.a(CyLib.o)
 .text.CyILO_Start1K
                0x00000000       0x10 .\CortexM3\ARM_GCC_484\Debug\PulseGenerator.a(CyLib.o)
 .text.CyILO_Stop1K
                0x00000000       0x10 .\CortexM3\ARM_GCC_484\Debug\PulseGenerator.a(CyLib.o)
 .text.CyILO_Start100K
                0x00000000       0x10 .\CortexM3\ARM_GCC_484\Debug\PulseGenerator.a(CyLib.o)
 .text.CyILO_Stop100K
                0x00000000       0x10 .\CortexM3\ARM_GCC_484\Debug\PulseGenerator.a(CyLib.o)
 .text.CyPLL_OUT_Start
                0x00000000       0x80 .\CortexM3\ARM_GCC_484\Debug\PulseGenerator.a(CyLib.o)
 .text.CyIMO_Start
                0x00000000       0x5c .\CortexM3\ARM_GCC_484\Debug\PulseGenerator.a(CyLib.o)
 .text.CyILO_Enable33K
                0x00000000       0x10 .\CortexM3\ARM_GCC_484\Debug\PulseGenerator.a(CyLib.o)
 .text.CyILO_Disable33K
                0x00000000       0x10 .\CortexM3\ARM_GCC_484\Debug\PulseGenerator.a(CyLib.o)
 .text.CyILO_SetSource
                0x00000000       0x18 .\CortexM3\ARM_GCC_484\Debug\PulseGenerator.a(CyLib.o)
 .text.CyILO_SetPowerMode
                0x00000000       0x24 .\CortexM3\ARM_GCC_484\Debug\PulseGenerator.a(CyLib.o)
 .text.CyXTAL_32KHZ_Stop
                0x00000000       0x30 .\CortexM3\ARM_GCC_484\Debug\PulseGenerator.a(CyLib.o)
 .text.CyXTAL_32KHZ_ReadStatus
                0x00000000       0x10 .\CortexM3\ARM_GCC_484\Debug\PulseGenerator.a(CyLib.o)
 .text.CyXTAL_Start
                0x00000000       0xb0 .\CortexM3\ARM_GCC_484\Debug\PulseGenerator.a(CyLib.o)
 .text.CyXTAL_Stop
                0x00000000       0x10 .\CortexM3\ARM_GCC_484\Debug\PulseGenerator.a(CyLib.o)
 .text.CyXTAL_EnableErrStatus
                0x00000000       0x10 .\CortexM3\ARM_GCC_484\Debug\PulseGenerator.a(CyLib.o)
 .text.CyXTAL_DisableErrStatus
                0x00000000       0x10 .\CortexM3\ARM_GCC_484\Debug\PulseGenerator.a(CyLib.o)
 .text.CyXTAL_ReadStatus
                0x00000000       0x18 .\CortexM3\ARM_GCC_484\Debug\PulseGenerator.a(CyLib.o)
 .text.CyXTAL_EnableFaultRecovery
                0x00000000       0x10 .\CortexM3\ARM_GCC_484\Debug\PulseGenerator.a(CyLib.o)
 .text.CyXTAL_DisableFaultRecovery
                0x00000000       0x10 .\CortexM3\ARM_GCC_484\Debug\PulseGenerator.a(CyLib.o)
 .text.CyXTAL_SetStartup
                0x00000000       0x18 .\CortexM3\ARM_GCC_484\Debug\PulseGenerator.a(CyLib.o)
 .text.CyXTAL_SetFbVoltage
                0x00000000       0x18 .\CortexM3\ARM_GCC_484\Debug\PulseGenerator.a(CyLib.o)
 .text.CyXTAL_SetWdVoltage
                0x00000000       0x18 .\CortexM3\ARM_GCC_484\Debug\PulseGenerator.a(CyLib.o)
 .text.CyHalt   0x00000000        0x4 .\CortexM3\ARM_GCC_484\Debug\PulseGenerator.a(CyLib.o)
 .text.CyPLL_OUT_SetPQ
                0x00000000       0x5c .\CortexM3\ARM_GCC_484\Debug\PulseGenerator.a(CyLib.o)
 .text.CyPLL_OUT_SetSource
                0x00000000       0x34 .\CortexM3\ARM_GCC_484\Debug\PulseGenerator.a(CyLib.o)
 .text.CyIMO_SetTrimValue
                0x00000000       0xcc .\CortexM3\ARM_GCC_484\Debug\PulseGenerator.a(CyLib.o)
 .text.CyIMO_SetFreq
                0x00000000       0xf4 .\CortexM3\ARM_GCC_484\Debug\PulseGenerator.a(CyLib.o)
 .text.CyIMO_SetSource
                0x00000000       0x58 .\CortexM3\ARM_GCC_484\Debug\PulseGenerator.a(CyLib.o)
 .text.CySoftwareReset
                0x00000000       0x10 .\CortexM3\ARM_GCC_484\Debug\PulseGenerator.a(CyLib.o)
 .text.CyDelay  0x00000000       0x2c .\CortexM3\ARM_GCC_484\Debug\PulseGenerator.a(CyLib.o)
 .text.CyXTAL_32KHZ_SetPowerMode
                0x00000000       0x84 .\CortexM3\ARM_GCC_484\Debug\PulseGenerator.a(CyLib.o)
 .text.CyXTAL_32KHZ_Start
                0x00000000       0x70 .\CortexM3\ARM_GCC_484\Debug\PulseGenerator.a(CyLib.o)
 .text.CyDelayFreq
                0x00000000       0x50 .\CortexM3\ARM_GCC_484\Debug\PulseGenerator.a(CyLib.o)
 .text.CyWdtStart
                0x00000000       0x40 .\CortexM3\ARM_GCC_484\Debug\PulseGenerator.a(CyLib.o)
 .text.CyWdtClear
                0x00000000        0xc .\CortexM3\ARM_GCC_484\Debug\PulseGenerator.a(CyLib.o)
 .text.CyVdStickyStatus
                0x00000000       0x2c .\CortexM3\ARM_GCC_484\Debug\PulseGenerator.a(CyLib.o)
 .text.CyVdLvDigitEnable
                0x00000000       0x88 .\CortexM3\ARM_GCC_484\Debug\PulseGenerator.a(CyLib.o)
 .text.CyVdLvAnalogEnable
                0x00000000       0x84 .\CortexM3\ARM_GCC_484\Debug\PulseGenerator.a(CyLib.o)
 .text.CyVdLvDigitDisable
                0x00000000       0x30 .\CortexM3\ARM_GCC_484\Debug\PulseGenerator.a(CyLib.o)
 .text.CyVdLvAnalogDisable
                0x00000000       0x2c .\CortexM3\ARM_GCC_484\Debug\PulseGenerator.a(CyLib.o)
 .text.CyVdHvAnalogEnable
                0x00000000       0x54 .\CortexM3\ARM_GCC_484\Debug\PulseGenerator.a(CyLib.o)
 .text.CyVdHvAnalogDisable
                0x00000000       0x20 .\CortexM3\ARM_GCC_484\Debug\PulseGenerator.a(CyLib.o)
 .text.CyVdRealTimeStatus
                0x00000000       0x1c .\CortexM3\ARM_GCC_484\Debug\PulseGenerator.a(CyLib.o)
 .text.CyDisableInts
                0x00000000       0x1c .\CortexM3\ARM_GCC_484\Debug\PulseGenerator.a(CyLib.o)
 .text.CyEnableInts
                0x00000000       0x18 .\CortexM3\ARM_GCC_484\Debug\PulseGenerator.a(CyLib.o)
 .text.CyFlushCache
                0x00000000       0x44 .\CortexM3\ARM_GCC_484\Debug\PulseGenerator.a(CyLib.o)
 .text.CyIntSetSysVector
                0x00000000       0x28 .\CortexM3\ARM_GCC_484\Debug\PulseGenerator.a(CyLib.o)
 .text.CyIntGetSysVector
                0x00000000       0x20 .\CortexM3\ARM_GCC_484\Debug\PulseGenerator.a(CyLib.o)
 .text.CyIntSetVector
                0x00000000       0x28 .\CortexM3\ARM_GCC_484\Debug\PulseGenerator.a(CyLib.o)
 .text.CyIntGetVector
                0x00000000       0x24 .\CortexM3\ARM_GCC_484\Debug\PulseGenerator.a(CyLib.o)
 .text.CyIntSetPriority
                0x00000000       0x30 .\CortexM3\ARM_GCC_484\Debug\PulseGenerator.a(CyLib.o)
 .text.CyIntGetPriority
                0x00000000       0x20 .\CortexM3\ARM_GCC_484\Debug\PulseGenerator.a(CyLib.o)
 .text.CyIntGetState
                0x00000000       0x24 .\CortexM3\ARM_GCC_484\Debug\PulseGenerator.a(CyLib.o)
 .text.CySysTickStop
                0x00000000       0x10 .\CortexM3\ARM_GCC_484\Debug\PulseGenerator.a(CyLib.o)
 .text.CySysTickEnableInterrupt
                0x00000000       0x10 .\CortexM3\ARM_GCC_484\Debug\PulseGenerator.a(CyLib.o)
 .text.CySysTickEnable
                0x00000000       0x18 .\CortexM3\ARM_GCC_484\Debug\PulseGenerator.a(CyLib.o)
 .text.CySysTickDisableInterrupt
                0x00000000       0x10 .\CortexM3\ARM_GCC_484\Debug\PulseGenerator.a(CyLib.o)
 .text.CySysTickSetReload
                0x00000000       0x10 .\CortexM3\ARM_GCC_484\Debug\PulseGenerator.a(CyLib.o)
 .text.CySysTickGetReload
                0x00000000       0x10 .\CortexM3\ARM_GCC_484\Debug\PulseGenerator.a(CyLib.o)
 .text.CySysTickGetValue
                0x00000000       0x10 .\CortexM3\ARM_GCC_484\Debug\PulseGenerator.a(CyLib.o)
 .text.CySysTickSetClockSource
                0x00000000       0x20 .\CortexM3\ARM_GCC_484\Debug\PulseGenerator.a(CyLib.o)
 .text.CySysTickGetCountFlag
                0x00000000       0x10 .\CortexM3\ARM_GCC_484\Debug\PulseGenerator.a(CyLib.o)
 .text.CySysTickServiceCallbacks
                0x00000000       0x28 .\CortexM3\ARM_GCC_484\Debug\PulseGenerator.a(CyLib.o)
 .text.CySysTickClear
                0x00000000        0xc .\CortexM3\ARM_GCC_484\Debug\PulseGenerator.a(CyLib.o)
 .text.CySysTickInit
                0x00000000       0x58 .\CortexM3\ARM_GCC_484\Debug\PulseGenerator.a(CyLib.o)
 .text.CySysTickStart
                0x00000000       0x1c .\CortexM3\ARM_GCC_484\Debug\PulseGenerator.a(CyLib.o)
 .text.CySysTickSetCallback
                0x00000000       0x10 .\CortexM3\ARM_GCC_484\Debug\PulseGenerator.a(CyLib.o)
 .text.CySysTickGetCallback
                0x00000000       0x10 .\CortexM3\ARM_GCC_484\Debug\PulseGenerator.a(CyLib.o)
 .text.CyGetUniqueId
                0x00000000       0x70 .\CortexM3\ARM_GCC_484\Debug\PulseGenerator.a(CyLib.o)
 .text          0x00000000        0x0 .\CortexM3\ARM_GCC_484\Debug\PulseGenerator.a(cyPm.o)
 .data          0x00000000        0x0 .\CortexM3\ARM_GCC_484\Debug\PulseGenerator.a(cyPm.o)
 .bss           0x00000000       0x44 .\CortexM3\ARM_GCC_484\Debug\PulseGenerator.a(cyPm.o)
 .text.CyPmHibSlpSaveSet
                0x00000000      0x1fc .\CortexM3\ARM_GCC_484\Debug\PulseGenerator.a(cyPm.o)
 .text.CyPmHibSlpRestore
                0x00000000       0xd4 .\CortexM3\ARM_GCC_484\Debug\PulseGenerator.a(cyPm.o)
 .text.CyPmHviLviSaveDisable
                0x00000000       0xa0 .\CortexM3\ARM_GCC_484\Debug\PulseGenerator.a(cyPm.o)
 .text.CyPmHibSaveSet
                0x00000000       0x8c .\CortexM3\ARM_GCC_484\Debug\PulseGenerator.a(cyPm.o)
 .text.CyPmHviLviRestore
                0x00000000       0x48 .\CortexM3\ARM_GCC_484\Debug\PulseGenerator.a(cyPm.o)
 .text.CyPmHibRestore
                0x00000000       0x58 .\CortexM3\ARM_GCC_484\Debug\PulseGenerator.a(cyPm.o)
 .text.CyPmSaveClocks
                0x00000000      0x218 .\CortexM3\ARM_GCC_484\Debug\PulseGenerator.a(cyPm.o)
 .text.CyPmRestoreClocks
                0x00000000      0x24c .\CortexM3\ARM_GCC_484\Debug\PulseGenerator.a(cyPm.o)
 .text.CyPmAltAct
                0x00000000       0x6c .\CortexM3\ARM_GCC_484\Debug\PulseGenerator.a(cyPm.o)
 .text.CyPmSleep
                0x00000000       0xf4 .\CortexM3\ARM_GCC_484\Debug\PulseGenerator.a(cyPm.o)
 .text.CyPmHibernateEx
                0x00000000       0xf0 .\CortexM3\ARM_GCC_484\Debug\PulseGenerator.a(cyPm.o)
 .text.CyPmHibernate
                0x00000000        0xc .\CortexM3\ARM_GCC_484\Debug\PulseGenerator.a(cyPm.o)
 .text.CyPmReadStatus
                0x00000000       0x30 .\CortexM3\ARM_GCC_484\Debug\PulseGenerator.a(cyPm.o)
 .text.CyPmCtwSetInterval
                0x00000000       0x5c .\CortexM3\ARM_GCC_484\Debug\PulseGenerator.a(cyPm.o)
 .text.CyPmOppsSet
                0x00000000       0x2c .\CortexM3\ARM_GCC_484\Debug\PulseGenerator.a(cyPm.o)
 .text.CyPmFtwSetInterval
                0x00000000       0x5c .\CortexM3\ARM_GCC_484\Debug\PulseGenerator.a(cyPm.o)
 .rodata        0x00000000       0x10 .\CortexM3\ARM_GCC_484\Debug\PulseGenerator.a(cyPm.o)
 .text          0x00000000        0x0 .\CortexM3\ARM_GCC_484\Debug\PulseGenerator.a(Timer1.o)
 .data          0x00000000        0x0 .\CortexM3\ARM_GCC_484\Debug\PulseGenerator.a(Timer1.o)
 .text.Timer1_Stop
                0x00000000       0x10 .\CortexM3\ARM_GCC_484\Debug\PulseGenerator.a(Timer1.o)
 .text.Timer1_SoftwareCapture
                0x00000000        0xc .\CortexM3\ARM_GCC_484\Debug\PulseGenerator.a(Timer1.o)
 .text.Timer1_ReadControlRegister
                0x00000000        0xc .\CortexM3\ARM_GCC_484\Debug\PulseGenerator.a(Timer1.o)
 .text.Timer1_WriteControlRegister
                0x00000000        0xc .\CortexM3\ARM_GCC_484\Debug\PulseGenerator.a(Timer1.o)
 .text.Timer1_ReadPeriod
                0x00000000        0xc .\CortexM3\ARM_GCC_484\Debug\PulseGenerator.a(Timer1.o)
 .text.Timer1_ReadCounter
                0x00000000       0x14 .\CortexM3\ARM_GCC_484\Debug\PulseGenerator.a(Timer1.o)
 .text          0x00000000        0x0 .\CortexM3\ARM_GCC_484\Debug\PulseGenerator.a(CyFlash.o)
 .data          0x00000000        0x0 .\CortexM3\ARM_GCC_484\Debug\PulseGenerator.a(CyFlash.o)
 .bss           0x00000000        0x4 .\CortexM3\ARM_GCC_484\Debug\PulseGenerator.a(CyFlash.o)
 .text.CyFlashGetSpcAlgorithm
                0x00000000       0x50 .\CortexM3\ARM_GCC_484\Debug\PulseGenerator.a(CyFlash.o)
 .text.CySetTempInt
                0x00000000       0x68 .\CortexM3\ARM_GCC_484\Debug\PulseGenerator.a(CyFlash.o)
 .text.CyFlash_Start
                0x00000000       0x50 .\CortexM3\ARM_GCC_484\Debug\PulseGenerator.a(CyFlash.o)
 .text.CyFlash_Stop
                0x00000000       0x24 .\CortexM3\ARM_GCC_484\Debug\PulseGenerator.a(CyFlash.o)
 .text.CySetTemp
                0x00000000       0x14 .\CortexM3\ARM_GCC_484\Debug\PulseGenerator.a(CyFlash.o)
 .text.CySetFlashEEBuffer
                0x00000000       0x28 .\CortexM3\ARM_GCC_484\Debug\PulseGenerator.a(CyFlash.o)
 .text.CyWriteRowFull
                0x00000000      0x104 .\CortexM3\ARM_GCC_484\Debug\PulseGenerator.a(CyFlash.o)
 .text.CyWriteRowData
                0x00000000       0x14 .\CortexM3\ARM_GCC_484\Debug\PulseGenerator.a(CyFlash.o)
 .text.CyFlash_SetWaitCycles
                0x00000000       0x7c .\CortexM3\ARM_GCC_484\Debug\PulseGenerator.a(CyFlash.o)
 .text.CyEEPROM_Start
                0x00000000       0x50 .\CortexM3\ARM_GCC_484\Debug\PulseGenerator.a(CyFlash.o)
 .text.CyEEPROM_Stop
                0x00000000       0x24 .\CortexM3\ARM_GCC_484\Debug\PulseGenerator.a(CyFlash.o)
 .text.CyEEPROM_ReadReserve
                0x00000000       0x1c .\CortexM3\ARM_GCC_484\Debug\PulseGenerator.a(CyFlash.o)
 .text.CyEEPROM_ReadRelease
                0x00000000       0x10 .\CortexM3\ARM_GCC_484\Debug\PulseGenerator.a(CyFlash.o)
 COMMON         0x00000000        0x2 .\CortexM3\ARM_GCC_484\Debug\PulseGenerator.a(CyFlash.o)
 .text          0x00000000        0x0 .\CortexM3\ARM_GCC_484\Debug\PulseGenerator.a(CySpc.o)
 .data          0x00000000        0x0 .\CortexM3\ARM_GCC_484\Debug\PulseGenerator.a(CySpc.o)
 .bss           0x00000000        0x8 .\CortexM3\ARM_GCC_484\Debug\PulseGenerator.a(CySpc.o)
 .text.CySpcStart
                0x00000000       0x24 .\CortexM3\ARM_GCC_484\Debug\PulseGenerator.a(CySpc.o)
 .text.CySpcStop
                0x00000000       0x24 .\CortexM3\ARM_GCC_484\Debug\PulseGenerator.a(CySpc.o)
 .text.CySpcReadData
                0x00000000       0x44 .\CortexM3\ARM_GCC_484\Debug\PulseGenerator.a(CySpc.o)
 .text.CySpcLoadMultiByte
                0x00000000       0x78 .\CortexM3\ARM_GCC_484\Debug\PulseGenerator.a(CySpc.o)
 .text.CySpcLoadRow
                0x00000000       0x54 .\CortexM3\ARM_GCC_484\Debug\PulseGenerator.a(CySpc.o)
 .text.CySpcLoadRowFull
                0x00000000       0x80 .\CortexM3\ARM_GCC_484\Debug\PulseGenerator.a(CySpc.o)
 .text.CySpcWriteRow
                0x00000000       0x4c .\CortexM3\ARM_GCC_484\Debug\PulseGenerator.a(CySpc.o)
 .text.CySpcEraseSector
                0x00000000       0x3c .\CortexM3\ARM_GCC_484\Debug\PulseGenerator.a(CySpc.o)
 .text.CySpcGetTemp
                0x00000000       0x3c .\CortexM3\ARM_GCC_484\Debug\PulseGenerator.a(CySpc.o)
 .text.CySpcLock
                0x00000000       0x4c .\CortexM3\ARM_GCC_484\Debug\PulseGenerator.a(CySpc.o)
 .text.CySpcUnlock
                0x00000000       0x38 .\CortexM3\ARM_GCC_484\Debug\PulseGenerator.a(CySpc.o)
 .text.CySpcGetAlgorithm
                0x00000000       0x28 .\CortexM3\ARM_GCC_484\Debug\PulseGenerator.a(CySpc.o)
 .text          0x00000000        0x0 c:/program files (x86)/cypress/psoc creator/3.2/psoc creator/import/gnu/arm/4.8.4/bin/../lib/gcc/arm-none-eabi/4.8.4/../../../../arm-none-eabi/lib/armv7-m\libg_s.a(lib_a-errno.o)
 .data          0x00000000        0x0 c:/program files (x86)/cypress/psoc creator/3.2/psoc creator/import/gnu/arm/4.8.4/bin/../lib/gcc/arm-none-eabi/4.8.4/../../../../arm-none-eabi/lib/armv7-m\libg_s.a(lib_a-errno.o)
 .bss           0x00000000        0x0 c:/program files (x86)/cypress/psoc creator/3.2/psoc creator/import/gnu/arm/4.8.4/bin/../lib/gcc/arm-none-eabi/4.8.4/../../../../arm-none-eabi/lib/armv7-m\libg_s.a(lib_a-errno.o)
 .text.__errno  0x00000000        0xc c:/program files (x86)/cypress/psoc creator/3.2/psoc creator/import/gnu/arm/4.8.4/bin/../lib/gcc/arm-none-eabi/4.8.4/../../../../arm-none-eabi/lib/armv7-m\libg_s.a(lib_a-errno.o)
 .text          0x00000000        0x0 c:/program files (x86)/cypress/psoc creator/3.2/psoc creator/import/gnu/arm/4.8.4/bin/../lib/gcc/arm-none-eabi/4.8.4/../../../../arm-none-eabi/lib/armv7-m\libg_s.a(lib_a-exit.o)
 .data          0x00000000        0x0 c:/program files (x86)/cypress/psoc creator/3.2/psoc creator/import/gnu/arm/4.8.4/bin/../lib/gcc/arm-none-eabi/4.8.4/../../../../arm-none-eabi/lib/armv7-m\libg_s.a(lib_a-exit.o)
 .bss           0x00000000        0x0 c:/program files (x86)/cypress/psoc creator/3.2/psoc creator/import/gnu/arm/4.8.4/bin/../lib/gcc/arm-none-eabi/4.8.4/../../../../arm-none-eabi/lib/armv7-m\libg_s.a(lib_a-exit.o)
 .text.exit     0x00000000       0x28 c:/program files (x86)/cypress/psoc creator/3.2/psoc creator/import/gnu/arm/4.8.4/bin/../lib/gcc/arm-none-eabi/4.8.4/../../../../arm-none-eabi/lib/armv7-m\libg_s.a(lib_a-exit.o)
 .text          0x00000000        0x0 c:/program files (x86)/cypress/psoc creator/3.2/psoc creator/import/gnu/arm/4.8.4/bin/../lib/gcc/arm-none-eabi/4.8.4/../../../../arm-none-eabi/lib/armv7-m\libg_s.a(lib_a-impure.o)
 .data          0x00000000        0x0 c:/program files (x86)/cypress/psoc creator/3.2/psoc creator/import/gnu/arm/4.8.4/bin/../lib/gcc/arm-none-eabi/4.8.4/../../../../arm-none-eabi/lib/armv7-m\libg_s.a(lib_a-impure.o)
 .bss           0x00000000        0x0 c:/program files (x86)/cypress/psoc creator/3.2/psoc creator/import/gnu/arm/4.8.4/bin/../lib/gcc/arm-none-eabi/4.8.4/../../../../arm-none-eabi/lib/armv7-m\libg_s.a(lib_a-impure.o)
 .data.impure_data
                0x00000000       0x60 c:/program files (x86)/cypress/psoc creator/3.2/psoc creator/import/gnu/arm/4.8.4/bin/../lib/gcc/arm-none-eabi/4.8.4/../../../../arm-none-eabi/lib/armv7-m\libg_s.a(lib_a-impure.o)
 .data._impure_ptr
                0x00000000        0x4 c:/program files (x86)/cypress/psoc creator/3.2/psoc creator/import/gnu/arm/4.8.4/bin/../lib/gcc/arm-none-eabi/4.8.4/../../../../arm-none-eabi/lib/armv7-m\libg_s.a(lib_a-impure.o)
 .rodata.str1.1
                0x00000000        0x2 c:/program files (x86)/cypress/psoc creator/3.2/psoc creator/import/gnu/arm/4.8.4/bin/../lib/gcc/arm-none-eabi/4.8.4/../../../../arm-none-eabi/lib/armv7-m\libg_s.a(lib_a-impure.o)
 .rodata._global_impure_ptr
                0x00000000        0x4 c:/program files (x86)/cypress/psoc creator/3.2/psoc creator/import/gnu/arm/4.8.4/bin/../lib/gcc/arm-none-eabi/4.8.4/../../../../arm-none-eabi/lib/armv7-m\libg_s.a(lib_a-impure.o)
 .text          0x00000000        0x0 c:/program files (x86)/cypress/psoc creator/3.2/psoc creator/import/gnu/arm/4.8.4/bin/../lib/gcc/arm-none-eabi/4.8.4/../../../../arm-none-eabi/lib/armv7-m\libg_s.a(lib_a-init.o)
 .data          0x00000000        0x0 c:/program files (x86)/cypress/psoc creator/3.2/psoc creator/import/gnu/arm/4.8.4/bin/../lib/gcc/arm-none-eabi/4.8.4/../../../../arm-none-eabi/lib/armv7-m\libg_s.a(lib_a-init.o)
 .bss           0x00000000        0x0 c:/program files (x86)/cypress/psoc creator/3.2/psoc creator/import/gnu/arm/4.8.4/bin/../lib/gcc/arm-none-eabi/4.8.4/../../../../arm-none-eabi/lib/armv7-m\libg_s.a(lib_a-init.o)
 .text          0x00000000        0x0 c:/program files (x86)/cypress/psoc creator/3.2/psoc creator/import/gnu/arm/4.8.4/bin/../lib/gcc/arm-none-eabi/4.8.4/../../../../arm-none-eabi/lib/armv7-m\libg_s.a(lib_a-memcpy-stub.o)
 .data          0x00000000        0x0 c:/program files (x86)/cypress/psoc creator/3.2/psoc creator/import/gnu/arm/4.8.4/bin/../lib/gcc/arm-none-eabi/4.8.4/../../../../arm-none-eabi/lib/armv7-m\libg_s.a(lib_a-memcpy-stub.o)
 .bss           0x00000000        0x0 c:/program files (x86)/cypress/psoc creator/3.2/psoc creator/import/gnu/arm/4.8.4/bin/../lib/gcc/arm-none-eabi/4.8.4/../../../../arm-none-eabi/lib/armv7-m\libg_s.a(lib_a-memcpy-stub.o)
 .text          0x00000000        0x0 c:/program files (x86)/cypress/psoc creator/3.2/psoc creator/import/gnu/arm/4.8.4/bin/../lib/gcc/arm-none-eabi/4.8.4/../../../../arm-none-eabi/lib/armv7-m\libg_s.a(lib_a-memset.o)
 .data          0x00000000        0x0 c:/program files (x86)/cypress/psoc creator/3.2/psoc creator/import/gnu/arm/4.8.4/bin/../lib/gcc/arm-none-eabi/4.8.4/../../../../arm-none-eabi/lib/armv7-m\libg_s.a(lib_a-memset.o)
 .bss           0x00000000        0x0 c:/program files (x86)/cypress/psoc creator/3.2/psoc creator/import/gnu/arm/4.8.4/bin/../lib/gcc/arm-none-eabi/4.8.4/../../../../arm-none-eabi/lib/armv7-m\libg_s.a(lib_a-memset.o)
 .text          0x00000000        0x0 c:/program files (x86)/cypress/psoc creator/3.2/psoc creator/import/gnu/arm/4.8.4/bin/../lib/gcc/arm-none-eabi/4.8.4/armv7-m/crtend.o
 .data          0x00000000        0x0 c:/program files (x86)/cypress/psoc creator/3.2/psoc creator/import/gnu/arm/4.8.4/bin/../lib/gcc/arm-none-eabi/4.8.4/armv7-m/crtend.o
 .bss           0x00000000        0x0 c:/program files (x86)/cypress/psoc creator/3.2/psoc creator/import/gnu/arm/4.8.4/bin/../lib/gcc/arm-none-eabi/4.8.4/armv7-m/crtend.o
 .text          0x00000000        0x0 c:/program files (x86)/cypress/psoc creator/3.2/psoc creator/import/gnu/arm/4.8.4/bin/../lib/gcc/arm-none-eabi/4.8.4/armv7-m/crtn.o
 .data          0x00000000        0x0 c:/program files (x86)/cypress/psoc creator/3.2/psoc creator/import/gnu/arm/4.8.4/bin/../lib/gcc/arm-none-eabi/4.8.4/armv7-m/crtn.o
 .bss           0x00000000        0x0 c:/program files (x86)/cypress/psoc creator/3.2/psoc creator/import/gnu/arm/4.8.4/bin/../lib/gcc/arm-none-eabi/4.8.4/armv7-m/crtn.o

Memory Configuration

Name             Origin             Length             Attributes
rom              0x00000000         0x00040000         xr
ram              0x1fff8000         0x00010000         xrw
*default*        0x00000000         0xffffffff

Linker script and memory map

LOAD c:/program files (x86)/cypress/psoc creator/3.2/psoc creator/import/gnu/arm/4.8.4/bin/../lib/gcc/arm-none-eabi/4.8.4/armv7-m/crti.o
LOAD c:/program files (x86)/cypress/psoc creator/3.2/psoc creator/import/gnu/arm/4.8.4/bin/../lib/gcc/arm-none-eabi/4.8.4/armv7-m/crtbegin.o
LOAD c:/program files (x86)/cypress/psoc creator/3.2/psoc creator/import/gnu/arm/4.8.4/bin/../lib/gcc/arm-none-eabi/4.8.4/../../../../arm-none-eabi/lib/armv7-m/crt0.o
START GROUP
LOAD .\CortexM3\ARM_GCC_484\Debug\main.o
LOAD .\CortexM3\ARM_GCC_484\Debug\cymetadata.o
LOAD .\CortexM3\ARM_GCC_484\Debug\Cm3Start.o
LOAD .\CortexM3\ARM_GCC_484\Debug\PulseGenerator.a
LOAD C:\Program Files (x86)\Cypress\PSoC Creator\3.2\PSoC Creator\psoc\content\cycomponentlibrary\CyComponentLibrary.cylib\CortexM3\ARM_GCC_484\Debug\CyComponentLibrary.a
END GROUP
START GROUP
LOAD c:/program files (x86)/cypress/psoc creator/3.2/psoc creator/import/gnu/arm/4.8.4/bin/../lib/gcc/arm-none-eabi/4.8.4/armv7-m\libgcc.a
LOAD c:/program files (x86)/cypress/psoc creator/3.2/psoc creator/import/gnu/arm/4.8.4/bin/../lib/gcc/arm-none-eabi/4.8.4/../../../../arm-none-eabi/lib/armv7-m\libg_s.a
LOAD c:/program files (x86)/cypress/psoc creator/3.2/psoc creator/import/gnu/arm/4.8.4/bin/../lib/gcc/arm-none-eabi/4.8.4/../../../../arm-none-eabi/lib/armv7-m\libc_s.a
END GROUP
START GROUP
LOAD c:/program files (x86)/cypress/psoc creator/3.2/psoc creator/import/gnu/arm/4.8.4/bin/../lib/gcc/arm-none-eabi/4.8.4/armv7-m\libgcc.a
LOAD c:/program files (x86)/cypress/psoc creator/3.2/psoc creator/import/gnu/arm/4.8.4/bin/../lib/gcc/arm-none-eabi/4.8.4/../../../../arm-none-eabi/lib/armv7-m\libc_s.a
END GROUP
LOAD c:/program files (x86)/cypress/psoc creator/3.2/psoc creator/import/gnu/arm/4.8.4/bin/../lib/gcc/arm-none-eabi/4.8.4/armv7-m/crtend.o
LOAD c:/program files (x86)/cypress/psoc creator/3.2/psoc creator/import/gnu/arm/4.8.4/bin/../lib/gcc/arm-none-eabi/4.8.4/armv7-m/crtn.o
START GROUP
LOAD c:/program files (x86)/cypress/psoc creator/3.2/psoc creator/import/gnu/arm/4.8.4/bin/../lib/gcc/arm-none-eabi/4.8.4/armv7-m\libgcc.a
LOAD c:/program files (x86)/cypress/psoc creator/3.2/psoc creator/import/gnu/arm/4.8.4/bin/../lib/gcc/arm-none-eabi/4.8.4/../../../../arm-none-eabi/lib/armv7-m\libc.a
LOAD c:/program files (x86)/cypress/psoc creator/3.2/psoc creator/import/gnu/arm/4.8.4/bin/../lib/gcc/arm-none-eabi/4.8.4/../../../../arm-none-eabi/lib/armv7-m\libnosys.a
END GROUP
                0x00000000                CY_APPL_ORIGIN = 0x0
                0x00000100                CY_FLASH_ROW_SIZE = 0x100
                0x00000020                CY_ECC_ROW_SIZE = 0x20
                0x00000000                CY_EE_IN_BTLDR = 0x0
                0x00000000                CY_APPL_LOADABLE = 0x0
                0x00000800                CY_EE_SIZE = 0x800
                0x00000001                CY_APPL_NUM = 0x1
                0x00000001                CY_APPL_MAX = 0x1
                0x00000040                CY_METADATA_SIZE = 0x40
                0x1fff8140                PROVIDE (__cy_heap_start, _end)
                0x00000001                PROVIDE (__cy_region_num, ((__cy_regions_end - __cy_regions) / 0x10))
                0x20008000                PROVIDE (__cy_stack, (ORIGIN (ram) + 0x10000))
                0x20007800                PROVIDE (__cy_heap_end, (__cy_stack - 0x800))

.cybootloader   0x00000000        0x0
 *(.cybootloader)
                0x00000000                appl1_start = CY_APPL_ORIGIN?CY_APPL_ORIGIN:ALIGN (CY_FLASH_ROW_SIZE)
                0x0001ff00                appl2_start = (appl1_start + ALIGN ((((0x40000 - appl1_start) - (0x2 * CY_FLASH_ROW_SIZE)) / 0x2), CY_FLASH_ROW_SIZE))
                0x00000000                appl_start = (CY_APPL_NUM == 0x1)?appl1_start:appl2_start
                0x00000000                ecc_offset = ((appl_start / CY_FLASH_ROW_SIZE) * CY_ECC_ROW_SIZE)
                0x00000000                ee_offset = (CY_APPL_LOADABLE && ! (CY_EE_IN_BTLDR))?((CY_EE_SIZE / CY_APPL_MAX) * (CY_APPL_NUM - 0x1)):0x0
                0x00000800                ee_size = (CY_APPL_LOADABLE && ! (CY_EE_IN_BTLDR))?(CY_EE_SIZE / CY_APPL_MAX):CY_EE_SIZE
                0x00000000                PROVIDE (CY_ECC_OFFSET, ecc_offset)

.text           0x00000000      0x4ae
 CREATE_OBJECT_SYMBOLS
                0x00000000                PROVIDE (__cy_interrupt_vector, RomVectors)
 *(.romvectors)
 .romvectors    0x00000000       0x10 .\CortexM3\ARM_GCC_484\Debug\Cm3Start.o
                0x00000000                RomVectors
                0x00000001                ASSERT ((. != __cy_interrupt_vector), No interrupt vector)
                0x00000001                ASSERT (CY_APPL_ORIGIN?(SIZEOF (.cybootloader) <= CY_APPL_ORIGIN):0x1, Wrong image location)
                0x00000010                PROVIDE (__cy_reset, Reset)
 *(.text.Reset)
 .text.Reset    0x00000010       0x18 .\CortexM3\ARM_GCC_484\Debug\Cm3Start.o
                0x00000010                Reset
                0x00000001                ASSERT ((. != __cy_reset), No reset code)
 *(.dma_init)
                0x00000001                ASSERT ((((appl_start + .) <= 0x10000) || 0x1), DMA Init must be within the first 64k of flash)
 *(.text .text.* .gnu.linkonce.t.*)
 .text          0x00000028       0x54 c:/program files (x86)/cypress/psoc creator/3.2/psoc creator/import/gnu/arm/4.8.4/bin/../lib/gcc/arm-none-eabi/4.8.4/armv7-m/crtbegin.o
 .text.main     0x0000007c       0x1c .\CortexM3\ARM_GCC_484\Debug\main.o
                0x0000007c                main
 .text.IntDefaultHandler
                0x00000098        0x4 .\CortexM3\ARM_GCC_484\Debug\Cm3Start.o
                0x00000098                IntDefaultHandler
 .text.Start_c  0x0000009c       0x4c .\CortexM3\ARM_GCC_484\Debug\Cm3Start.o
                0x0000009c                Start_c
 .text.initialize_psoc
                0x000000e8       0x70 .\CortexM3\ARM_GCC_484\Debug\Cm3Start.o
                0x000000e8                initialize_psoc
 .text.CyClockStartupError
                0x00000158        0x4 .\CortexM3\ARM_GCC_484\Debug\PulseGenerator.a(cyfitter_cfg.o)
 .text.cfg_write_bytes32
                0x0000015c       0x34 .\CortexM3\ARM_GCC_484\Debug\PulseGenerator.a(cyfitter_cfg.o)
 .text.AnalogSetDefault
                0x00000190       0x28 .\CortexM3\ARM_GCC_484\Debug\PulseGenerator.a(cyfitter_cfg.o)
 .text.CYMEMZERO
                0x000001b8        0xc .\CortexM3\ARM_GCC_484\Debug\PulseGenerator.a(cyfitter_cfg.o)
 .text.ClockSetup
                0x000001c4       0xb8 .\CortexM3\ARM_GCC_484\Debug\PulseGenerator.a(cyfitter_cfg.o)
 .text.CYCONFIGCPY
                0x0000027c        0x8 .\CortexM3\ARM_GCC_484\Debug\PulseGenerator.a(cyfitter_cfg.o)
 .text.cyfitter_cfg
                0x00000284       0xc4 .\CortexM3\ARM_GCC_484\Debug\PulseGenerator.a(cyfitter_cfg.o)
                0x00000284                cyfitter_cfg
 .text.TrigPulseTrain_Write
                0x00000348        0xc .\CortexM3\ARM_GCC_484\Debug\PulseGenerator.a(TrigPulseTrain.o)
                0x00000348                TrigPulseTrain_Write
 *fill*         0x00000354        0x4 
 .text          0x00000358       0x28 .\CortexM3\ARM_GCC_484\Debug\PulseGenerator.a(CyBootAsmGnu.o)
                0x00000358                CyDelayCycles
                0x0000036c                CyEnterCriticalSection
                0x00000374                CyExitCriticalSection
 .text.CyDelayUs
                0x00000380       0x14 .\CortexM3\ARM_GCC_484\Debug\PulseGenerator.a(CyLib.o)
                0x00000380                CyDelayUs
 .text.Timer1_Enable
                0x00000394       0x10 .\CortexM3\ARM_GCC_484\Debug\PulseGenerator.a(Timer1.o)
                0x00000394                Timer1_Enable
 .text.Timer1_SetInterruptMode
                0x000003a4        0xc .\CortexM3\ARM_GCC_484\Debug\PulseGenerator.a(Timer1.o)
                0x000003a4                Timer1_SetInterruptMode
 .text.Timer1_ReadStatusRegister
                0x000003b0        0xc .\CortexM3\ARM_GCC_484\Debug\PulseGenerator.a(Timer1.o)
                0x000003b0                Timer1_ReadStatusRegister
 .text.Timer1_WritePeriod
                0x000003bc        0xc .\CortexM3\ARM_GCC_484\Debug\PulseGenerator.a(Timer1.o)
                0x000003bc                Timer1_WritePeriod
 .text.Timer1_ReadCapture
                0x000003c8        0xc .\CortexM3\ARM_GCC_484\Debug\PulseGenerator.a(Timer1.o)
                0x000003c8                Timer1_ReadCapture
 .text.Timer1_WriteCounter
                0x000003d4        0xc .\CortexM3\ARM_GCC_484\Debug\PulseGenerator.a(Timer1.o)
                0x000003d4                Timer1_WriteCounter
 .text.Timer1_ClearFIFO
                0x000003e0       0x14 .\CortexM3\ARM_GCC_484\Debug\PulseGenerator.a(Timer1.o)
                0x000003e0                Timer1_ClearFIFO
 .text.Timer1_Init
                0x000003f4       0x30 .\CortexM3\ARM_GCC_484\Debug\PulseGenerator.a(Timer1.o)
                0x000003f4                Timer1_Init
 .text.Timer1_Start
                0x00000424       0x1c .\CortexM3\ARM_GCC_484\Debug\PulseGenerator.a(Timer1.o)
                0x00000424                Timer1_Start
 .text.__libc_init_array
                0x00000440       0x4c c:/program files (x86)/cypress/psoc creator/3.2/psoc creator/import/gnu/arm/4.8.4/bin/../lib/gcc/arm-none-eabi/4.8.4/../../../../arm-none-eabi/lib/armv7-m\libg_s.a(lib_a-init.o)
                0x00000440                __libc_init_array
 .text.memcpy   0x0000048c       0x12 c:/program files (x86)/cypress/psoc creator/3.2/psoc creator/import/gnu/arm/4.8.4/bin/../lib/gcc/arm-none-eabi/4.8.4/../../../../arm-none-eabi/lib/armv7-m\libg_s.a(lib_a-memcpy-stub.o)
                0x0000048c                memcpy
 .text.memset   0x0000049e       0x10 c:/program files (x86)/cypress/psoc creator/3.2/psoc creator/import/gnu/arm/4.8.4/bin/../lib/gcc/arm-none-eabi/4.8.4/../../../../arm-none-eabi/lib/armv7-m\libg_s.a(lib_a-memset.o)
                0x0000049e                memset
 *(.plt)
 *(.gnu.warning)
 *(.glue_7t)
 .glue_7t       0x00000000        0x0 linker stubs
 *(.glue_7)
 .glue_7        0x00000000        0x0 linker stubs
 *(.vfp11_veneer)
 .vfp11_veneer  0x00000000        0x0 linker stubs
 *(.bootloader)
 *(.ARM.extab* .gnu.linkonce.armextab.*)
 *(.gcc_except_table)

.v4_bx          0x000004b0        0x0
 .v4_bx         0x00000000        0x0 linker stubs

.iplt           0x000004b0        0x0
 .iplt          0x00000000        0x0 c:/program files (x86)/cypress/psoc creator/3.2/psoc creator/import/gnu/arm/4.8.4/bin/../lib/gcc/arm-none-eabi/4.8.4/armv7-m/crtbegin.o

.eh_frame_hdr
 *(.eh_frame_hdr)

.eh_frame       0x000004b0        0x4
 *(.eh_frame)
 .eh_frame      0x000004b0        0x0 c:/program files (x86)/cypress/psoc creator/3.2/psoc creator/import/gnu/arm/4.8.4/bin/../lib/gcc/arm-none-eabi/4.8.4/armv7-m/crtbegin.o
 .eh_frame      0x000004b0        0x4 c:/program files (x86)/cypress/psoc creator/3.2/psoc creator/import/gnu/arm/4.8.4/bin/../lib/gcc/arm-none-eabi/4.8.4/armv7-m/crtend.o
                0x000004b4                PROVIDE (__exidx_start, .)

.ARM.exidx
 *(.ARM.exidx* .gnu.linkonce.armexidx.*)
                0x000004b4                __exidx_end = .

.rodata         0x000004b4       0x6c
 *(.rodata .rodata.* .gnu.linkonce.r.*)
 .rodata        0x000004b4       0x38 .\CortexM3\ARM_GCC_484\Debug\PulseGenerator.a(cyfitter_cfg.o)
                0x000004ec                . = ALIGN (0x4)
 *(.init)
 .init          0x000004ec        0x4 c:/program files (x86)/cypress/psoc creator/3.2/psoc creator/import/gnu/arm/4.8.4/bin/../lib/gcc/arm-none-eabi/4.8.4/armv7-m/crti.o
                0x000004ec                _init
 .init          0x000004f0        0x8 c:/program files (x86)/cypress/psoc creator/3.2/psoc creator/import/gnu/arm/4.8.4/bin/../lib/gcc/arm-none-eabi/4.8.4/armv7-m/crtn.o
                0x000004f8                . = ALIGN (0x4)
                0x000004f8                __preinit_array_start = .
 *(.preinit_array)
                0x000004f8                __preinit_array_end = .
                0x000004f8                . = ALIGN (0x4)
                0x000004f8                __init_array_start = .
 *(SORT(.init_array.*))
 *(.init_array)
 .init_array    0x000004f8        0x4 c:/program files (x86)/cypress/psoc creator/3.2/psoc creator/import/gnu/arm/4.8.4/bin/../lib/gcc/arm-none-eabi/4.8.4/armv7-m/crtbegin.o
 .init_array    0x000004fc        0x4 .\CortexM3\ARM_GCC_484\Debug\Cm3Start.o
                0x00000500                __init_array_end = .
                0x00000500                . = ALIGN (0x4)
 *(.fini)
 .fini          0x00000500        0x4 c:/program files (x86)/cypress/psoc creator/3.2/psoc creator/import/gnu/arm/4.8.4/bin/../lib/gcc/arm-none-eabi/4.8.4/armv7-m/crti.o
                0x00000500                _fini
 .fini          0x00000504        0x8 c:/program files (x86)/cypress/psoc creator/3.2/psoc creator/import/gnu/arm/4.8.4/bin/../lib/gcc/arm-none-eabi/4.8.4/armv7-m/crtn.o
                0x0000050c                . = ALIGN (0x4)
                0x0000050c                __fini_array_start = .
 *(.fini_array)
 .fini_array    0x0000050c        0x4 c:/program files (x86)/cypress/psoc creator/3.2/psoc creator/import/gnu/arm/4.8.4/bin/../lib/gcc/arm-none-eabi/4.8.4/armv7-m/crtbegin.o
 *(SORT(.fini_array.*))
                0x00000510                __fini_array_end = .
                0x00000510                . = ALIGN (0x4)
 *crtbegin.o(.ctors)
 *(EXCLUDE_FILE(*crtend.o) .ctors)
 *(SORT(.ctors.*))
 *crtend.o(.ctors)
                0x00000510                . = ALIGN (0x4)
 *crtbegin.o(.dtors)
 *(EXCLUDE_FILE(*crtend.o) .dtors)
 *(SORT(.dtors.*))
 *crtend.o(.dtors)
                0x00000510                . = ALIGN (0x4)
                0x00000510                __cy_regions = .
                0x00000510        0x4 LONG 0x520 __cy_region_init_ram
                0x00000514        0x4 LONG 0x1fff8108 __cy_region_start_data
                0x00000518        0x4 LONG 0x18 __cy_region_init_size_ram
                0x0000051c        0x4 LONG 0x20 __cy_region_zero_size_ram
                0x00000520                __cy_regions_end = .
                0x00000520                . = ALIGN (0x8)
                0x00000520                _etext = .

.ramvectors     0x1fff8000      0x100
                0x1fff8000                __cy_region_start_ram = .
 *(.ramvectors)
 .ramvectors    0x1fff8000      0x100 .\CortexM3\ARM_GCC_484\Debug\Cm3Start.o
                0x1fff8000                CyRamVectors

.noinit         0x1fff8100        0x5
 *(.noinit)
 .noinit        0x1fff8100        0x4 .\CortexM3\ARM_GCC_484\Debug\Cm3Start.o
 .noinit        0x1fff8104        0x1 .\CortexM3\ARM_GCC_484\Debug\PulseGenerator.a(CyLib.o)
                0x1fff8104                CyResetStatus

.data           0x1fff8108       0x18 load address 0x00000520
                0x1fff8108                __cy_region_start_data = .
 *(.jcr)
 .jcr           0x1fff8108        0x0 c:/program files (x86)/cypress/psoc creator/3.2/psoc creator/import/gnu/arm/4.8.4/bin/../lib/gcc/arm-none-eabi/4.8.4/armv7-m/crtbegin.o
 .jcr           0x1fff8108        0x4 c:/program files (x86)/cypress/psoc creator/3.2/psoc creator/import/gnu/arm/4.8.4/bin/../lib/gcc/arm-none-eabi/4.8.4/armv7-m/crtend.o
 *(.got.plt)
 *(.got)
 *(.shdata)
 *(.data .data.* .gnu.linkonce.d.*)
 .data          0x1fff810c       0x10 .\CortexM3\ARM_GCC_484\Debug\PulseGenerator.a(CyLib.o)
                0x1fff810c                cydelay_32k_ms
                0x1fff8110                cydelay_freq_khz
                0x1fff8114                cydelay_freq_mhz
                0x1fff8118                cydelay_freq_hz
                0x1fff8120                . = ALIGN (0x8)
 *fill*         0x1fff811c        0x4 
 *(.ram)
                0x1fff8120                _edata = .

.igot.plt       0x1fff8120        0x0 load address 0x00000538
 .igot.plt      0x00000000        0x0 c:/program files (x86)/cypress/psoc creator/3.2/psoc creator/import/gnu/arm/4.8.4/bin/../lib/gcc/arm-none-eabi/4.8.4/armv7-m/crtbegin.o

.bss            0x1fff8120       0x20 load address 0x00000538
                0x1fff8120                PROVIDE (__bss_start__, .)
 *(.shbss)
 *(.bss .bss.* .gnu.linkonce.b.*)
 .bss           0x1fff8120       0x1c c:/program files (x86)/cypress/psoc creator/3.2/psoc creator/import/gnu/arm/4.8.4/bin/../lib/gcc/arm-none-eabi/4.8.4/armv7-m/crtbegin.o
 .bss           0x1fff813c        0x1 .\CortexM3\ARM_GCC_484\Debug\PulseGenerator.a(Timer1.o)
                0x1fff813c                Timer1_initVar
 *(COMMON)
                0x1fff8140                . = ALIGN (0x8)
 *fill*         0x1fff813d        0x3 
 *(.ram.b)
                0x1fff8140                _end = .
                0x1fff8140                __end = .
                0x1fff8140                PROVIDE (end, .)
                0x1fff8140                PROVIDE (__bss_end__, .)
                0x00000520                __cy_region_init_ram = LOADADDR (.data)
                0x00000018                __cy_region_init_size_ram = (_edata - ADDR (.data))
                0x00000020                __cy_region_zero_size_ram = (_end - _edata)

.heap           0x1fff8140       0x80 load address 0x00000538
                0x1fff8140                . = _end
                0x1fff81c0                . = (. + 0x80)
 *fill*         0x1fff8140       0x80 
                0x1fff81c0                __cy_heap_limit = .

.stack          0x20007800      0x800
                0x20007800                __cy_stack_limit = .
                0x20008000                . = (. + 0x800)
 *fill*         0x20007800      0x800 
                0x00000001                ASSERT ((__cy_stack_limit >= __cy_heap_limit), region RAM overflowed with stack)

.cyloadermeta
 *(.cyloadermeta)

.cyloadablemeta
 *(.cyloadablemeta)

.cyconfigecc    0x80000000      0x190
 *(.cyconfigecc)
 .cyconfigecc   0x80000000      0x190 .\CortexM3\ARM_GCC_484\Debug\cymetadata.o
                0x80000000                cy_meta_configecc

.cycustnvl      0x90000000        0x4
 *(.cycustnvl)
 .cycustnvl     0x90000000        0x4 .\CortexM3\ARM_GCC_484\Debug\cymetadata.o
                0x90000000                cy_meta_custnvl

.cywolatch      0x90100000        0x4
 *(.cywolatch)
 .cywolatch     0x90100000        0x4 .\CortexM3\ARM_GCC_484\Debug\cymetadata.o
                0x90100000                cy_meta_wonvl

.cyeeprom       0x90200000        0x0
 *(.cyeeprom)
                0x00000001                ASSERT ((. <= ((0x90200000 + ee_offset) + ee_size)), .cyeeprom data will not fit in EEPROM)

.cyflashprotect
                0x90400000      0x100
 *(.cyflashprotect)
 .cyflashprotect
                0x90400000      0x100 .\CortexM3\ARM_GCC_484\Debug\cymetadata.o
                0x90400000                cy_meta_flashprotect

.cymeta         0x90500000        0xc
 *(.cymeta)
 .cymeta        0x90500000        0xc .\CortexM3\ARM_GCC_484\Debug\cymetadata.o
                0x90500000                cy_metadata

.rel.dyn        0x00000538        0x0 load address 0x9050000c
 .rel.iplt      0x00000000        0x0 c:/program files (x86)/cypress/psoc creator/3.2/psoc creator/import/gnu/arm/4.8.4/bin/../lib/gcc/arm-none-eabi/4.8.4/armv7-m/crtbegin.o

.stab
 *(.stab)

.stabstr
 *(.stabstr)

.debug
 *(.debug)

.line
 *(.line)

.debug_srcinfo
 *(.debug_srcinfo)

.debug_sfnames
 *(.debug_sfnames)

.debug_aranges  0x00000000      0x5d8
 *(.debug_aranges)
 .debug_aranges
                0x00000000       0x20 .\CortexM3\ARM_GCC_484\Debug\main.o
 .debug_aranges
                0x00000020       0x18 .\CortexM3\ARM_GCC_484\Debug\cymetadata.o
 .debug_aranges
                0x00000038       0x48 .\CortexM3\ARM_GCC_484\Debug\Cm3Start.o
 .debug_aranges
                0x00000080       0x58 .\CortexM3\ARM_GCC_484\Debug\PulseGenerator.a(cyfitter_cfg.o)
 .debug_aranges
                0x000000d8       0x28 .\CortexM3\ARM_GCC_484\Debug\PulseGenerator.a(TrigPulseTrain.o)
 .debug_aranges
                0x00000100       0x20 .\CortexM3\ARM_GCC_484\Debug\PulseGenerator.a(CyBootAsmGnu.o)
 .debug_aranges
                0x00000120      0x298 .\CortexM3\ARM_GCC_484\Debug\PulseGenerator.a(CyLib.o)
 .debug_aranges
                0x000003b8       0x98 .\CortexM3\ARM_GCC_484\Debug\PulseGenerator.a(cyPm.o)
 .debug_aranges
                0x00000450       0x90 .\CortexM3\ARM_GCC_484\Debug\PulseGenerator.a(Timer1.o)
 .debug_aranges
                0x000004e0       0x80 .\CortexM3\ARM_GCC_484\Debug\PulseGenerator.a(CyFlash.o)
 .debug_aranges
                0x00000560       0x78 .\CortexM3\ARM_GCC_484\Debug\PulseGenerator.a(CySpc.o)

.debug_pubnames
 *(.debug_pubnames)

.debug_info     0x00000000     0x377c
 *(.debug_info .gnu.linkonce.wi.*)
 .debug_info    0x00000000      0x131 .\CortexM3\ARM_GCC_484\Debug\main.o
 .debug_info    0x00000131      0x13a .\CortexM3\ARM_GCC_484\Debug\cymetadata.o
 .debug_info    0x0000026b      0x39f .\CortexM3\ARM_GCC_484\Debug\Cm3Start.o
 .debug_info    0x0000060a      0x480 .\CortexM3\ARM_GCC_484\Debug\PulseGenerator.a(cyfitter_cfg.o)
 .debug_info    0x00000a8a       0xd5 .\CortexM3\ARM_GCC_484\Debug\PulseGenerator.a(TrigPulseTrain.o)
 .debug_info    0x00000b5f       0x93 .\CortexM3\ARM_GCC_484\Debug\PulseGenerator.a(CyBootAsmGnu.o)
 .debug_info    0x00000bf2     0x1373 .\CortexM3\ARM_GCC_484\Debug\PulseGenerator.a(CyLib.o)
 .debug_info    0x00001f65      0xa56 .\CortexM3\ARM_GCC_484\Debug\PulseGenerator.a(cyPm.o)
 .debug_info    0x000029bb      0x2c9 .\CortexM3\ARM_GCC_484\Debug\PulseGenerator.a(Timer1.o)
 .debug_info    0x00002c84      0x60a .\CortexM3\ARM_GCC_484\Debug\PulseGenerator.a(CyFlash.o)
 .debug_info    0x0000328e      0x4ee .\CortexM3\ARM_GCC_484\Debug\PulseGenerator.a(CySpc.o)

.debug_abbrev   0x00000000      0xf6b
 *(.debug_abbrev)
 .debug_abbrev  0x00000000       0xd4 .\CortexM3\ARM_GCC_484\Debug\main.o
 .debug_abbrev  0x000000d4       0x66 .\CortexM3\ARM_GCC_484\Debug\cymetadata.o
 .debug_abbrev  0x0000013a      0x20d .\CortexM3\ARM_GCC_484\Debug\Cm3Start.o
 .debug_abbrev  0x00000347      0x1f4 .\CortexM3\ARM_GCC_484\Debug\PulseGenerator.a(cyfitter_cfg.o)
 .debug_abbrev  0x0000053b       0x8e .\CortexM3\ARM_GCC_484\Debug\PulseGenerator.a(TrigPulseTrain.o)
 .debug_abbrev  0x000005c9       0x14 .\CortexM3\ARM_GCC_484\Debug\PulseGenerator.a(CyBootAsmGnu.o)
 .debug_abbrev  0x000005dd      0x296 .\CortexM3\ARM_GCC_484\Debug\PulseGenerator.a(CyLib.o)
 .debug_abbrev  0x00000873      0x1fa .\CortexM3\ARM_GCC_484\Debug\PulseGenerator.a(cyPm.o)
 .debug_abbrev  0x00000a6d      0x152 .\CortexM3\ARM_GCC_484\Debug\PulseGenerator.a(Timer1.o)
 .debug_abbrev  0x00000bbf      0x1de .\CortexM3\ARM_GCC_484\Debug\PulseGenerator.a(CyFlash.o)
 .debug_abbrev  0x00000d9d      0x1ce .\CortexM3\ARM_GCC_484\Debug\PulseGenerator.a(CySpc.o)

.debug_line     0x00000000     0x1851
 *(.debug_line)
 .debug_line    0x00000000      0x19b .\CortexM3\ARM_GCC_484\Debug\main.o
 .debug_line    0x0000019b       0x53 .\CortexM3\ARM_GCC_484\Debug\cymetadata.o
 .debug_line    0x000001ee      0x238 .\CortexM3\ARM_GCC_484\Debug\Cm3Start.o
 .debug_line    0x00000426      0x1db .\CortexM3\ARM_GCC_484\Debug\PulseGenerator.a(cyfitter_cfg.o)
 .debug_line    0x00000601       0x78 .\CortexM3\ARM_GCC_484\Debug\PulseGenerator.a(TrigPulseTrain.o)
 .debug_line    0x00000679       0x68 .\CortexM3\ARM_GCC_484\Debug\PulseGenerator.a(CyBootAsmGnu.o)
 .debug_line    0x000006e1      0x818 .\CortexM3\ARM_GCC_484\Debug\PulseGenerator.a(CyLib.o)
 .debug_line    0x00000ef9      0x366 .\CortexM3\ARM_GCC_484\Debug\PulseGenerator.a(cyPm.o)
 .debug_line    0x0000125f      0x177 .\CortexM3\ARM_GCC_484\Debug\PulseGenerator.a(Timer1.o)
 .debug_line    0x000013d6      0x233 .\CortexM3\ARM_GCC_484\Debug\PulseGenerator.a(CyFlash.o)
 .debug_line    0x00001609      0x248 .\CortexM3\ARM_GCC_484\Debug\PulseGenerator.a(CySpc.o)

.debug_frame    0x00000000      0xfb8
 *(.debug_frame)
 .debug_frame   0x00000000       0x2c .\CortexM3\ARM_GCC_484\Debug\main.o
 .debug_frame   0x0000002c       0xac .\CortexM3\ARM_GCC_484\Debug\Cm3Start.o
 .debug_frame   0x000000d8       0xe0 .\CortexM3\ARM_GCC_484\Debug\PulseGenerator.a(cyfitter_cfg.o)
 .debug_frame   0x000001b8       0x30 .\CortexM3\ARM_GCC_484\Debug\PulseGenerator.a(TrigPulseTrain.o)
 .debug_frame   0x000001e8      0x730 .\CortexM3\ARM_GCC_484\Debug\PulseGenerator.a(CyLib.o)
 .debug_frame   0x00000918      0x1fc .\CortexM3\ARM_GCC_484\Debug\PulseGenerator.a(cyPm.o)
 .debug_frame   0x00000b14      0x124 .\CortexM3\ARM_GCC_484\Debug\PulseGenerator.a(Timer1.o)
 .debug_frame   0x00000c38      0x17c .\CortexM3\ARM_GCC_484\Debug\PulseGenerator.a(CyFlash.o)
 .debug_frame   0x00000db4      0x148 .\CortexM3\ARM_GCC_484\Debug\PulseGenerator.a(CySpc.o)
 .debug_frame   0x00000efc       0x20 c:/program files (x86)/cypress/psoc creator/3.2/psoc creator/import/gnu/arm/4.8.4/bin/../lib/gcc/arm-none-eabi/4.8.4/../../../../arm-none-eabi/lib/armv7-m\libg_s.a(lib_a-errno.o)
 .debug_frame   0x00000f1c       0x28 c:/program files (x86)/cypress/psoc creator/3.2/psoc creator/import/gnu/arm/4.8.4/bin/../lib/gcc/arm-none-eabi/4.8.4/../../../../arm-none-eabi/lib/armv7-m\libg_s.a(lib_a-exit.o)
 .debug_frame   0x00000f44       0x2c c:/program files (x86)/cypress/psoc creator/3.2/psoc creator/import/gnu/arm/4.8.4/bin/../lib/gcc/arm-none-eabi/4.8.4/../../../../arm-none-eabi/lib/armv7-m\libg_s.a(lib_a-init.o)
 .debug_frame   0x00000f70       0x28 c:/program files (x86)/cypress/psoc creator/3.2/psoc creator/import/gnu/arm/4.8.4/bin/../lib/gcc/arm-none-eabi/4.8.4/../../../../arm-none-eabi/lib/armv7-m\libg_s.a(lib_a-memcpy-stub.o)
 .debug_frame   0x00000f98       0x20 c:/program files (x86)/cypress/psoc creator/3.2/psoc creator/import/gnu/arm/4.8.4/bin/../lib/gcc/arm-none-eabi/4.8.4/../../../../arm-none-eabi/lib/armv7-m\libg_s.a(lib_a-memset.o)

.debug_str      0x00000000     0x1448
 *(.debug_str)
 .debug_str     0x00000000      0x183 .\CortexM3\ARM_GCC_484\Debug\main.o
                                0x1c4 (size before relaxing)
 .debug_str     0x00000183       0x77 .\CortexM3\ARM_GCC_484\Debug\cymetadata.o
                                0x1db (size before relaxing)
 .debug_str     0x000001fa      0x16c .\CortexM3\ARM_GCC_484\Debug\Cm3Start.o
                                0x2ef (size before relaxing)
 .debug_str     0x00000366      0x156 .\CortexM3\ARM_GCC_484\Debug\PulseGenerator.a(cyfitter_cfg.o)
                                0x2f4 (size before relaxing)
 .debug_str     0x000004bc       0x46 .\CortexM3\ARM_GCC_484\Debug\PulseGenerator.a(TrigPulseTrain.o)
                                0x1bb (size before relaxing)
 .debug_str     0x00000502      0x825 .\CortexM3\ARM_GCC_484\Debug\PulseGenerator.a(CyLib.o)
                                0xa14 (size before relaxing)
 .debug_str     0x00000d27      0x35b .\CortexM3\ARM_GCC_484\Debug\PulseGenerator.a(cyPm.o)
                                0x70c (size before relaxing)
 .debug_str     0x00001082      0x17a .\CortexM3\ARM_GCC_484\Debug\PulseGenerator.a(Timer1.o)
                                0x325 (size before relaxing)
 .debug_str     0x000011fc      0x19e .\CortexM3\ARM_GCC_484\Debug\PulseGenerator.a(CyFlash.o)
                                0x386 (size before relaxing)
 .debug_str     0x0000139a       0xae .\CortexM3\ARM_GCC_484\Debug\PulseGenerator.a(CySpc.o)
                                0x30f (size before relaxing)

.debug_loc      0x00000000     0x198a
 *(.debug_loc)
 .debug_loc     0x00000000      0x14f .\CortexM3\ARM_GCC_484\Debug\Cm3Start.o
 .debug_loc     0x0000014f      0x208 .\CortexM3\ARM_GCC_484\Debug\PulseGenerator.a(cyfitter_cfg.o)
 .debug_loc     0x00000357      0xa53 .\CortexM3\ARM_GCC_484\Debug\PulseGenerator.a(CyLib.o)
 .debug_loc     0x00000daa      0x22a .\CortexM3\ARM_GCC_484\Debug\PulseGenerator.a(cyPm.o)
 .debug_loc     0x00000fd4       0x13 .\CortexM3\ARM_GCC_484\Debug\PulseGenerator.a(Timer1.o)
 .debug_loc     0x00000fe7      0x321 .\CortexM3\ARM_GCC_484\Debug\PulseGenerator.a(CyFlash.o)
 .debug_loc     0x00001308      0x682 .\CortexM3\ARM_GCC_484\Debug\PulseGenerator.a(CySpc.o)

.debug_macinfo
 *(.debug_macinfo)

.debug_ranges   0x00000000      0x540
 *(.debug_ranges)
 .debug_ranges  0x00000000       0x10 .\CortexM3\ARM_GCC_484\Debug\main.o
 .debug_ranges  0x00000010       0x50 .\CortexM3\ARM_GCC_484\Debug\Cm3Start.o
 .debug_ranges  0x00000060       0x60 .\CortexM3\ARM_GCC_484\Debug\PulseGenerator.a(cyfitter_cfg.o)
 .debug_ranges  0x000000c0       0x18 .\CortexM3\ARM_GCC_484\Debug\PulseGenerator.a(TrigPulseTrain.o)
 .debug_ranges  0x000000d8      0x288 .\CortexM3\ARM_GCC_484\Debug\PulseGenerator.a(CyLib.o)
 .debug_ranges  0x00000360       0x88 .\CortexM3\ARM_GCC_484\Debug\PulseGenerator.a(cyPm.o)
 .debug_ranges  0x000003e8       0x80 .\CortexM3\ARM_GCC_484\Debug\PulseGenerator.a(Timer1.o)
 .debug_ranges  0x00000468       0x70 .\CortexM3\ARM_GCC_484\Debug\PulseGenerator.a(CyFlash.o)
 .debug_ranges  0x000004d8       0x68 .\CortexM3\ARM_GCC_484\Debug\PulseGenerator.a(CySpc.o)

.comment        0x00000000       0x70
 .comment       0x00000000       0x70 .\CortexM3\ARM_GCC_484\Debug\main.o
                                 0x71 (size before relaxing)
 .comment       0x00000000       0x71 .\CortexM3\ARM_GCC_484\Debug\cymetadata.o
 .comment       0x00000000       0x71 .\CortexM3\ARM_GCC_484\Debug\Cm3Start.o
 .comment       0x00000000       0x71 .\CortexM3\ARM_GCC_484\Debug\PulseGenerator.a(cyfitter_cfg.o)
 .comment       0x00000000       0x71 .\CortexM3\ARM_GCC_484\Debug\PulseGenerator.a(TrigPulseTrain.o)
 .comment       0x00000000       0x71 .\CortexM3\ARM_GCC_484\Debug\PulseGenerator.a(CyLib.o)
 .comment       0x00000000       0x71 .\CortexM3\ARM_GCC_484\Debug\PulseGenerator.a(cyPm.o)
 .comment       0x00000000       0x71 .\CortexM3\ARM_GCC_484\Debug\PulseGenerator.a(Timer1.o)
 .comment       0x00000000       0x71 .\CortexM3\ARM_GCC_484\Debug\PulseGenerator.a(CyFlash.o)
 .comment       0x00000000       0x71 .\CortexM3\ARM_GCC_484\Debug\PulseGenerator.a(CySpc.o)

.debug_weaknames
 *(.debug_weaknames)

.debug_funcnames
 *(.debug_funcnames)

.debug_typenames
 *(.debug_typenames)

.debug_varnames
 *(.debug_varnames)

.note.gnu.arm.ident
 *(.note.gnu.arm.ident)

.ARM.attributes
                0x00000000       0x29
 *(.ARM.attributes)
 .ARM.attributes
                0x00000000       0x1d c:/program files (x86)/cypress/psoc creator/3.2/psoc creator/import/gnu/arm/4.8.4/bin/../lib/gcc/arm-none-eabi/4.8.4/armv7-m/crti.o
 .ARM.attributes
                0x0000001d       0x2d c:/program files (x86)/cypress/psoc creator/3.2/psoc creator/import/gnu/arm/4.8.4/bin/../lib/gcc/arm-none-eabi/4.8.4/armv7-m/crtbegin.o
 .ARM.attributes
                0x0000004a       0x1b c:/program files (x86)/cypress/psoc creator/3.2/psoc creator/import/gnu/arm/4.8.4/bin/../lib/gcc/arm-none-eabi/4.8.4/../../../../arm-none-eabi/lib/armv7-m/crt0.o
 .ARM.attributes
                0x00000065       0x33 .\CortexM3\ARM_GCC_484\Debug\main.o
 .ARM.attributes
                0x00000098       0x33 .\CortexM3\ARM_GCC_484\Debug\cymetadata.o
 .ARM.attributes
                0x000000cb       0x33 .\CortexM3\ARM_GCC_484\Debug\Cm3Start.o
 .ARM.attributes
                0x000000fe       0x33 .\CortexM3\ARM_GCC_484\Debug\PulseGenerator.a(cyfitter_cfg.o)
 .ARM.attributes
                0x00000131       0x33 .\CortexM3\ARM_GCC_484\Debug\PulseGenerator.a(TrigPulseTrain.o)
 .ARM.attributes
                0x00000164       0x21 .\CortexM3\ARM_GCC_484\Debug\PulseGenerator.a(CyBootAsmGnu.o)
 .ARM.attributes
                0x00000185       0x33 .\CortexM3\ARM_GCC_484\Debug\PulseGenerator.a(CyLib.o)
 .ARM.attributes
                0x000001b8       0x33 .\CortexM3\ARM_GCC_484\Debug\PulseGenerator.a(cyPm.o)
 .ARM.attributes
                0x000001eb       0x33 .\CortexM3\ARM_GCC_484\Debug\PulseGenerator.a(Timer1.o)
 .ARM.attributes
                0x0000021e       0x33 .\CortexM3\ARM_GCC_484\Debug\PulseGenerator.a(CyFlash.o)
 .ARM.attributes
                0x00000251       0x33 .\CortexM3\ARM_GCC_484\Debug\PulseGenerator.a(CySpc.o)
 .ARM.attributes
                0x00000284       0x2d c:/program files (x86)/cypress/psoc creator/3.2/psoc creator/import/gnu/arm/4.8.4/bin/../lib/gcc/arm-none-eabi/4.8.4/../../../../arm-none-eabi/lib/armv7-m\libg_s.a(lib_a-errno.o)
 .ARM.attributes
                0x000002b1       0x2d c:/program files (x86)/cypress/psoc creator/3.2/psoc creator/import/gnu/arm/4.8.4/bin/../lib/gcc/arm-none-eabi/4.8.4/../../../../arm-none-eabi/lib/armv7-m\libg_s.a(lib_a-exit.o)
 .ARM.attributes
                0x000002de       0x2d c:/program files (x86)/cypress/psoc creator/3.2/psoc creator/import/gnu/arm/4.8.4/bin/../lib/gcc/arm-none-eabi/4.8.4/../../../../arm-none-eabi/lib/armv7-m\libg_s.a(lib_a-impure.o)
 .ARM.attributes
                0x0000030b       0x2d c:/program files (x86)/cypress/psoc creator/3.2/psoc creator/import/gnu/arm/4.8.4/bin/../lib/gcc/arm-none-eabi/4.8.4/../../../../arm-none-eabi/lib/armv7-m\libg_s.a(lib_a-init.o)
 .ARM.attributes
                0x00000338       0x2d c:/program files (x86)/cypress/psoc creator/3.2/psoc creator/import/gnu/arm/4.8.4/bin/../lib/gcc/arm-none-eabi/4.8.4/../../../../arm-none-eabi/lib/armv7-m\libg_s.a(lib_a-memcpy-stub.o)
 .ARM.attributes
                0x00000365       0x2d c:/program files (x86)/cypress/psoc creator/3.2/psoc creator/import/gnu/arm/4.8.4/bin/../lib/gcc/arm-none-eabi/4.8.4/../../../../arm-none-eabi/lib/armv7-m\libg_s.a(lib_a-memset.o)
 .ARM.attributes
                0x00000392       0x2d c:/program files (x86)/cypress/psoc creator/3.2/psoc creator/import/gnu/arm/4.8.4/bin/../lib/gcc/arm-none-eabi/4.8.4/armv7-m/crtend.o
 .ARM.attributes
                0x000003bf       0x1d c:/program files (x86)/cypress/psoc creator/3.2/psoc creator/import/gnu/arm/4.8.4/bin/../lib/gcc/arm-none-eabi/4.8.4/armv7-m/crtn.o

/DISCARD/
 *(.note.GNU-stack)
OUTPUT(.\CortexM3\ARM_GCC_484\Debug\PulseGenerator.elf elf32-littlearm)
