Archive member included to satisfy reference by file (symbol)

.\CortexM3\ARM_GCC_541\Debug\PulseGenerator.a(Timer1.o)
                              .\CortexM3\ARM_GCC_541\Debug\main.o (Timer1_WritePeriod)
.\CortexM3\ARM_GCC_541\Debug\PulseGenerator.a(TrigPulseTrain.o)
                              .\CortexM3\ARM_GCC_541\Debug\main.o (TrigPulseTrain_Write)
.\CortexM3\ARM_GCC_541\Debug\PulseGenerator.a(Clock_1.o)
                              .\CortexM3\ARM_GCC_541\Debug\main.o (Clock_1_SetDividerRegister)
.\CortexM3\ARM_GCC_541\Debug\PulseGenerator.a(USBFS.o)
                              .\CortexM3\ARM_GCC_541\Debug\usb.o (USBFS_Start)
.\CortexM3\ARM_GCC_541\Debug\PulseGenerator.a(USBFS_drv.o)
                              .\CortexM3\ARM_GCC_541\Debug\PulseGenerator.a(USBFS.o) (USBFS_lastPacketSize)
.\CortexM3\ARM_GCC_541\Debug\PulseGenerator.a(USBFS_episr.o)
                              .\CortexM3\ARM_GCC_541\Debug\PulseGenerator.a(USBFS.o) (USBFS_EP_1_ISR)
.\CortexM3\ARM_GCC_541\Debug\PulseGenerator.a(USBFS_hid.o)
                              .\CortexM3\ARM_GCC_541\Debug\PulseGenerator.a(USBFS.o) (USBFS_hidProtocol)
.\CortexM3\ARM_GCC_541\Debug\PulseGenerator.a(USBFS_pm.o)
                              .\CortexM3\ARM_GCC_541\Debug\PulseGenerator.a(USBFS.o) (USBFS_DP_ISR)
.\CortexM3\ARM_GCC_541\Debug\PulseGenerator.a(USBFS_std.o)
                              .\CortexM3\ARM_GCC_541\Debug\PulseGenerator.a(USBFS_pm.o) (USBFS_ConfigReg)
.\CortexM3\ARM_GCC_541\Debug\PulseGenerator.a(USBFS_vnd.o)
                              .\CortexM3\ARM_GCC_541\Debug\PulseGenerator.a(USBFS_drv.o) (USBFS_HandleVendorRqst)
.\CortexM3\ARM_GCC_541\Debug\PulseGenerator.a(USBFS_Dp.o)
                              .\CortexM3\ARM_GCC_541\Debug\PulseGenerator.a(USBFS.o) (USBFS_Dp_ClearInterrupt)
.\CortexM3\ARM_GCC_541\Debug\PulseGenerator.a(CyFlash.o)
                              .\CortexM3\ARM_GCC_541\Debug\eeprom_amc.o (CySetTemp)
.\CortexM3\ARM_GCC_541\Debug\PulseGenerator.a(CyLib.o)
                              .\CortexM3\ARM_GCC_541\Debug\Cm3Start.o (CyHalt)
.\CortexM3\ARM_GCC_541\Debug\PulseGenerator.a(cyPm.o)
                              .\CortexM3\ARM_GCC_541\Debug\PulseGenerator.a(CyLib.o) (CyPmReadStatus)
.\CortexM3\ARM_GCC_541\Debug\PulseGenerator.a(CySpc.o)
                              .\CortexM3\ARM_GCC_541\Debug\PulseGenerator.a(CyFlash.o) (CySpcStart)
.\CortexM3\ARM_GCC_541\Debug\PulseGenerator.a(EnableAndDirection.o)
                              .\CortexM3\ARM_GCC_541\Debug\main.o (EnableAndDirection_Write)
.\CortexM3\ARM_GCC_541\Debug\PulseGenerator.a(CyBootAsmGnu.o)
                              .\CortexM3\ARM_GCC_541\Debug\cyfitter_cfg.o (CyDelayCycles)
.\CortexM3\ARM_GCC_541\Debug\PulseGenerator.a(USBFS_cls.o)
                              .\CortexM3\ARM_GCC_541\Debug\PulseGenerator.a(USBFS_drv.o) (USBFS_DispatchClassRqst)
.\CortexM3\ARM_GCC_541\Debug\PulseGenerator.a(USBFS_descr.o)
                              .\CortexM3\ARM_GCC_541\Debug\PulseGenerator.a(USBFS_std.o) (USBFS_TABLE)
c:/program files (x86)/cypress/psoc creator/4.1/psoc creator/import/gnu/arm/5.4.1/bin/../lib/gcc/arm-none-eabi/5.4.1/armv7-m\libgcc.a(_arm_muldivsf3.o)
                              .\CortexM3\ARM_GCC_541\Debug\main.o (__aeabi_fdiv)
c:/program files (x86)/cypress/psoc creator/4.1/psoc creator/import/gnu/arm/5.4.1/bin/../lib/gcc/arm-none-eabi/5.4.1/armv7-m\libgcc.a(_arm_cmpsf2.o)
                              .\CortexM3\ARM_GCC_541\Debug\main.o (__aeabi_fcmpgt)
c:/program files (x86)/cypress/psoc creator/4.1/psoc creator/import/gnu/arm/5.4.1/bin/../lib/gcc/arm-none-eabi/5.4.1/armv7-m\libgcc.a(_arm_fixunssfsi.o)
                              .\CortexM3\ARM_GCC_541\Debug\main.o (__aeabi_f2uiz)
c:/program files (x86)/cypress/psoc creator/4.1/psoc creator/import/gnu/arm/5.4.1/bin/../lib/gcc/arm-none-eabi/5.4.1/../../../../arm-none-eabi/lib/armv7-m\libg_nano.a(lib_a-errno.o)
                              .\CortexM3\ARM_GCC_541\Debug\Cm3Start.o (__errno)
c:/program files (x86)/cypress/psoc creator/4.1/psoc creator/import/gnu/arm/5.4.1/bin/../lib/gcc/arm-none-eabi/5.4.1/../../../../arm-none-eabi/lib/armv7-m\libg_nano.a(lib_a-exit.o)
                              c:/program files (x86)/cypress/psoc creator/4.1/psoc creator/import/gnu/arm/5.4.1/bin/../lib/gcc/arm-none-eabi/5.4.1/../../../../arm-none-eabi/lib/armv7-m/crt0.o (exit)
c:/program files (x86)/cypress/psoc creator/4.1/psoc creator/import/gnu/arm/5.4.1/bin/../lib/gcc/arm-none-eabi/5.4.1/../../../../arm-none-eabi/lib/armv7-m\libg_nano.a(lib_a-impure.o)
                              c:/program files (x86)/cypress/psoc creator/4.1/psoc creator/import/gnu/arm/5.4.1/bin/../lib/gcc/arm-none-eabi/5.4.1/../../../../arm-none-eabi/lib/armv7-m\libg_nano.a(lib_a-exit.o) (_global_impure_ptr)
c:/program files (x86)/cypress/psoc creator/4.1/psoc creator/import/gnu/arm/5.4.1/bin/../lib/gcc/arm-none-eabi/5.4.1/../../../../arm-none-eabi/lib/armv7-m\libg_nano.a(lib_a-init.o)
[...]
Memory Configuration

Name             Origin             Length             Attributes
rom              0x00000000         0x00040000         xr
ram              0x1fff8000         0x00010000         xrw
*default*        0x00000000         0xffffffff

Linker script and memory map

LOAD c:/program files (x86)/cypress/psoc creator/4.1/psoc creator/import/gnu/arm/5.4.1/bin/../lib/gcc/arm-none-eabi/5.4.1/armv7-m/crti.o
LOAD c:/program files (x86)/cypress/psoc creator/4.1/psoc creator/import/gnu/arm/5.4.1/bin/../lib/gcc/arm-none-eabi/5.4.1/armv7-m/crtbegin.o
LOAD c:/program files (x86)/cypress/psoc creator/4.1/psoc creator/import/gnu/arm/5.4.1/bin/../lib/gcc/arm-none-eabi/5.4.1/../../../../arm-none-eabi/lib/armv7-m/crt0.o
START GROUP
LOAD .\CortexM3\ARM_GCC_541\Debug\main.o
LOAD .\CortexM3\ARM_GCC_541\Debug\usb.o
LOAD .\CortexM3\ARM_GCC_541\Debug\eeprom_amc.o
LOAD .\CortexM3\ARM_GCC_541\Debug\cyfitter_cfg.o
LOAD .\CortexM3\ARM_GCC_541\Debug\cymetadata.o
LOAD .\CortexM3\ARM_GCC_541\Debug\Cm3Start.o
LOAD .\CortexM3\ARM_GCC_541\Debug\PulseGenerator.a
LOAD C:\Program Files (x86)\Cypress\PSoC Creator\4.1\PSoC Creator\psoc\content\cycomponentlibrary\CyComponentLibrary.cylib\CortexM3\ARM_GCC_541\Debug\CyComponentLibrary.a
END GROUP
START GROUP
LOAD c:/program files (x86)/cypress/psoc creator/4.1/psoc creator/import/gnu/arm/5.4.1/bin/../lib/gcc/arm-none-eabi/5.4.1/armv7-m\libgcc.a
LOAD c:/program files (x86)/cypress/psoc creator/4.1/psoc creator/import/gnu/arm/5.4.1/bin/../lib/gcc/arm-none-eabi/5.4.1/../../../../arm-none-eabi/lib/armv7-m\libg_nano.a
LOAD c:/program files (x86)/cypress/psoc creator/4.1/psoc creator/import/gnu/arm/5.4.1/bin/../lib/gcc/arm-none-eabi/5.4.1/../../../../arm-none-eabi/lib/armv7-m\libc_nano.a
END GROUP
START GROUP
LOAD c:/program files (x86)/cypress/psoc creator/4.1/psoc creator/import/gnu/arm/5.4.1/bin/../lib/gcc/arm-none-eabi/5.4.1/armv7-m\libgcc.a
LOAD c:/program files (x86)/cypress/psoc creator/4.1/psoc creator/import/gnu/arm/5.4.1/bin/../lib/gcc/arm-none-eabi/5.4.1/../../../../arm-none-eabi/lib/armv7-m\libc_nano.a
END GROUP
LOAD c:/program files (x86)/cypress/psoc creator/4.1/psoc creator/import/gnu/arm/5.4.1/bin/../lib/gcc/arm-none-eabi/5.4.1/armv7-m/crtend.o
LOAD c:/program files (x86)/cypress/psoc creator/4.1/psoc creator/import/gnu/arm/5.4.1/bin/../lib/gcc/arm-none-eabi/5.4.1/armv7-m/crtn.o
START GROUP
LOAD c:/program files (x86)/cypress/psoc creator/4.1/psoc creator/import/gnu/arm/5.4.1/bin/../lib/gcc/arm-none-eabi/5.4.1/armv7-m\libgcc.a
LOAD c:/program files (x86)/cypress/psoc creator/4.1/psoc creator/import/gnu/arm/5.4.1/bin/../lib/gcc/arm-none-eabi/5.4.1/../../../../arm-none-eabi/lib/armv7-m\libc.a
LOAD c:/program files (x86)/cypress/psoc creator/4.1/psoc creator/import/gnu/arm/5.4.1/bin/../lib/gcc/arm-none-eabi/5.4.1/../../../../arm-none-eabi/lib/armv7-m\libnosys.a
END GROUP
                0x00000000                CY_APPL_ORIGIN = 0x0
                0x00000100                CY_FLASH_ROW_SIZE = 0x100
                0x00000020                CY_ECC_ROW_SIZE = 0x20
                0x00000000                CY_EE_IN_BTLDR = 0x0
                0x00000000                CY_APPL_LOADABLE = 0x0
                0x00000800                CY_EE_SIZE = 0x800
                0x00000001                CY_APPL_NUM = 0x1
                0x00000001                CY_APPL_MAX = 0x1
                0x00000040                CY_METADATA_SIZE = 0x40
                [!provide]                PROVIDE (__cy_heap_start, _end)
                0x00000001                PROVIDE (__cy_region_num, ((__cy_regions_end - __cy_regions) / 0x10))
                0x20008000                PROVIDE (__cy_stack, (ORIGIN (ram) + LENGTH (ram)))
                [!provide]                PROVIDE (__cy_heap_end, (__cy_stack - 0x800))

.cybootloader   0x00000000        0x0
 *(.cybootloader)
                0x00000000                appl1_start = CY_APPL_ORIGIN?CY_APPL_ORIGIN:ALIGN (CY_FLASH_ROW_SIZE)
                0x0001ff00                appl2_start = (appl1_start + ALIGN ((((LENGTH (rom) - appl1_start) - (0x2 * CY_FLASH_ROW_SIZE)) / 0x2), CY_FLASH_ROW_SIZE))
                0x00000000                appl_start = (CY_APPL_NUM == 0x1)?appl1_start:appl2_start
                0x00000000                ecc_offset = ((appl_start / CY_FLASH_ROW_SIZE) * CY_ECC_ROW_SIZE)
                0x00000000                ee_offset = (CY_APPL_LOADABLE && ! (CY_EE_IN_BTLDR))?((CY_EE_SIZE / CY_APPL_MAX) * (CY_APPL_NUM - 0x1)):0x0
                0x00000800                ee_size = (CY_APPL_LOADABLE && ! (CY_EE_IN_BTLDR))?(CY_EE_SIZE / CY_APPL_MAX):CY_EE_SIZE
                [!provide]                PROVIDE (CY_ECC_OFFSET, ecc_offset)

.text           0x00000000     0x2046
 CREATE_OBJECT_SYMBOLS
                0x00000000                PROVIDE (__cy_interrupt_vector, RomVectors)
 *(.romvectors)
 .romvectors    0x00000000       0x10 .\CortexM3\ARM_GCC_541\Debug\Cm3Start.o
                0x00000000                RomVectors
                0x00000001                ASSERT ((. != __cy_interrupt_vector), No interrupt vector)
                0x00000001                ASSERT (CY_APPL_ORIGIN?(SIZEOF (.cybootloader) <= CY_APPL_ORIGIN):0x1, Wrong image location)
                0x00000010                PROVIDE (__cy_reset, Reset)
 *(.text.Reset)
 .text.Reset    0x00000010       0x18 .\CortexM3\ARM_GCC_541\Debug\Cm3Start.o
                0x00000010                Reset
                0x00000001                ASSERT ((. != __cy_reset), No reset code)
 *(.dma_init)
                0x00000001                ASSERT ((((appl_start + .) <= 0x10000) || 0x1), DMA Init must be within the first 64k of flash)
 *(.text .text.* .gnu.linkonce.t.*)
 .text          0x00000028       0x5c c:/program files (x86)/cypress/psoc creator/4.1/psoc creator/import/gnu/arm/5.4.1/bin/../lib/gcc/arm-none-eabi/5.4.1/armv7-m/crtbegin.o
 .text.set_usbByteArray
                0x00000084       0x20 .\CortexM3\ARM_GCC_541\Debug\main.o
                0x00000084                set_usbByteArray
 .text.USBFS_EP_2_ISR_ExitCallback
                0x000000a4        0x8 .\CortexM3\ARM_GCC_541\Debug\main.o
                0x000000a4                USBFS_EP_2_ISR_ExitCallback
 .text.Enable_Set
                0x000000ac       0x1c .\CortexM3\ARM_GCC_541\Debug\main.o
                0x000000ac                Enable_Set
 .text.main     0x000000c8       0x28 .\CortexM3\ARM_GCC_541\Debug\main.o
                0x000000c8                main
 .text.Direction_Set
                0x000000f0       0x1c .\CortexM3\ARM_GCC_541\Debug\main.o
                0x000000f0                Direction_Set
 .text.usbHidOutEpHandler
                0x0000010c       0xd4 .\CortexM3\ARM_GCC_541\Debug\main.o
                0x0000010c                usbHidOutEpHandler
 .text.usb_Load_EP1
                0x000001e0       0x24 .\CortexM3\ARM_GCC_541\Debug\usb.o
 .text.usb_Init
                0x00000204       0x24 .\CortexM3\ARM_GCC_541\Debug\usb.o
                0x00000204                usb_Init
 .text.usb_Tick
                0x00000228       0x24 .\CortexM3\ARM_GCC_541\Debug\usb.o
                0x00000228                usb_Tick
 .text.usb_Load_EP1_Bulk_EP
                0x0000024c       0x14 .\CortexM3\ARM_GCC_541\Debug\usb.o
                0x0000024c                usb_Load_EP1_Bulk_EP
 .text.usb_Load_EP2
                0x00000260       0x30 .\CortexM3\ARM_GCC_541\Debug\usb.o
                0x00000260                usb_Load_EP2
 .text.CyClockStartupError
                0x00000290        0x4 .\CortexM3\ARM_GCC_541\Debug\cyfitter_cfg.o
 .text.cfg_write_bytes32
                0x00000294       0x34 .\CortexM3\ARM_GCC_541\Debug\cyfitter_cfg.o
 .text.AnalogSetDefault
                0x000002c8       0x28 .\CortexM3\ARM_GCC_541\Debug\cyfitter_cfg.o
 .text.CYMEMZERO
                0x000002f0        0xc .\CortexM3\ARM_GCC_541\Debug\cyfitter_cfg.o
 .text.ClockSetup
                0x000002fc       0xbc .\CortexM3\ARM_GCC_541\Debug\cyfitter_cfg.o
 .text.CYCONFIGCPY
                0x000003b8        0x8 .\CortexM3\ARM_GCC_541\Debug\cyfitter_cfg.o
 .text.cyfitter_cfg
                0x000003c0       0xf8 .\CortexM3\ARM_GCC_541\Debug\cyfitter_cfg.o
                0x000003c0                cyfitter_cfg
 .text.IntDefaultHandler
                0x000004b8        0x4 .\CortexM3\ARM_GCC_541\Debug\Cm3Start.o
                0x000004b8                IntDefaultHandler
 .text.Start_c  0x000004bc       0x4c .\CortexM3\ARM_GCC_541\Debug\Cm3Start.o
                0x000004bc                Start_c
 .text.initialize_psoc
                0x00000508       0x68 .\CortexM3\ARM_GCC_541\Debug\Cm3Start.o
                0x00000508                initialize_psoc
 .text.Timer1_Enable
                0x00000570       0x10 .\CortexM3\ARM_GCC_541\Debug\PulseGenerator.a(Timer1.o)
                0x00000570                Timer1_Enable
 .text.Timer1_SetInterruptMode
                0x00000580        0xc .\CortexM3\ARM_GCC_541\Debug\PulseGenerator.a(Timer1.o)
                0x00000580                Timer1_SetInterruptMode
 .text.Timer1_ReadStatusRegister
                0x0000058c        0xc .\CortexM3\ARM_GCC_541\Debug\PulseGenerator.a(Timer1.o)
                0x0000058c                Timer1_ReadStatusRegister
 .text.Timer1_WritePeriod
                0x00000598        0xc .\CortexM3\ARM_GCC_541\Debug\PulseGenerator.a(Timer1.o)
                0x00000598                Timer1_WritePeriod
 .text.Timer1_ReadCapture
                0x000005a4        0xc .\CortexM3\ARM_GCC_541\Debug\PulseGenerator.a(Timer1.o)
                0x000005a4                Timer1_ReadCapture
 .text.Timer1_WriteCounter
                0x000005b0        0xc .\CortexM3\ARM_GCC_541\Debug\PulseGenerator.a(Timer1.o)
                0x000005b0                Timer1_WriteCounter
 .text.Timer1_ClearFIFO
                0x000005bc       0x14 .\CortexM3\ARM_GCC_541\Debug\PulseGenerator.a(Timer1.o)
                0x000005bc                Timer1_ClearFIFO
 .text.Timer1_Init
                0x000005d0       0x30 .\CortexM3\ARM_GCC_541\Debug\PulseGenerator.a(Timer1.o)
                0x000005d0                Timer1_Init
 .text.Timer1_Start
                0x00000600       0x1c .\CortexM3\ARM_GCC_541\Debug\PulseGenerator.a(Timer1.o)
                0x00000600                Timer1_Start
 .text.TrigPulseTrain_Write
                0x0000061c        0xc .\CortexM3\ARM_GCC_541\Debug\PulseGenerator.a(TrigPulseTrain.o)
                0x0000061c                TrigPulseTrain_Write
 .text.Clock_1_GetDividerRegister
                0x00000628        0xc .\CortexM3\ARM_GCC_541\Debug\PulseGenerator.a(Clock_1.o)
                0x00000628                Clock_1_GetDividerRegister
 .text.Clock_1_GetSourceRegister
                0x00000634       0x10 .\CortexM3\ARM_GCC_541\Debug\PulseGenerator.a(Clock_1.o)
                0x00000634                Clock_1_GetSourceRegister
 .text.Clock_1_SetDividerRegister
                0x00000644       0xd8 .\CortexM3\ARM_GCC_541\Debug\PulseGenerator.a(Clock_1.o)
                0x00000644                Clock_1_SetDividerRegister
 .text.USBFS_Init
                0x0000071c      0x12c .\CortexM3\ARM_GCC_541\Debug\PulseGenerator.a(USBFS.o)
                0x0000071c                USBFS_Init
 .text.USBFS_InitComponent
                0x00000848       0xcc .\CortexM3\ARM_GCC_541\Debug\PulseGenerator.a(USBFS.o)
                0x00000848                USBFS_InitComponent
 .text.USBFS_Start
                0x00000914       0x24 .\CortexM3\ARM_GCC_541\Debug\PulseGenerator.a(USBFS.o)
                0x00000914                USBFS_Start
 .text.USBFS_ReInitComponent
                0x00000938       0x64 .\CortexM3\ARM_GCC_541\Debug\PulseGenerator.a(USBFS.o)
                0x00000938                USBFS_ReInitComponent
 .text.USBFS_GetConfiguration
                0x0000099c        0xc .\CortexM3\ARM_GCC_541\Debug\PulseGenerator.a(USBFS.o)
                0x0000099c                USBFS_GetConfiguration
 .text.USBFS_GetEPState
                0x000009a8       0x14 .\CortexM3\ARM_GCC_541\Debug\PulseGenerator.a(USBFS.o)
                0x000009a8                USBFS_GetEPState
 .text.USBFS_GetEPCount
                0x000009bc       0x28 .\CortexM3\ARM_GCC_541\Debug\PulseGenerator.a(USBFS.o)
                0x000009bc                USBFS_GetEPCount
 .text.USBFS_LoadInEP
                0x000009e4       0x94 .\CortexM3\ARM_GCC_541\Debug\PulseGenerator.a(USBFS.o)
                0x000009e4                USBFS_LoadInEP
 .text.USBFS_EnableOutEP
                0x00000a78       0x2c .\CortexM3\ARM_GCC_541\Debug\PulseGenerator.a(USBFS.o)
                0x00000a78                USBFS_EnableOutEP
 .text.USBFS_ReadOutEP
                0x00000aa4       0x50 .\CortexM3\ARM_GCC_541\Debug\PulseGenerator.a(USBFS.o)
                0x00000aa4                USBFS_ReadOutEP
 .text.USBFS_LoadEP0
                0x00000af4       0x98 .\CortexM3\ARM_GCC_541\Debug\PulseGenerator.a(USBFS_drv.o)
                0x00000af4                USBFS_LoadEP0
 .text.USBFS_InitZeroLengthControlTransfer
                0x00000b8c       0x34 .\CortexM3\ARM_GCC_541\Debug\PulseGenerator.a(USBFS_drv.o)
                0x00000b8c                USBFS_InitZeroLengthControlTransfer
 .text.USBFS_ControlReadDataStage
                0x00000bc0        0x8 .\CortexM3\ARM_GCC_541\Debug\PulseGenerator.a(USBFS_drv.o)
                0x00000bc0                USBFS_ControlReadDataStage
 .text.USBFS_ControlWriteDataStage
                0x00000bc8       0x84 .\CortexM3\ARM_GCC_541\Debug\PulseGenerator.a(USBFS_drv.o)
                0x00000bc8                USBFS_ControlWriteDataStage
 .text.USBFS_InitNoDataControlTransfer
                0x00000c4c       0x2c .\CortexM3\ARM_GCC_541\Debug\PulseGenerator.a(USBFS_drv.o)
                0x00000c4c                USBFS_InitNoDataControlTransfer
 .text.USBFS_UpdateStatusBlock
                0x00000c78       0x24 .\CortexM3\ARM_GCC_541\Debug\PulseGenerator.a(USBFS_drv.o)
                0x00000c78                USBFS_UpdateStatusBlock
 .text.USBFS_HandleSetup
                0x00000c9c       0x5c .\CortexM3\ARM_GCC_541\Debug\PulseGenerator.a(USBFS_drv.o)
                0x00000c9c                USBFS_HandleSetup
 .text.USBFS_ControlReadStatusStage
                0x00000cf8       0x38 .\CortexM3\ARM_GCC_541\Debug\PulseGenerator.a(USBFS_drv.o)
                0x00000cf8                USBFS_ControlReadStatusStage
 .text.USBFS_HandleOUT
                0x00000d30       0x38 .\CortexM3\ARM_GCC_541\Debug\PulseGenerator.a(USBFS_drv.o)
                0x00000d30                USBFS_HandleOUT
 .text.USBFS_ControlWriteStatusStage
                0x00000d68       0x20 .\CortexM3\ARM_GCC_541\Debug\PulseGenerator.a(USBFS_drv.o)
                0x00000d68                USBFS_ControlWriteStatusStage
 .text.USBFS_NoDataControlStatusStage
                0x00000d88       0x40 .\CortexM3\ARM_GCC_541\Debug\PulseGenerator.a(USBFS_drv.o)
                0x00000d88                USBFS_NoDataControlStatusStage
 .text.USBFS_HandleIN
                0x00000dc8       0x2c .\CortexM3\ARM_GCC_541\Debug\PulseGenerator.a(USBFS_drv.o)
                0x00000dc8                USBFS_HandleIN
 .text.USBFS_EP_0_ISR
                0x00000df4       0xb8 .\CortexM3\ARM_GCC_541\Debug\PulseGenerator.a(USBFS_drv.o)
                0x00000df4                USBFS_EP_0_ISR
 .text.USBFS_InitializeStatusBlock
                0x00000eac       0x24 .\CortexM3\ARM_GCC_541\Debug\PulseGenerator.a(USBFS_drv.o)
                0x00000eac                USBFS_InitializeStatusBlock
 .text.USBFS_InitControlRead
                0x00000ed0       0x50 .\CortexM3\ARM_GCC_541\Debug\PulseGenerator.a(USBFS_drv.o)
                0x00000ed0                USBFS_InitControlRead
 .text.USBFS_InitControlWrite
                0x00000f20       0x48 .\CortexM3\ARM_GCC_541\Debug\PulseGenerator.a(USBFS_drv.o)
                0x00000f20                USBFS_InitControlWrite
 .text.USBFS_EP_1_ISR
                0x00000f68       0x30 .\CortexM3\ARM_GCC_541\Debug\PulseGenerator.a(USBFS_episr.o)
                0x00000f68                USBFS_EP_1_ISR
 .text.USBFS_EP_2_ISR
                0x00000f98       0x38 .\CortexM3\ARM_GCC_541\Debug\PulseGenerator.a(USBFS_episr.o)
                0x00000f98                USBFS_EP_2_ISR
 .text.USBFS_SOF_ISR
                0x00000fd0        0x4 .\CortexM3\ARM_GCC_541\Debug\PulseGenerator.a(USBFS_episr.o)
                0x00000fd0                USBFS_SOF_ISR
 .text.USBFS_BUS_RESET_ISR
                0x00000fd4        0x8 .\CortexM3\ARM_GCC_541\Debug\PulseGenerator.a(USBFS_episr.o)
                0x00000fd4                USBFS_BUS_RESET_ISR
 .text.USBFS_FindHidClassDecriptor
                0x00000fdc       0x44 .\CortexM3\ARM_GCC_541\Debug\PulseGenerator.a(USBFS_hid.o)
                0x00000fdc                USBFS_FindHidClassDecriptor
 .text.USBFS_FindReportDescriptor
                0x00001020       0x4c .\CortexM3\ARM_GCC_541\Debug\PulseGenerator.a(USBFS_hid.o)
                0x00001020                USBFS_FindReportDescriptor
 .text.USBFS_FindReport
                0x0000106c       0x7c .\CortexM3\ARM_GCC_541\Debug\PulseGenerator.a(USBFS_hid.o)
                0x0000106c                USBFS_FindReport
 .text.USBFS_DispatchHIDClassRqst
                0x000010e8      0x184 .\CortexM3\ARM_GCC_541\Debug\PulseGenerator.a(USBFS_hid.o)
                0x000010e8                USBFS_DispatchHIDClassRqst
 .text.USBFS_DP_ISR
                0x0000126c        0x8 .\CortexM3\ARM_GCC_541\Debug\PulseGenerator.a(USBFS_pm.o)
                0x0000126c                USBFS_DP_ISR
 .text.USBFS_ConfigReg
                0x00001274       0xa4 .\CortexM3\ARM_GCC_541\Debug\PulseGenerator.a(USBFS_std.o)
                0x00001274                USBFS_ConfigReg
 .text.USBFS_GetConfigTablePtr
                0x00001318       0x28 .\CortexM3\ARM_GCC_541\Debug\PulseGenerator.a(USBFS_std.o)
                0x00001318                USBFS_GetConfigTablePtr
 .text.USBFS_ConfigAltChanged
                0x00001340      0x11c .\CortexM3\ARM_GCC_541\Debug\PulseGenerator.a(USBFS_std.o)
                0x00001340                USBFS_ConfigAltChanged
 .text.USBFS_GetDeviceTablePtr
                0x0000145c       0x18 .\CortexM3\ARM_GCC_541\Debug\PulseGenerator.a(USBFS_std.o)
                0x0000145c                USBFS_GetDeviceTablePtr
 .text.USBFS_GetInterfaceClassTablePtr
                0x00001474       0x28 .\CortexM3\ARM_GCC_541\Debug\PulseGenerator.a(USBFS_std.o)
                0x00001474                USBFS_GetInterfaceClassTablePtr
 .text.USBFS_Config
                0x0000149c      0x1c4 .\CortexM3\ARM_GCC_541\Debug\PulseGenerator.a(USBFS_std.o)
                0x0000149c                USBFS_Config
 .text.USBFS_SetEndpointHalt
                0x00001660       0x64 .\CortexM3\ARM_GCC_541\Debug\PulseGenerator.a(USBFS_std.o)
                0x00001660                USBFS_SetEndpointHalt
 .text.USBFS_ClearEndpointHalt
                0x000016c4       0xa8 .\CortexM3\ARM_GCC_541\Debug\PulseGenerator.a(USBFS_std.o)
                0x000016c4                USBFS_ClearEndpointHalt
 .text.USBFS_ValidateAlternateSetting
                0x0000176c       0x4c .\CortexM3\ARM_GCC_541\Debug\PulseGenerator.a(USBFS_std.o)
                0x0000176c                USBFS_ValidateAlternateSetting
 .text.USBFS_HandleStandardRqst
                0x000017b8      0x328 .\CortexM3\ARM_GCC_541\Debug\PulseGenerator.a(USBFS_std.o)
                0x000017b8                USBFS_HandleStandardRqst
 .text.USBFS_HandleVendorRqst
                0x00001ae0       0x18 .\CortexM3\ARM_GCC_541\Debug\PulseGenerator.a(USBFS_vnd.o)
                0x00001ae0                USBFS_HandleVendorRqst
 .text.USBFS_Dp_ClearInterrupt
                0x00001af8       0x10 .\CortexM3\ARM_GCC_541\Debug\PulseGenerator.a(USBFS_Dp.o)
                0x00001af8                USBFS_Dp_ClearInterrupt
 .text.CyHalt   0x00001b08        0x4 .\CortexM3\ARM_GCC_541\Debug\PulseGenerator.a(CyLib.o)
                0x00001b08                CyHalt
 .text.CyDelayUs
                0x00001b0c       0x14 .\CortexM3\ARM_GCC_541\Debug\PulseGenerator.a(CyLib.o)
                0x00001b0c                CyDelayUs
 .text.CyIntSetVector
                0x00001b20       0x28 .\CortexM3\ARM_GCC_541\Debug\PulseGenerator.a(CyLib.o)
                0x00001b20                CyIntSetVector
 .text.CyIntSetPriority
                0x00001b48       0x30 .\CortexM3\ARM_GCC_541\Debug\PulseGenerator.a(CyLib.o)
                0x00001b48                CyIntSetPriority
 .text.EnableAndDirection_Write
                0x00001b78        0xc .\CortexM3\ARM_GCC_541\Debug\PulseGenerator.a(EnableAndDirection.o)
                0x00001b78                EnableAndDirection_Write
 .text.EnableAndDirection_Read
                0x00001b84        0xc .\CortexM3\ARM_GCC_541\Debug\PulseGenerator.a(EnableAndDirection.o)
                0x00001b84                EnableAndDirection_Read
 .text          0x00001b90       0x20 .\CortexM3\ARM_GCC_541\Debug\PulseGenerator.a(CyBootAsmGnu.o)
                0x00001b90                CyDelayCycles
                0x00001ba0                CyEnterCriticalSection
                0x00001ba8                CyExitCriticalSection
 .text.USBFS_DispatchClassRqst
                0x00001bb0       0x58 .\CortexM3\ARM_GCC_541\Debug\PulseGenerator.a(USBFS_cls.o)
                0x00001bb0                USBFS_DispatchClassRqst
 .text          0x00001c08      0x2a0 c:/program files (x86)/cypress/psoc creator/4.1/psoc creator/import/gnu/arm/5.4.1/bin/../lib/gcc/arm-none-eabi/5.4.1/armv7-m\libgcc.a(_arm_muldivsf3.o)
                0x00001c08                __mulsf3
                0x00001c08                __aeabi_fmul
                0x00001d70                __aeabi_fdiv
                0x00001d70                __divsf3
 .text          0x00001ea8       0xec c:/program files (x86)/cypress/psoc creator/4.1/psoc creator/import/gnu/arm/5.4.1/bin/../lib/gcc/arm-none-eabi/5.4.1/armv7-m\libgcc.a(_arm_cmpsf2.o)
                0x00001ea8                __gesf2
                0x00001ea8                __gtsf2
                0x00001eb0                __lesf2
                0x00001eb0                __ltsf2
                0x00001eb8                __nesf2
                0x00001eb8                __eqsf2
                0x00001eb8                __cmpsf2
                0x00001f18                __aeabi_cfrcmple
                0x00001f20                __aeabi_cfcmpeq
                0x00001f20                __aeabi_cfcmple
                0x00001f30                __aeabi_fcmpeq
                0x00001f44                __aeabi_fcmplt
                0x00001f58                __aeabi_fcmple
                0x00001f6c                __aeabi_fcmpge
                0x00001f80                __aeabi_fcmpgt
 .text          0x00001f94       0x40 c:/program files (x86)/cypress/psoc creator/4.1/psoc creator/import/gnu/arm/5.4.1/bin/../lib/gcc/arm-none-eabi/5.4.1/armv7-m\libgcc.a(_arm_fixunssfsi.o)
                0x00001f94                __fixunssfsi
                0x00001f94                __aeabi_f2uiz
 .text.__libc_init_array
                0x00001fd4       0x4c c:/program files (x86)/cypress/psoc creator/4.1/psoc creator/import/gnu/arm/5.4.1/bin/../lib/gcc/arm-none-eabi/5.4.1/../../../../arm-none-eabi/lib/armv7-m\libg_nano.a(lib_a-init.o)
                0x00001fd4                __libc_init_array
 .text.memcpy   0x00002020       0x16 c:/program files (x86)/cypress/psoc creator/4.1/psoc creator/import/gnu/arm/5.4.1/bin/../lib/gcc/arm-none-eabi/5.4.1/../../../../arm-none-eabi/lib/armv7-m\libg_nano.a(lib_a-memcpy-stub.o)
                0x00002020                memcpy
 .text.memset   0x00002036       0x10 c:/program files (x86)/cypress/psoc creator/4.1/psoc creator/import/gnu/arm/5.4.1/bin/../lib/gcc/arm-none-eabi/5.4.1/../../../../arm-none-eabi/lib/armv7-m\libg_nano.a(lib_a-memset.o)
                0x00002036                memset
 *(.plt)
 *(.gnu.warning)
 *(.glue_7t)
 .glue_7t       0x00002046        0x0 linker stubs
 *(.glue_7)
 .glue_7        0x00002046        0x0 linker stubs
 *(.vfp11_veneer)
 .vfp11_veneer  0x00002046        0x0 linker stubs
 *(.bootloader)
 *(.ARM.extab* .gnu.linkonce.armextab.*)
 *(.gcc_except_table)

.v4_bx          0x00002048        0x0
 .v4_bx         0x00002048        0x0 linker stubs

.iplt           0x00002048        0x0
 .iplt          0x00002048        0x0 c:/program files (x86)/cypress/psoc creator/4.1/psoc creator/import/gnu/arm/5.4.1/bin/../lib/gcc/arm-none-eabi/5.4.1/armv7-m/crtbegin.o

.eh_frame_hdr
 *(.eh_frame_hdr)

.eh_frame       0x00002048        0x4
 *(.eh_frame)
 .eh_frame      0x00002048        0x0 c:/program files (x86)/cypress/psoc creator/4.1/psoc creator/import/gnu/arm/5.4.1/bin/../lib/gcc/arm-none-eabi/5.4.1/armv7-m/crtbegin.o
 .eh_frame      0x00002048        0x4 c:/program files (x86)/cypress/psoc creator/4.1/psoc creator/import/gnu/arm/5.4.1/bin/../lib/gcc/arm-none-eabi/5.4.1/armv7-m/crtend.o
                [!provide]                PROVIDE (__exidx_start, .)

.ARM.exidx
 *(.ARM.exidx* .gnu.linkonce.armexidx.*)
                0x0000204c                __exidx_end = .

.rodata         0x0000204c      0x1fc
 *(.rodata .rodata.* .gnu.linkonce.r.*)
 .rodata        0x0000204c       0x30 .\CortexM3\ARM_GCC_541\Debug\cyfitter_cfg.o
 .rodata        0x0000207c      0x196 .\CortexM3\ARM_GCC_541\Debug\PulseGenerator.a(USBFS_descr.o)
                0x0000207c                USBFS_TABLE
                0x00002084                USBFS_DEVICE0_TABLE
                0x0000209c                USBFS_DEVICE0_CONFIGURATION0_TABLE
                0x000020bc                USBFS_DEVICE0_CONFIGURATION0_INTERFACE_CLASS
                0x000020c0                USBFS_DEVICE0_CONFIGURATION0_EP_SETTINGS_TABLE
                0x000020d0                USBFS_DEVICE0_CONFIGURATION0_INTERFACE0_TABLE
                0x000020d8                USBFS_DEVICE0_CONFIGURATION0_INTERFACE0_ALTERNATE0_HID_TABLE
                0x00002100                USBFS_DEVICE0_CONFIGURATION0_INTERFACE0_ALTERNATE0_HID_OUT_RPT_TABLE
                0x0000210c                USBFS_DEVICE0_CONFIGURATION0_INTERFACE0_ALTERNATE0_HID_IN_RPT_TABLE
                0x00002118                USBFS_HIDREPORT_DESCRIPTOR1
                0x00002144                USBFS_STRING_DESCRIPTORS
                0x000021d4                USBFS_DEVICE0_CONFIGURATION0_DESCR
                0x00002200                USBFS_DEVICE0_DESCR
                0x00002214                . = ALIGN (0x4)
 *fill*         0x00002212        0x2 
 *(.init)
 .init          0x00002214        0x4 c:/program files (x86)/cypress/psoc creator/4.1/psoc creator/import/gnu/arm/5.4.1/bin/../lib/gcc/arm-none-eabi/5.4.1/armv7-m/crti.o
                0x00002214                _init
 .init          0x00002218        0x8 c:/program files (x86)/cypress/psoc creator/4.1/psoc creator/import/gnu/arm/5.4.1/bin/../lib/gcc/arm-none-eabi/5.4.1/armv7-m/crtn.o
                0x00002220                . = ALIGN (0x4)
                0x00002220                __preinit_array_start = .
 *(.preinit_array)
                0x00002220                __preinit_array_end = .
                0x00002220                . = ALIGN (0x4)
                0x00002220                __init_array_start = .
 *(SORT(.init_array.*))
 *(.init_array)
 .init_array    0x00002220        0x4 c:/program files (x86)/cypress/psoc creator/4.1/psoc creator/import/gnu/arm/5.4.1/bin/../lib/gcc/arm-none-eabi/5.4.1/armv7-m/crtbegin.o
 .init_array    0x00002224        0x4 .\CortexM3\ARM_GCC_541\Debug\Cm3Start.o
                0x00002228                __init_array_end = .
                0x00002228                . = ALIGN (0x4)
 *(.fini)
 .fini          0x00002228        0x4 c:/program files (x86)/cypress/psoc creator/4.1/psoc creator/import/gnu/arm/5.4.1/bin/../lib/gcc/arm-none-eabi/5.4.1/armv7-m/crti.o
                0x00002228                _fini
 .fini          0x0000222c        0x8 c:/program files (x86)/cypress/psoc creator/4.1/psoc creator/import/gnu/arm/5.4.1/bin/../lib/gcc/arm-none-eabi/5.4.1/armv7-m/crtn.o
                0x00002234                . = ALIGN (0x4)
                0x00002234                __fini_array_start = .
 *(.fini_array)
 .fini_array    0x00002234        0x4 c:/program files (x86)/cypress/psoc creator/4.1/psoc creator/import/gnu/arm/5.4.1/bin/../lib/gcc/arm-none-eabi/5.4.1/armv7-m/crtbegin.o
 *(SORT(.fini_array.*))
                0x00002238                __fini_array_end = .
                0x00002238                . = ALIGN (0x4)
 *crtbegin.o(.ctors)
 *(EXCLUDE_FILE(*crtend.o) .ctors)
 *(SORT(.ctors.*))
 *crtend.o(.ctors)
                0x00002238                . = ALIGN (0x4)
 *crtbegin.o(.dtors)
 *(EXCLUDE_FILE(*crtend.o) .dtors)
 *(SORT(.dtors.*))
 *crtend.o(.dtors)
                0x00002238                . = ALIGN (0x4)
                0x00002238                __cy_regions = .
                0x00002238        0x4 LONG 0x2248 __cy_region_init_ram
                0x0000223c        0x4 LONG 0x1fff80c8 __cy_region_start_data
                0x00002240        0x4 LONG 0x18 __cy_region_init_size_ram
                0x00002244        0x4 LONG 0x1e8 __cy_region_zero_size_ram
                0x00002248                __cy_regions_end = .
                0x00002248                . = ALIGN (0x8)
                0x00002248                _etext = .

.ramvectors     0x1fff8000       0xc0
                0x1fff8000                __cy_region_start_ram = .
 *(.ramvectors)
 .ramvectors    0x1fff8000       0xc0 .\CortexM3\ARM_GCC_541\Debug\Cm3Start.o
                0x1fff8000                CyRamVectors

.noinit         0x1fff80c0        0x1
 *(.noinit)
 .noinit        0x1fff80c0        0x1 .\CortexM3\ARM_GCC_541\Debug\PulseGenerator.a(CyLib.o)
                0x1fff80c0                CyResetStatus

.data           0x1fff80c8       0x18 load address 0x00002248
                0x1fff80c8                __cy_region_start_data = .
 *(.jcr)
 .jcr           0x1fff80c8        0x0 c:/program files (x86)/cypress/psoc creator/4.1/psoc creator/import/gnu/arm/5.4.1/bin/../lib/gcc/arm-none-eabi/5.4.1/armv7-m/crtbegin.o
 .jcr           0x1fff80c8        0x4 c:/program files (x86)/cypress/psoc creator/4.1/psoc creator/import/gnu/arm/5.4.1/bin/../lib/gcc/arm-none-eabi/5.4.1/armv7-m/crtend.o
 *(.got.plt)
 *(.got)
 *(.shdata)
 *(.data .data.* .gnu.linkonce.d.*)
 .data          0x1fff80cc        0x2 .\CortexM3\ARM_GCC_541\Debug\main.o
                0x1fff80cc                enable
                0x1fff80cd                direction
 *fill*         0x1fff80ce        0x2 
 .data          0x1fff80d0       0x10 .\CortexM3\ARM_GCC_541\Debug\PulseGenerator.a(CyLib.o)
                0x1fff80d0                cydelay_32k_ms
                0x1fff80d4                cydelay_freq_khz
                0x1fff80d8                cydelay_freq_mhz
                0x1fff80dc                cydelay_freq_hz
                0x1fff80e0                . = ALIGN (0x8)
 *(.ram)
                0x1fff80e0                _edata = .

.igot.plt       0x1fff80e0        0x0 load address 0x00002260
 .igot.plt      0x1fff80e0        0x0 c:/program files (x86)/cypress/psoc creator/4.1/psoc creator/import/gnu/arm/5.4.1/bin/../lib/gcc/arm-none-eabi/5.4.1/armv7-m/crtbegin.o

.bss            0x1fff80e0      0x1e8 load address 0x00002260
                0x1fff80e0                PROVIDE (__bss_start__, .)
 *(.shbss)
 *(.bss .bss.* .gnu.linkonce.b.*)
 .bss           0x1fff80e0       0x1c c:/program files (x86)/cypress/psoc creator/4.1/psoc creator/import/gnu/arm/5.4.1/bin/../lib/gcc/arm-none-eabi/5.4.1/armv7-m/crtbegin.o
 .bss           0x1fff80fc       0x84 .\CortexM3\ARM_GCC_541\Debug\main.o
                0x1fff817c                pulses
 .bss           0x1fff8180        0xd .\CortexM3\ARM_GCC_541\Debug\usb.o
 .bss           0x1fff818d        0x1 .\CortexM3\ARM_GCC_541\Debug\PulseGenerator.a(Timer1.o)
                0x1fff818d                Timer1_initVar
 .bss           0x1fff818e        0x1 .\CortexM3\ARM_GCC_541\Debug\PulseGenerator.a(USBFS.o)
                0x1fff818e                USBFS_initVar
 *fill*         0x1fff818f        0x1 
 .bss           0x1fff8190        0x2 .\CortexM3\ARM_GCC_541\Debug\PulseGenerator.a(USBFS_std.o)
 *(COMMON)
 *fill*         0x1fff8192        0x2 
 COMMON         0x1fff8194       0x98 .\CortexM3\ARM_GCC_541\Debug\PulseGenerator.a(USBFS_drv.o)
                0x1fff8194                USBFS_deviceAddress
                0x1fff8195                USBFS_ep0Mode
                0x1fff8198                USBFS_interfaceSetting
                0x1fff819c                USBFS_currentTD
                0x1fff81a8                USBFS_device
                0x1fff81a9                USBFS_interfaceNumber
                0x1fff81aa                USBFS_ep0Toggle
                0x1fff81ab                USBFS_deviceStatus
                0x1fff81ac                USBFS_configurationChanged
                0x1fff81ad                USBFS_configuration
                0x1fff81ae                USBFS_transferState
                0x1fff81b0                USBFS_interfaceStatus
                0x1fff81b4                USBFS_interfaceClass
                0x1fff81b8                USBFS_EP
                0x1fff8224                USBFS_lastPacketSize
                0x1fff8225                USBFS_ep0Count
                0x1fff8228                USBFS_interfaceSettingLast
                0x1fff822a                USBFS_transferByteCount
 COMMON         0x1fff822c        0x9 .\CortexM3\ARM_GCC_541\Debug\PulseGenerator.a(USBFS_hid.o)
                0x1fff822c                USBFS_hidIdleRate
                0x1fff8230                USBFS_hidIdleTimer
                0x1fff8234                USBFS_hidProtocol
 *fill*         0x1fff8235        0x3 
 COMMON         0x1fff8238       0x90 .\CortexM3\ARM_GCC_541\Debug\PulseGenerator.a(USBFS_descr.o)
                0x1fff8238                USBFS_DEVICE0_CONFIGURATION0_INTERFACE0_ALTERNATE0_HID_IN_RPT_SCB
                0x1fff823c                USBFS_DEVICE0_CONFIGURATION0_INTERFACE0_ALTERNATE0_HID_IN_BUF
                0x1fff8280                USBFS_DEVICE0_CONFIGURATION0_INTERFACE0_ALTERNATE0_HID_OUT_BUF
                0x1fff82c4                USBFS_DEVICE0_CONFIGURATION0_INTERFACE0_ALTERNATE0_HID_OUT_RPT_SCB
                0x1fff82c8                . = ALIGN (0x8)
 *(.ram.b)
                0x1fff82c8                _end = .
                0x1fff82c8                __end = .
                0x1fff82c8                PROVIDE (end, .)
                0x1fff82c8                PROVIDE (__bss_end__, .)
                0x00002248                __cy_region_init_ram = LOADADDR (.data)
                0x00000018                __cy_region_init_size_ram = (_edata - ADDR (.data))
                0x000001e8                __cy_region_zero_size_ram = (_end - _edata)

.heap           0x1fff82c8       0x80 load address 0x00002260
                0x1fff82c8                . = _end
                0x1fff8348                . = (. + 0x80)
 *fill*         0x1fff82c8       0x80 
                0x1fff8348                __cy_heap_limit = .

.stack          0x20007800      0x800
                0x20007800                __cy_stack_limit = .
                0x20008000                . = (. + 0x800)
 *fill*         0x20007800      0x800 
                0x00000001                ASSERT ((__cy_stack_limit >= __cy_heap_limit), region RAM overflowed with stack)

.cyloadermeta
 *(.cyloadermeta)

.cyloadablemeta
 *(.cyloadablemeta)

.cyconfigecc    0x80000000      0x270
 *(.cyconfigecc)
 .cyconfigecc   0x80000000      0x270 .\CortexM3\ARM_GCC_541\Debug\cymetadata.o
                0x80000000                cy_meta_configecc

.cycustnvl      0x90000000        0x4
 *(.cycustnvl)
 .cycustnvl     0x90000000        0x4 .\CortexM3\ARM_GCC_541\Debug\cymetadata.o
                0x90000000                cy_meta_custnvl

.cywolatch      0x90100000        0x4
 *(.cywolatch)
 .cywolatch     0x90100000        0x4 .\CortexM3\ARM_GCC_541\Debug\cymetadata.o
                0x90100000                cy_meta_wonvl

.cyeeprom       0x90200000        0x0
 *(.cyeeprom)
                0x00000001                ASSERT ((. <= ((0x90200000 + ee_offset) + ee_size)), .cyeeprom data will not fit in EEPROM)

.cyflashprotect
                0x90400000      0x100
 *(.cyflashprotect)
 .cyflashprotect
                0x90400000      0x100 .\CortexM3\ARM_GCC_541\Debug\cymetadata.o
                0x90400000                cy_meta_flashprotect

.cymeta         0x90500000        0xc
 *(.cymeta)
 .cymeta        0x90500000        0xc .\CortexM3\ARM_GCC_541\Debug\cymetadata.o
                0x90500000                cy_metadata

.rel.dyn        0x00002260        0x0 load address 0x9050000c
 .rel.iplt      0x00002260        0x0 c:/program files (x86)/cypress/psoc creator/4.1/psoc creator/import/gnu/arm/5.4.1/bin/../lib/gcc/arm-none-eabi/5.4.1/armv7-m/crtbegin.o

.stab
 *(.stab)

.stabstr
 *(.stabstr)

.debug
 *(.debug)

.line
 *(.line)

.debug_srcinfo
 *(.debug_srcinfo)

.debug_sfnames
 *(.debug_sfnames)

.debug_aranges  0x00000000      0xa90
 *(.debug_aranges)
 .debug_aranges
                0x00000000       0x48 .\CortexM3\ARM_GCC_541\Debug\main.o
 .debug_aranges
                0x00000048       0x50 .\CortexM3\ARM_GCC_541\Debug\usb.o
 .debug_aranges
                0x00000098       0x70 .\CortexM3\ARM_GCC_541\Debug\eeprom_amc.o
 .debug_aranges
                0x00000108       0x58 .\CortexM3\ARM_GCC_541\Debug\cyfitter_cfg.o
 .debug_aranges
                0x00000160       0x18 .\CortexM3\ARM_GCC_541\Debug\cymetadata.o
 .debug_aranges
                0x00000178       0x48 .\CortexM3\ARM_GCC_541\Debug\Cm3Start.o
 .debug_aranges
                0x000001c0       0x90 .\CortexM3\ARM_GCC_541\Debug\PulseGenerator.a(Timer1.o)
 .debug_aranges
                0x00000250       0x28 .\CortexM3\ARM_GCC_541\Debug\PulseGenerator.a(TrigPulseTrain.o)
 .debug_aranges
                0x00000278       0x70 .\CortexM3\ARM_GCC_541\Debug\PulseGenerator.a(Clock_1.o)
 .debug_aranges
                0x000002e8       0xc8 .\CortexM3\ARM_GCC_541\Debug\PulseGenerator.a(USBFS.o)
 .debug_aranges
                0x000003b0       0x98 .\CortexM3\ARM_GCC_541\Debug\PulseGenerator.a(USBFS_drv.o)
 .debug_aranges
                0x00000448       0x38 .\CortexM3\ARM_GCC_541\Debug\PulseGenerator.a(USBFS_episr.o)
 .debug_aranges
                0x00000480       0x48 .\CortexM3\ARM_GCC_541\Debug\PulseGenerator.a(USBFS_hid.o)
 .debug_aranges
                0x000004c8       0x40 .\CortexM3\ARM_GCC_541\Debug\PulseGenerator.a(USBFS_pm.o)
 .debug_aranges
                0x00000508       0x78 .\CortexM3\ARM_GCC_541\Debug\PulseGenerator.a(USBFS_std.o)
 .debug_aranges
                0x00000580       0x20 .\CortexM3\ARM_GCC_541\Debug\PulseGenerator.a(USBFS_vnd.o)
 .debug_aranges
                0x000005a0       0x48 .\CortexM3\ARM_GCC_541\Debug\PulseGenerator.a(USBFS_Dp.o)
 .debug_aranges
                0x000005e8       0x80 .\CortexM3\ARM_GCC_541\Debug\PulseGenerator.a(CyFlash.o)
 .debug_aranges
                0x00000668      0x298 .\CortexM3\ARM_GCC_541\Debug\PulseGenerator.a(CyLib.o)
 .debug_aranges
                0x00000900       0x98 .\CortexM3\ARM_GCC_541\Debug\PulseGenerator.a(cyPm.o)
 .debug_aranges
                0x00000998       0x78 .\CortexM3\ARM_GCC_541\Debug\PulseGenerator.a(CySpc.o)
 .debug_aranges
                0x00000a10       0x28 .\CortexM3\ARM_GCC_541\Debug\PulseGenerator.a(EnableAndDirection.o)
 .debug_aranges
                0x00000a38       0x20 .\CortexM3\ARM_GCC_541\Debug\PulseGenerator.a(CyBootAsmGnu.o)
 .debug_aranges
                0x00000a58       0x20 .\CortexM3\ARM_GCC_541\Debug\PulseGenerator.a(USBFS_cls.o)
 .debug_aranges
                0x00000a78       0x18 .\CortexM3\ARM_GCC_541\Debug\PulseGenerator.a(USBFS_descr.o)

.debug_pubnames
 *(.debug_pubnames)

.debug_info     0x00000000     0x70e3
 *(.debug_info .gnu.linkonce.wi.*)
 .debug_info    0x00000000      0x43e .\CortexM3\ARM_GCC_541\Debug\main.o
 .debug_info    0x0000043e      0x335 .\CortexM3\ARM_GCC_541\Debug\usb.o
 .debug_info    0x00000773      0x476 .\CortexM3\ARM_GCC_541\Debug\eeprom_amc.o
 .debug_info    0x00000be9      0x4eb .\CortexM3\ARM_GCC_541\Debug\cyfitter_cfg.o
 .debug_info    0x000010d4      0x135 .\CortexM3\ARM_GCC_541\Debug\cymetadata.o
 .debug_info    0x00001209      0x3a5 .\CortexM3\ARM_GCC_541\Debug\Cm3Start.o
 .debug_info    0x000015ae      0x2ec .\CortexM3\ARM_GCC_541\Debug\PulseGenerator.a(Timer1.o)
 .debug_info    0x0000189a       0xd5 .\CortexM3\ARM_GCC_541\Debug\PulseGenerator.a(TrigPulseTrain.o)
 .debug_info    0x0000196f      0x281 .\CortexM3\ARM_GCC_541\Debug\PulseGenerator.a(Clock_1.o)
 .debug_info    0x00001bf0      0x997 .\CortexM3\ARM_GCC_541\Debug\PulseGenerator.a(USBFS.o)
 .debug_info    0x00002587      0x653 .\CortexM3\ARM_GCC_541\Debug\PulseGenerator.a(USBFS_drv.o)
 .debug_info    0x00002bda      0x25a .\CortexM3\ARM_GCC_541\Debug\PulseGenerator.a(USBFS_episr.o)
 .debug_info    0x00002e34      0x439 .\CortexM3\ARM_GCC_541\Debug\PulseGenerator.a(USBFS_hid.o)
 .debug_info    0x0000326d      0x2e2 .\CortexM3\ARM_GCC_541\Debug\PulseGenerator.a(USBFS_pm.o)
 .debug_info    0x0000354f      0x9eb .\CortexM3\ARM_GCC_541\Debug\PulseGenerator.a(USBFS_std.o)
 .debug_info    0x00003f3a       0xec .\CortexM3\ARM_GCC_541\Debug\PulseGenerator.a(USBFS_vnd.o)
 .debug_info    0x00004026      0x172 .\CortexM3\ARM_GCC_541\Debug\PulseGenerator.a(USBFS_Dp.o)
 .debug_info    0x00004198      0x5b8 .\CortexM3\ARM_GCC_541\Debug\PulseGenerator.a(CyFlash.o)
 .debug_info    0x00004750     0x135b .\CortexM3\ARM_GCC_541\Debug\PulseGenerator.a(CyLib.o)
 .debug_info    0x00005aab      0xa1b .\CortexM3\ARM_GCC_541\Debug\PulseGenerator.a(cyPm.o)
 .debug_info    0x000064c6      0x4ec .\CortexM3\ARM_GCC_541\Debug\PulseGenerator.a(CySpc.o)
 .debug_info    0x000069b2       0xd5 .\CortexM3\ARM_GCC_541\Debug\PulseGenerator.a(EnableAndDirection.o)
 .debug_info    0x00006a87       0xa8 .\CortexM3\ARM_GCC_541\Debug\PulseGenerator.a(CyBootAsmGnu.o)
 .debug_info    0x00006b2f      0x1dc .\CortexM3\ARM_GCC_541\Debug\PulseGenerator.a(USBFS_cls.o)
 .debug_info    0x00006d0b      0x3d8 .\CortexM3\ARM_GCC_541\Debug\PulseGenerator.a(USBFS_descr.o)

.debug_abbrev   0x00000000     0x1f91
 *(.debug_abbrev)
 .debug_abbrev  0x00000000      0x180 .\CortexM3\ARM_GCC_541\Debug\main.o
 .debug_abbrev  0x00000180      0x12e .\CortexM3\ARM_GCC_541\Debug\usb.o
 .debug_abbrev  0x000002ae      0x1d8 .\CortexM3\ARM_GCC_541\Debug\eeprom_amc.o
 .debug_abbrev  0x00000486      0x1fe .\CortexM3\ARM_GCC_541\Debug\cyfitter_cfg.o
 .debug_abbrev  0x00000684       0x66 .\CortexM3\ARM_GCC_541\Debug\cymetadata.o
 .debug_abbrev  0x000006ea      0x203 .\CortexM3\ARM_GCC_541\Debug\Cm3Start.o
 .debug_abbrev  0x000008ed      0x138 .\CortexM3\ARM_GCC_541\Debug\PulseGenerator.a(Timer1.o)
 .debug_abbrev  0x00000a25       0x8e .\CortexM3\ARM_GCC_541\Debug\PulseGenerator.a(TrigPulseTrain.o)
 .debug_abbrev  0x00000ab3      0x146 .\CortexM3\ARM_GCC_541\Debug\PulseGenerator.a(Clock_1.o)
 .debug_abbrev  0x00000bf9      0x215 .\CortexM3\ARM_GCC_541\Debug\PulseGenerator.a(USBFS.o)
 .debug_abbrev  0x00000e0e      0x189 .\CortexM3\ARM_GCC_541\Debug\PulseGenerator.a(USBFS_drv.o)
 .debug_abbrev  0x00000f97      0x135 .\CortexM3\ARM_GCC_541\Debug\PulseGenerator.a(USBFS_episr.o)
 .debug_abbrev  0x000010cc      0x160 .\CortexM3\ARM_GCC_541\Debug\PulseGenerator.a(USBFS_hid.o)
 .debug_abbrev  0x0000122c      0x108 .\CortexM3\ARM_GCC_541\Debug\PulseGenerator.a(USBFS_pm.o)
 .debug_abbrev  0x00001334      0x1d8 .\CortexM3\ARM_GCC_541\Debug\PulseGenerator.a(USBFS_std.o)
 .debug_abbrev  0x0000150c       0x8e .\CortexM3\ARM_GCC_541\Debug\PulseGenerator.a(USBFS_vnd.o)
 .debug_abbrev  0x0000159a       0x9d .\CortexM3\ARM_GCC_541\Debug\PulseGenerator.a(USBFS_Dp.o)
 .debug_abbrev  0x00001637      0x189 .\CortexM3\ARM_GCC_541\Debug\PulseGenerator.a(CyFlash.o)
 .debug_abbrev  0x000017c0      0x254 .\CortexM3\ARM_GCC_541\Debug\PulseGenerator.a(CyLib.o)
 .debug_abbrev  0x00001a14      0x1b8 .\CortexM3\ARM_GCC_541\Debug\PulseGenerator.a(cyPm.o)
 .debug_abbrev  0x00001bcc      0x1a1 .\CortexM3\ARM_GCC_541\Debug\PulseGenerator.a(CySpc.o)
 .debug_abbrev  0x00001d6d       0x8e .\CortexM3\ARM_GCC_541\Debug\PulseGenerator.a(EnableAndDirection.o)
 .debug_abbrev  0x00001dfb       0x14 .\CortexM3\ARM_GCC_541\Debug\PulseGenerator.a(CyBootAsmGnu.o)
 .debug_abbrev  0x00001e0f       0xd4 .\CortexM3\ARM_GCC_541\Debug\PulseGenerator.a(USBFS_cls.o)
 .debug_abbrev  0x00001ee3       0xae .\CortexM3\ARM_GCC_541\Debug\PulseGenerator.a(USBFS_descr.o)

.debug_line     0x00000000     0x2d75
 *(.debug_line)
 .debug_line    0x00000000      0x249 .\CortexM3\ARM_GCC_541\Debug\main.o
 .debug_line    0x00000249      0x21f .\CortexM3\ARM_GCC_541\Debug\usb.o
 .debug_line    0x00000468      0x24a .\CortexM3\ARM_GCC_541\Debug\eeprom_amc.o
 .debug_line    0x000006b2      0x1d7 .\CortexM3\ARM_GCC_541\Debug\cyfitter_cfg.o
 .debug_line    0x00000889      0x141 .\CortexM3\ARM_GCC_541\Debug\cymetadata.o
 .debug_line    0x000009ca      0x234 .\CortexM3\ARM_GCC_541\Debug\Cm3Start.o
 .debug_line    0x00000bfe      0x171 .\CortexM3\ARM_GCC_541\Debug\PulseGenerator.a(Timer1.o)
 .debug_line    0x00000d6f       0x76 .\CortexM3\ARM_GCC_541\Debug\PulseGenerator.a(TrigPulseTrain.o)
 .debug_line    0x00000de5      0x176 .\CortexM3\ARM_GCC_541\Debug\PulseGenerator.a(Clock_1.o)
 .debug_line    0x00000f5b      0x2f0 .\CortexM3\ARM_GCC_541\Debug\PulseGenerator.a(USBFS.o)
 .debug_line    0x0000124b      0x21b .\CortexM3\ARM_GCC_541\Debug\PulseGenerator.a(USBFS_drv.o)
 .debug_line    0x00001466       0xde .\CortexM3\ARM_GCC_541\Debug\PulseGenerator.a(USBFS_episr.o)
 .debug_line    0x00001544      0x149 .\CortexM3\ARM_GCC_541\Debug\PulseGenerator.a(USBFS_hid.o)
 .debug_line    0x0000168d      0x106 .\CortexM3\ARM_GCC_541\Debug\PulseGenerator.a(USBFS_pm.o)
 .debug_line    0x00001793      0x366 .\CortexM3\ARM_GCC_541\Debug\PulseGenerator.a(USBFS_std.o)
 .debug_line    0x00001af9       0x6f .\CortexM3\ARM_GCC_541\Debug\PulseGenerator.a(USBFS_vnd.o)
 .debug_line    0x00001b68       0xb9 .\CortexM3\ARM_GCC_541\Debug\PulseGenerator.a(USBFS_Dp.o)
 .debug_line    0x00001c21      0x1e9 .\CortexM3\ARM_GCC_541\Debug\PulseGenerator.a(CyFlash.o)
 .debug_line    0x00001e0a      0x804 .\CortexM3\ARM_GCC_541\Debug\PulseGenerator.a(CyLib.o)
 .debug_line    0x0000260e      0x364 .\CortexM3\ARM_GCC_541\Debug\PulseGenerator.a(cyPm.o)
 .debug_line    0x00002972      0x23c .\CortexM3\ARM_GCC_541\Debug\PulseGenerator.a(CySpc.o)
 .debug_line    0x00002bae       0x7a .\CortexM3\ARM_GCC_541\Debug\PulseGenerator.a(EnableAndDirection.o)
 .debug_line    0x00002c28       0x66 .\CortexM3\ARM_GCC_541\Debug\PulseGenerator.a(CyBootAsmGnu.o)
 .debug_line    0x00002c8e       0x8a .\CortexM3\ARM_GCC_541\Debug\PulseGenerator.a(USBFS_cls.o)
 .debug_line    0x00002d18       0x5d .\CortexM3\ARM_GCC_541\Debug\PulseGenerator.a(USBFS_descr.o)

.debug_frame    0x00000000     0x1a78
 *(.debug_frame)
 .debug_frame   0x00000000       0xb8 .\CortexM3\ARM_GCC_541\Debug\main.o
 .debug_frame   0x000000b8       0xcc .\CortexM3\ARM_GCC_541\Debug\usb.o
 .debug_frame   0x00000184      0x12c .\CortexM3\ARM_GCC_541\Debug\eeprom_amc.o
 .debug_frame   0x000002b0       0xe4 .\CortexM3\ARM_GCC_541\Debug\cyfitter_cfg.o
 .debug_frame   0x00000394       0xac .\CortexM3\ARM_GCC_541\Debug\Cm3Start.o
 .debug_frame   0x00000440      0x124 .\CortexM3\ARM_GCC_541\Debug\PulseGenerator.a(Timer1.o)
 .debug_frame   0x00000564       0x30 .\CortexM3\ARM_GCC_541\Debug\PulseGenerator.a(TrigPulseTrain.o)
 .debug_frame   0x00000594       0xe0 .\CortexM3\ARM_GCC_541\Debug\PulseGenerator.a(Clock_1.o)
 .debug_frame   0x00000674      0x1dc .\CortexM3\ARM_GCC_541\Debug\PulseGenerator.a(USBFS.o)
 .debug_frame   0x00000850      0x194 .\CortexM3\ARM_GCC_541\Debug\PulseGenerator.a(USBFS_drv.o)
 .debug_frame   0x000009e4       0x68 .\CortexM3\ARM_GCC_541\Debug\PulseGenerator.a(USBFS_episr.o)
 .debug_frame   0x00000a4c       0xa0 .\CortexM3\ARM_GCC_541\Debug\PulseGenerator.a(USBFS_hid.o)
 .debug_frame   0x00000aec       0xa0 .\CortexM3\ARM_GCC_541\Debug\PulseGenerator.a(USBFS_pm.o)
 .debug_frame   0x00000b8c      0x150 .\CortexM3\ARM_GCC_541\Debug\PulseGenerator.a(USBFS_std.o)
 .debug_frame   0x00000cdc       0x20 .\CortexM3\ARM_GCC_541\Debug\PulseGenerator.a(USBFS_vnd.o)
 .debug_frame   0x00000cfc       0x70 .\CortexM3\ARM_GCC_541\Debug\PulseGenerator.a(USBFS_Dp.o)
 .debug_frame   0x00000d6c      0x174 .\CortexM3\ARM_GCC_541\Debug\PulseGenerator.a(CyFlash.o)
 .debug_frame   0x00000ee0      0x728 .\CortexM3\ARM_GCC_541\Debug\PulseGenerator.a(CyLib.o)
 .debug_frame   0x00001608      0x1f8 .\CortexM3\ARM_GCC_541\Debug\PulseGenerator.a(cyPm.o)
 .debug_frame   0x00001800      0x160 .\CortexM3\ARM_GCC_541\Debug\PulseGenerator.a(CySpc.o)
 .debug_frame   0x00001960       0x30 .\CortexM3\ARM_GCC_541\Debug\PulseGenerator.a(EnableAndDirection.o)
 .debug_frame   0x00001990       0x2c .\CortexM3\ARM_GCC_541\Debug\PulseGenerator.a(USBFS_cls.o)
 .debug_frame   0x000019bc       0x20 c:/program files (x86)/cypress/psoc creator/4.1/psoc creator/import/gnu/arm/5.4.1/bin/../lib/gcc/arm-none-eabi/5.4.1/../../../../arm-none-eabi/lib/armv7-m\libg_nano.a(lib_a-errno.o)
 .debug_frame   0x000019dc       0x28 c:/program files (x86)/cypress/psoc creator/4.1/psoc creator/import/gnu/arm/5.4.1/bin/../lib/gcc/arm-none-eabi/5.4.1/../../../../arm-none-eabi/lib/armv7-m\libg_nano.a(lib_a-exit.o)
 .debug_frame   0x00001a04       0x2c c:/program files (x86)/cypress/psoc creator/4.1/psoc creator/import/gnu/arm/5.4.1/bin/../lib/gcc/arm-none-eabi/5.4.1/../../../../arm-none-eabi/lib/armv7-m\libg_nano.a(lib_a-init.o)
 .debug_frame   0x00001a30       0x28 c:/program files (x86)/cypress/psoc creator/4.1/psoc creator/import/gnu/arm/5.4.1/bin/../lib/gcc/arm-none-eabi/5.4.1/../../../../arm-none-eabi/lib/armv7-m\libg_nano.a(lib_a-memcpy-stub.o)
 .debug_frame   0x00001a58       0x20 c:/program files (x86)/cypress/psoc creator/4.1/psoc creator/import/gnu/arm/5.4.1/bin/../lib/gcc/arm-none-eabi/5.4.1/../../../../arm-none-eabi/lib/armv7-m\libg_nano.a(lib_a-memset.o)

.debug_str      0x00000000     0x28ce
 *(.debug_str)
 .debug_str     0x00000000      0x37c .\CortexM3\ARM_GCC_541\Debug\main.o
                                0x3c9 (size before relaxing)
 .debug_str     0x0000037c      0x12d .\CortexM3\ARM_GCC_541\Debug\usb.o
                                0x34b (size before relaxing)
 .debug_str     0x000004a9      0x164 .\CortexM3\ARM_GCC_541\Debug\eeprom_amc.o
                                0x323 (size before relaxing)
 .debug_str     0x0000060d      0x161 .\CortexM3\ARM_GCC_541\Debug\cyfitter_cfg.o
                                0x327 (size before relaxing)
 .debug_str     0x0000076e       0x7f .\CortexM3\ARM_GCC_541\Debug\cymetadata.o
                                0x1fc (size before relaxing)
 .debug_str     0x000007ed      0x144 .\CortexM3\ARM_GCC_541\Debug\Cm3Start.o
                                0x322 (size before relaxing)
 .debug_str     0x00000931      0x19a .\CortexM3\ARM_GCC_541\Debug\PulseGenerator.a(Timer1.o)
                                0x365 (size before relaxing)
 .debug_str     0x00000acb       0x3c .\CortexM3\ARM_GCC_541\Debug\PulseGenerator.a(TrigPulseTrain.o)
                                0x1e2 (size before relaxing)
 .debug_str     0x00000b07      0x14d .\CortexM3\ARM_GCC_541\Debug\PulseGenerator.a(Clock_1.o)
                                0x306 (size before relaxing)
 .debug_str     0x00000c54      0x3c4 .\CortexM3\ARM_GCC_541\Debug\PulseGenerator.a(USBFS.o)
                                0x644 (size before relaxing)
 .debug_str     0x00001018      0x31c .\CortexM3\ARM_GCC_541\Debug\PulseGenerator.a(USBFS_drv.o)
                                0x60c (size before relaxing)
 .debug_str     0x00001334       0x65 .\CortexM3\ARM_GCC_541\Debug\PulseGenerator.a(USBFS_episr.o)
                                0x2ee (size before relaxing)
 .debug_str     0x00001399      0x124 .\CortexM3\ARM_GCC_541\Debug\PulseGenerator.a(USBFS_hid.o)
                                0x3f0 (size before relaxing)
 .debug_str     0x000014bd       0xbe .\CortexM3\ARM_GCC_541\Debug\PulseGenerator.a(USBFS_pm.o)
                                0x2f0 (size before relaxing)
 .debug_str     0x0000157b      0x1ee .\CortexM3\ARM_GCC_541\Debug\PulseGenerator.a(USBFS_std.o)
                                0x6e6 (size before relaxing)
 .debug_str     0x00001769       0x23 .\CortexM3\ARM_GCC_541\Debug\PulseGenerator.a(USBFS_vnd.o)
                                0x1ff (size before relaxing)
 .debug_str     0x0000178c       0x98 .\CortexM3\ARM_GCC_541\Debug\PulseGenerator.a(USBFS_Dp.o)
                                0x24b (size before relaxing)
 .debug_str     0x00001824      0x1b6 .\CortexM3\ARM_GCC_541\Debug\PulseGenerator.a(CyFlash.o)
                                0x3b9 (size before relaxing)
 .debug_str     0x000019da      0x7b5 .\CortexM3\ARM_GCC_541\Debug\PulseGenerator.a(CyLib.o)
                                0xa47 (size before relaxing)
 .debug_str     0x0000218f      0x343 .\CortexM3\ARM_GCC_541\Debug\PulseGenerator.a(cyPm.o)
                                0x73f (size before relaxing)
 .debug_str     0x000024d2       0xac .\CortexM3\ARM_GCC_541\Debug\PulseGenerator.a(CySpc.o)
                                0x342 (size before relaxing)
 .debug_str     0x0000257e       0x2c .\CortexM3\ARM_GCC_541\Debug\PulseGenerator.a(EnableAndDirection.o)
                                0x1ee (size before relaxing)
 .debug_str     0x000025aa       0x23 .\CortexM3\ARM_GCC_541\Debug\PulseGenerator.a(USBFS_cls.o)
                                0x2b6 (size before relaxing)
 .debug_str     0x000025cd      0x301 .\CortexM3\ARM_GCC_541\Debug\PulseGenerator.a(USBFS_descr.o)
                                0x575 (size before relaxing)

.debug_loc      0x00000000     0x301a
 *(.debug_loc)
 .debug_loc     0x00000000      0x170 .\CortexM3\ARM_GCC_541\Debug\main.o
 .debug_loc     0x00000170       0x84 .\CortexM3\ARM_GCC_541\Debug\usb.o
 .debug_loc     0x000001f4      0x1d6 .\CortexM3\ARM_GCC_541\Debug\eeprom_amc.o
 .debug_loc     0x000003ca      0x1d7 .\CortexM3\ARM_GCC_541\Debug\cyfitter_cfg.o
 .debug_loc     0x000005a1      0x144 .\CortexM3\ARM_GCC_541\Debug\Cm3Start.o
 .debug_loc     0x000006e5       0x13 .\CortexM3\ARM_GCC_541\Debug\PulseGenerator.a(Timer1.o)
 .debug_loc     0x000006f8      0x12c .\CortexM3\ARM_GCC_541\Debug\PulseGenerator.a(Clock_1.o)
 .debug_loc     0x00000824      0x435 .\CortexM3\ARM_GCC_541\Debug\PulseGenerator.a(USBFS.o)
 .debug_loc     0x00000c59      0x171 .\CortexM3\ARM_GCC_541\Debug\PulseGenerator.a(USBFS_drv.o)
 .debug_loc     0x00000dca      0x3a8 .\CortexM3\ARM_GCC_541\Debug\PulseGenerator.a(USBFS_hid.o)
 .debug_loc     0x00001172       0x26 .\CortexM3\ARM_GCC_541\Debug\PulseGenerator.a(USBFS_pm.o)
 .debug_loc     0x00001198      0x883 .\CortexM3\ARM_GCC_541\Debug\PulseGenerator.a(USBFS_std.o)
 .debug_loc     0x00001a1b       0x84 .\CortexM3\ARM_GCC_541\Debug\PulseGenerator.a(USBFS_Dp.o)
 .debug_loc     0x00001a9f      0x2f2 .\CortexM3\ARM_GCC_541\Debug\PulseGenerator.a(CyFlash.o)
 .debug_loc     0x00001d91      0xa11 .\CortexM3\ARM_GCC_541\Debug\PulseGenerator.a(CyLib.o)
 .debug_loc     0x000027a2      0x1e4 .\CortexM3\ARM_GCC_541\Debug\PulseGenerator.a(cyPm.o)
 .debug_loc     0x00002986      0x64d .\CortexM3\ARM_GCC_541\Debug\PulseGenerator.a(CySpc.o)
 .debug_loc     0x00002fd3       0x47 .\CortexM3\ARM_GCC_541\Debug\PulseGenerator.a(USBFS_cls.o)

.debug_macinfo
 *(.debug_macinfo)

.debug_ranges   0x00000000      0x8f8
 *(.debug_ranges)
 .debug_ranges  0x00000000       0x38 .\CortexM3\ARM_GCC_541\Debug\main.o
 .debug_ranges  0x00000038       0x40 .\CortexM3\ARM_GCC_541\Debug\usb.o
 .debug_ranges  0x00000078       0x60 .\CortexM3\ARM_GCC_541\Debug\eeprom_amc.o
 .debug_ranges  0x000000d8       0x48 .\CortexM3\ARM_GCC_541\Debug\cyfitter_cfg.o
 .debug_ranges  0x00000120       0x38 .\CortexM3\ARM_GCC_541\Debug\Cm3Start.o
 .debug_ranges  0x00000158       0x80 .\CortexM3\ARM_GCC_541\Debug\PulseGenerator.a(Timer1.o)
 .debug_ranges  0x000001d8       0x18 .\CortexM3\ARM_GCC_541\Debug\PulseGenerator.a(TrigPulseTrain.o)
 .debug_ranges  0x000001f0       0x60 .\CortexM3\ARM_GCC_541\Debug\PulseGenerator.a(Clock_1.o)
 .debug_ranges  0x00000250       0xd0 .\CortexM3\ARM_GCC_541\Debug\PulseGenerator.a(USBFS.o)
 .debug_ranges  0x00000320       0x88 .\CortexM3\ARM_GCC_541\Debug\PulseGenerator.a(USBFS_drv.o)
 .debug_ranges  0x000003a8       0x28 .\CortexM3\ARM_GCC_541\Debug\PulseGenerator.a(USBFS_episr.o)
 .debug_ranges  0x000003d0       0x38 .\CortexM3\ARM_GCC_541\Debug\PulseGenerator.a(USBFS_hid.o)
 .debug_ranges  0x00000408       0x30 .\CortexM3\ARM_GCC_541\Debug\PulseGenerator.a(USBFS_pm.o)
 .debug_ranges  0x00000438       0x68 .\CortexM3\ARM_GCC_541\Debug\PulseGenerator.a(USBFS_std.o)
 .debug_ranges  0x000004a0       0x10 .\CortexM3\ARM_GCC_541\Debug\PulseGenerator.a(USBFS_vnd.o)
 .debug_ranges  0x000004b0       0x38 .\CortexM3\ARM_GCC_541\Debug\PulseGenerator.a(USBFS_Dp.o)
 .debug_ranges  0x000004e8       0x70 .\CortexM3\ARM_GCC_541\Debug\PulseGenerator.a(CyFlash.o)
 .debug_ranges  0x00000558      0x288 .\CortexM3\ARM_GCC_541\Debug\PulseGenerator.a(CyLib.o)
 .debug_ranges  0x000007e0       0x88 .\CortexM3\ARM_GCC_541\Debug\PulseGenerator.a(cyPm.o)
 .debug_ranges  0x00000868       0x68 .\CortexM3\ARM_GCC_541\Debug\PulseGenerator.a(CySpc.o)
 .debug_ranges  0x000008d0       0x18 .\CortexM3\ARM_GCC_541\Debug\PulseGenerator.a(EnableAndDirection.o)
 .debug_ranges  0x000008e8       0x10 .\CortexM3\ARM_GCC_541\Debug\PulseGenerator.a(USBFS_cls.o)

.comment        0x00000000       0x6e
 .comment       0x00000000       0x6e .\CortexM3\ARM_GCC_541\Debug\main.o
                                 0x6f (size before relaxing)
 .comment       0x0000006e       0x6f .\CortexM3\ARM_GCC_541\Debug\usb.o
 .comment       0x0000006e       0x6f .\CortexM3\ARM_GCC_541\Debug\eeprom_amc.o
 .comment       0x0000006e       0x6f .\CortexM3\ARM_GCC_541\Debug\cyfitter_cfg.o
 .comment       0x0000006e       0x6f .\CortexM3\ARM_GCC_541\Debug\cymetadata.o
 .comment       0x0000006e       0x6f .\CortexM3\ARM_GCC_541\Debug\Cm3Start.o
 .comment       0x0000006e       0x6f .\CortexM3\ARM_GCC_541\Debug\PulseGenerator.a(Timer1.o)
 .comment       0x0000006e       0x6f .\CortexM3\ARM_GCC_541\Debug\PulseGenerator.a(TrigPulseTrain.o)
 .comment       0x0000006e       0x6f .\CortexM3\ARM_GCC_541\Debug\PulseGenerator.a(Clock_1.o)
 .comment       0x0000006e       0x6f .\CortexM3\ARM_GCC_541\Debug\PulseGenerator.a(USBFS.o)
 .comment       0x0000006e       0x6f .\CortexM3\ARM_GCC_541\Debug\PulseGenerator.a(USBFS_drv.o)
 .comment       0x0000006e       0x6f .\CortexM3\ARM_GCC_541\Debug\PulseGenerator.a(USBFS_episr.o)
 .comment       0x0000006e       0x6f .\CortexM3\ARM_GCC_541\Debug\PulseGenerator.a(USBFS_hid.o)
 .comment       0x0000006e       0x6f .\CortexM3\ARM_GCC_541\Debug\PulseGenerator.a(USBFS_pm.o)
 .comment       0x0000006e       0x6f .\CortexM3\ARM_GCC_541\Debug\PulseGenerator.a(USBFS_std.o)
 .comment       0x0000006e       0x6f .\CortexM3\ARM_GCC_541\Debug\PulseGenerator.a(USBFS_vnd.o)
 .comment       0x0000006e       0x6f .\CortexM3\ARM_GCC_541\Debug\PulseGenerator.a(USBFS_Dp.o)
 .comment       0x0000006e       0x6f .\CortexM3\ARM_GCC_541\Debug\PulseGenerator.a(CyFlash.o)
 .comment       0x0000006e       0x6f .\CortexM3\ARM_GCC_541\Debug\PulseGenerator.a(CyLib.o)
 .comment       0x0000006e       0x6f .\CortexM3\ARM_GCC_541\Debug\PulseGenerator.a(cyPm.o)
 .comment       0x0000006e       0x6f .\CortexM3\ARM_GCC_541\Debug\PulseGenerator.a(CySpc.o)
 .comment       0x0000006e       0x6f .\CortexM3\ARM_GCC_541\Debug\PulseGenerator.a(EnableAndDirection.o)
 .comment       0x0000006e       0x6f .\CortexM3\ARM_GCC_541\Debug\PulseGenerator.a(USBFS_cls.o)
 .comment       0x0000006e       0x6f .\CortexM3\ARM_GCC_541\Debug\PulseGenerator.a(USBFS_descr.o)

.debug_weaknames
 *(.debug_weaknames)

.debug_funcnames
 *(.debug_funcnames)

.debug_typenames
 *(.debug_typenames)

.debug_varnames
 *(.debug_varnames)

.note.gnu.arm.ident
 *(.note.gnu.arm.ident)

.ARM.attributes
                0x00000000       0x29
 *(.ARM.attributes)
 .ARM.attributes
                0x00000000       0x1d c:/program files (x86)/cypress/psoc creator/4.1/psoc creator/import/gnu/arm/5.4.1/bin/../lib/gcc/arm-none-eabi/5.4.1/armv7-m/crti.o
 .ARM.attributes
                0x0000001d       0x2d c:/program files (x86)/cypress/psoc creator/4.1/psoc creator/import/gnu/arm/5.4.1/bin/../lib/gcc/arm-none-eabi/5.4.1/armv7-m/crtbegin.o
 .ARM.attributes
                0x0000004a       0x1b c:/program files (x86)/cypress/psoc creator/4.1/psoc creator/import/gnu/arm/5.4.1/bin/../lib/gcc/arm-none-eabi/5.4.1/../../../../arm-none-eabi/lib/armv7-m/crt0.o
 .ARM.attributes
                0x00000065       0x33 .\CortexM3\ARM_GCC_541\Debug\main.o
 .ARM.attributes
                0x00000098       0x33 .\CortexM3\ARM_GCC_541\Debug\usb.o
 .ARM.attributes
                0x000000cb       0x33 .\CortexM3\ARM_GCC_541\Debug\eeprom_amc.o
 .ARM.attributes
                0x000000fe       0x33 .\CortexM3\ARM_GCC_541\Debug\cyfitter_cfg.o
 .ARM.attributes
                0x00000131       0x33 .\CortexM3\ARM_GCC_541\Debug\cymetadata.o
 .ARM.attributes
                0x00000164       0x33 .\CortexM3\ARM_GCC_541\Debug\Cm3Start.o
 .ARM.attributes
                0x00000197       0x33 .\CortexM3\ARM_GCC_541\Debug\PulseGenerator.a(Timer1.o)
 .ARM.attributes
                0x000001ca       0x33 .\CortexM3\ARM_GCC_541\Debug\PulseGenerator.a(TrigPulseTrain.o)
 .ARM.attributes
                0x000001fd       0x33 .\CortexM3\ARM_GCC_541\Debug\PulseGenerator.a(Clock_1.o)
 .ARM.attributes
                0x00000230       0x33 .\CortexM3\ARM_GCC_541\Debug\PulseGenerator.a(USBFS.o)
 .ARM.attributes
                0x00000263       0x33 .\CortexM3\ARM_GCC_541\Debug\PulseGenerator.a(USBFS_drv.o)
 .ARM.attributes
                0x00000296       0x33 .\CortexM3\ARM_GCC_541\Debug\PulseGenerator.a(USBFS_episr.o)
 .ARM.attributes
                0x000002c9       0x33 .\CortexM3\ARM_GCC_541\Debug\PulseGenerator.a(USBFS_hid.o)
 .ARM.attributes
                0x000002fc       0x33 .\CortexM3\ARM_GCC_541\Debug\PulseGenerator.a(USBFS_pm.o)
 .ARM.attributes
                0x0000032f       0x33 .\CortexM3\ARM_GCC_541\Debug\PulseGenerator.a(USBFS_std.o)
 .ARM.attributes
                0x00000362       0x33 .\CortexM3\ARM_GCC_541\Debug\PulseGenerator.a(USBFS_vnd.o)
 .ARM.attributes
                0x00000395       0x33 .\CortexM3\ARM_GCC_541\Debug\PulseGenerator.a(USBFS_Dp.o)
 .ARM.attributes
                0x000003c8       0x33 .\CortexM3\ARM_GCC_541\Debug\PulseGenerator.a(CyFlash.o)
 .ARM.attributes
                0x000003fb       0x33 .\CortexM3\ARM_GCC_541\Debug\PulseGenerator.a(CyLib.o)
 .ARM.attributes
                0x0000042e       0x33 .\CortexM3\ARM_GCC_541\Debug\PulseGenerator.a(cyPm.o)
 .ARM.attributes
                0x00000461       0x33 .\CortexM3\ARM_GCC_541\Debug\PulseGenerator.a(CySpc.o)
 .ARM.attributes
                0x00000494       0x33 .\CortexM3\ARM_GCC_541\Debug\PulseGenerator.a(EnableAndDirection.o)
 .ARM.attributes
                0x000004c7       0x21 .\CortexM3\ARM_GCC_541\Debug\PulseGenerator.a(CyBootAsmGnu.o)
 .ARM.attributes
                0x000004e8       0x33 .\CortexM3\ARM_GCC_541\Debug\PulseGenerator.a(USBFS_cls.o)
 .ARM.attributes
                0x0000051b       0x33 .\CortexM3\ARM_GCC_541\Debug\PulseGenerator.a(USBFS_descr.o)
 .ARM.attributes
                0x0000054e       0x1d c:/program files (x86)/cypress/psoc creator/4.1/psoc creator/import/gnu/arm/5.4.1/bin/../lib/gcc/arm-none-eabi/5.4.1/armv7-m\libgcc.a(_arm_muldivsf3.o)
 .ARM.attributes
                0x0000056b       0x1d c:/program files (x86)/cypress/psoc creator/4.1/psoc creator/import/gnu/arm/5.4.1/bin/../lib/gcc/arm-none-eabi/5.4.1/armv7-m\libgcc.a(_arm_cmpsf2.o)
 .ARM.attributes
                0x00000588       0x1d c:/program files (x86)/cypress/psoc creator/4.1/psoc creator/import/gnu/arm/5.4.1/bin/../lib/gcc/arm-none-eabi/5.4.1/armv7-m\libgcc.a(_arm_fixunssfsi.o)
 .ARM.attributes
                0x000005a5       0x2d c:/program files (x86)/cypress/psoc creator/4.1/psoc creator/import/gnu/arm/5.4.1/bin/../lib/gcc/arm-none-eabi/5.4.1/../../../../arm-none-eabi/lib/armv7-m\libg_nano.a(lib_a-errno.o)
 .ARM.attributes
                0x000005d2       0x2d c:/program files (x86)/cypress/psoc creator/4.1/psoc creator/import/gnu/arm/5.4.1/bin/../lib/gcc/arm-none-eabi/5.4.1/../../../../arm-none-eabi/lib/armv7-m\libg_nano.a(lib_a-exit.o)
 .ARM.attributes
                0x000005ff       0x2d c:/program files (x86)/cypress/psoc creator/4.1/psoc creator/import/gnu/arm/5.4.1/bin/../lib/gcc/arm-none-eabi/5.4.1/../../../../arm-none-eabi/lib/armv7-m\libg_nano.a(lib_a-impure.o)
 .ARM.attributes
                0x0000062c       0x2d c:/program files (x86)/cypress/psoc creator/4.1/psoc creator/import/gnu/arm/5.4.1/bin/../lib/gcc/arm-none-eabi/5.4.1/../../../../arm-none-eabi/lib/armv7-m\libg_nano.a(lib_a-init.o)
 .ARM.attributes
                0x00000659       0x2d c:/program files (x86)/cypress/psoc creator/4.1/psoc creator/import/gnu/arm/5.4.1/bin/../lib/gcc/arm-none-eabi/5.4.1/../../../../arm-none-eabi/lib/armv7-m\libg_nano.a(lib_a-memcpy-stub.o)
 .ARM.attributes
                0x00000686       0x2d c:/program files (x86)/cypress/psoc creator/4.1/psoc creator/import/gnu/arm/5.4.1/bin/../lib/gcc/arm-none-eabi/5.4.1/../../../../arm-none-eabi/lib/armv7-m\libg_nano.a(lib_a-memset.o)
 .ARM.attributes
                0x000006b3       0x2d c:/program files (x86)/cypress/psoc creator/4.1/psoc creator/import/gnu/arm/5.4.1/bin/../lib/gcc/arm-none-eabi/5.4.1/armv7-m/crtend.o
 .ARM.attributes
                0x000006e0       0x1d c:/program files (x86)/cypress/psoc creator/4.1/psoc creator/import/gnu/arm/5.4.1/bin/../lib/gcc/arm-none-eabi/5.4.1/armv7-m/crtn.o

/DISCARD/
 *(.note.GNU-stack)
OUTPUT(C:\_User\GitHub Projects\PulseGen\PulseGen.cywrk_.Archive01\Design93\PulseGenerator.cydsn\CortexM3\ARM_GCC_541\Debug\PulseGenerator.elf elf32-littlearm)
