ARM GAS  C:\Users\BRIAN~1.SEA\AppData\Local\Temp\ccONYjHk.s 			page 1


   1              		.syntax unified
   2              		.cpu cortex-m3
   3              		.fpu softvfp
   4              		.eabi_attribute 20, 1
   5              		.eabi_attribute 21, 1
   6              		.eabi_attribute 23, 3
   7              		.eabi_attribute 24, 1
   8              		.eabi_attribute 25, 1
   9              		.eabi_attribute 26, 1
  10              		.eabi_attribute 30, 1
  11              		.eabi_attribute 34, 1
  12              		.eabi_attribute 18, 4
  13              		.thumb
  14              		.syntax unified
  15              		.file	"USBFS_Dp.c"
  16              		.text
  17              	.Ltext0:
  18              		.cfi_sections	.debug_frame
  19              		.section	.text.USBFS_Dp_Write,"ax",%progbits
  20              		.align	2
  21              		.global	USBFS_Dp_Write
  22              		.thumb
  23              		.thumb_func
  24              		.type	USBFS_Dp_Write, %function
  25              	USBFS_Dp_Write:
  26              	.LFB0:
  27              		.file 1 "Generated_Source\\PSoC5\\USBFS_Dp.c"
   1:Generated_Source\PSoC5/USBFS_Dp.c **** /*******************************************************************************
   2:Generated_Source\PSoC5/USBFS_Dp.c **** * File Name: USBFS_Dp.c  
   3:Generated_Source\PSoC5/USBFS_Dp.c **** * Version 2.20
   4:Generated_Source\PSoC5/USBFS_Dp.c **** *
   5:Generated_Source\PSoC5/USBFS_Dp.c **** * Description:
   6:Generated_Source\PSoC5/USBFS_Dp.c **** *  This file contains API to enable firmware control of a Pins component.
   7:Generated_Source\PSoC5/USBFS_Dp.c **** *
   8:Generated_Source\PSoC5/USBFS_Dp.c **** * Note:
   9:Generated_Source\PSoC5/USBFS_Dp.c **** *
  10:Generated_Source\PSoC5/USBFS_Dp.c **** ********************************************************************************
  11:Generated_Source\PSoC5/USBFS_Dp.c **** * Copyright 2008-2015, Cypress Semiconductor Corporation.  All rights reserved.
  12:Generated_Source\PSoC5/USBFS_Dp.c **** * You may use this file only in accordance with the license, terms, conditions, 
  13:Generated_Source\PSoC5/USBFS_Dp.c **** * disclaimers, and limitations in the end user license agreement accompanying 
  14:Generated_Source\PSoC5/USBFS_Dp.c **** * the software package with which this file was provided.
  15:Generated_Source\PSoC5/USBFS_Dp.c **** *******************************************************************************/
  16:Generated_Source\PSoC5/USBFS_Dp.c **** 
  17:Generated_Source\PSoC5/USBFS_Dp.c **** #include "cytypes.h"
  18:Generated_Source\PSoC5/USBFS_Dp.c **** #include "USBFS_Dp.h"
  19:Generated_Source\PSoC5/USBFS_Dp.c **** 
  20:Generated_Source\PSoC5/USBFS_Dp.c **** /* APIs are not generated for P15[7:6] on PSoC 5 */
  21:Generated_Source\PSoC5/USBFS_Dp.c **** #if !(CY_PSOC5A &&\
  22:Generated_Source\PSoC5/USBFS_Dp.c **** 	 USBFS_Dp__PORT == 15 && ((USBFS_Dp__MASK & 0xC0) != 0))
  23:Generated_Source\PSoC5/USBFS_Dp.c **** 
  24:Generated_Source\PSoC5/USBFS_Dp.c **** 
  25:Generated_Source\PSoC5/USBFS_Dp.c **** /*******************************************************************************
  26:Generated_Source\PSoC5/USBFS_Dp.c **** * Function Name: USBFS_Dp_Write
  27:Generated_Source\PSoC5/USBFS_Dp.c **** ****************************************************************************//**
  28:Generated_Source\PSoC5/USBFS_Dp.c **** *
  29:Generated_Source\PSoC5/USBFS_Dp.c **** * \brief Writes the value to the physical port (data output register), masking
  30:Generated_Source\PSoC5/USBFS_Dp.c **** *  and shifting the bits appropriately. 
ARM GAS  C:\Users\BRIAN~1.SEA\AppData\Local\Temp\ccONYjHk.s 			page 2


  31:Generated_Source\PSoC5/USBFS_Dp.c **** *
  32:Generated_Source\PSoC5/USBFS_Dp.c **** * The data output register controls the signal applied to the physical pin in 
  33:Generated_Source\PSoC5/USBFS_Dp.c **** * conjunction with the drive mode parameter. This function avoids changing 
  34:Generated_Source\PSoC5/USBFS_Dp.c **** * other bits in the port by using the appropriate method (read-modify-write or
  35:Generated_Source\PSoC5/USBFS_Dp.c **** * bit banding).
  36:Generated_Source\PSoC5/USBFS_Dp.c **** *
  37:Generated_Source\PSoC5/USBFS_Dp.c **** * <b>Note</b> This function should not be used on a hardware digital output pin 
  38:Generated_Source\PSoC5/USBFS_Dp.c **** * as it is driven by the hardware signal attached to it.
  39:Generated_Source\PSoC5/USBFS_Dp.c **** *
  40:Generated_Source\PSoC5/USBFS_Dp.c **** * \param value
  41:Generated_Source\PSoC5/USBFS_Dp.c **** *  Value to write to the component instance.
  42:Generated_Source\PSoC5/USBFS_Dp.c **** *
  43:Generated_Source\PSoC5/USBFS_Dp.c **** * \return 
  44:Generated_Source\PSoC5/USBFS_Dp.c **** *  None 
  45:Generated_Source\PSoC5/USBFS_Dp.c **** *
  46:Generated_Source\PSoC5/USBFS_Dp.c **** * \sideeffect
  47:Generated_Source\PSoC5/USBFS_Dp.c **** *  If you use read-modify-write operations that are not atomic; the Interrupt 
  48:Generated_Source\PSoC5/USBFS_Dp.c **** *  Service Routines (ISR) can cause corruption of this function. An ISR that 
  49:Generated_Source\PSoC5/USBFS_Dp.c **** *  interrupts this function and performs writes to the Pins component data 
  50:Generated_Source\PSoC5/USBFS_Dp.c **** *  register can cause corrupted port data. To avoid this issue, you should 
  51:Generated_Source\PSoC5/USBFS_Dp.c **** *  either use the Per-Pin APIs (primary method) or disable interrupts around 
  52:Generated_Source\PSoC5/USBFS_Dp.c **** *  this function.
  53:Generated_Source\PSoC5/USBFS_Dp.c **** *
  54:Generated_Source\PSoC5/USBFS_Dp.c **** * \funcusage
  55:Generated_Source\PSoC5/USBFS_Dp.c **** *  \snippet USBFS_Dp_SUT.c usage_USBFS_Dp_Write
  56:Generated_Source\PSoC5/USBFS_Dp.c **** *******************************************************************************/
  57:Generated_Source\PSoC5/USBFS_Dp.c **** void USBFS_Dp_Write(uint8 value)
  58:Generated_Source\PSoC5/USBFS_Dp.c **** {
  28              		.loc 1 58 0
  29              		.cfi_startproc
  30              		@ args = 0, pretend = 0, frame = 0
  31              		@ frame_needed = 0, uses_anonymous_args = 0
  32              		@ link register save eliminated.
  33              	.LVL0:
  59:Generated_Source\PSoC5/USBFS_Dp.c ****     uint8 staticBits = (USBFS_Dp_DR & (uint8)(~USBFS_Dp_MASK));
  34              		.loc 1 59 0
  35 0000 044A     		ldr	r2, .L2
  36 0002 1378     		ldrb	r3, [r2]	@ zero_extendqisi2
  37 0004 03F0BF03 		and	r3, r3, #191
  38              	.LVL1:
  60:Generated_Source\PSoC5/USBFS_Dp.c ****     USBFS_Dp_DR = staticBits | ((uint8)(value << USBFS_Dp_SHIFT) & USBFS_Dp_MASK);
  39              		.loc 1 60 0
  40 0008 8001     		lsls	r0, r0, #6
  41              	.LVL2:
  42 000a 00F04000 		and	r0, r0, #64
  43 000e 1843     		orrs	r0, r0, r3
  44 0010 1070     		strb	r0, [r2]
  45 0012 7047     		bx	lr
  46              	.L3:
  47              		.align	2
  48              	.L2:
  49 0014 F0510040 		.word	1073762800
  50              		.cfi_endproc
  51              	.LFE0:
  52              		.size	USBFS_Dp_Write, .-USBFS_Dp_Write
  53              		.section	.text.USBFS_Dp_SetDriveMode,"ax",%progbits
  54              		.align	2
ARM GAS  C:\Users\BRIAN~1.SEA\AppData\Local\Temp\ccONYjHk.s 			page 3


  55              		.global	USBFS_Dp_SetDriveMode
  56              		.thumb
  57              		.thumb_func
  58              		.type	USBFS_Dp_SetDriveMode, %function
  59              	USBFS_Dp_SetDriveMode:
  60              	.LFB1:
  61:Generated_Source\PSoC5/USBFS_Dp.c **** }
  62:Generated_Source\PSoC5/USBFS_Dp.c **** 
  63:Generated_Source\PSoC5/USBFS_Dp.c **** 
  64:Generated_Source\PSoC5/USBFS_Dp.c **** /*******************************************************************************
  65:Generated_Source\PSoC5/USBFS_Dp.c **** * Function Name: USBFS_Dp_SetDriveMode
  66:Generated_Source\PSoC5/USBFS_Dp.c **** ****************************************************************************//**
  67:Generated_Source\PSoC5/USBFS_Dp.c **** *
  68:Generated_Source\PSoC5/USBFS_Dp.c **** * \brief Sets the drive mode for each of the Pins component's pins.
  69:Generated_Source\PSoC5/USBFS_Dp.c **** * 
  70:Generated_Source\PSoC5/USBFS_Dp.c **** * <b>Note</b> This affects all pins in the Pins component instance. Use the
  71:Generated_Source\PSoC5/USBFS_Dp.c **** * Per-Pin APIs if you wish to control individual pin's drive modes.
  72:Generated_Source\PSoC5/USBFS_Dp.c **** *
  73:Generated_Source\PSoC5/USBFS_Dp.c **** * \param mode
  74:Generated_Source\PSoC5/USBFS_Dp.c **** *  Mode for the selected signals. Valid options are documented in 
  75:Generated_Source\PSoC5/USBFS_Dp.c **** *  \ref driveMode.
  76:Generated_Source\PSoC5/USBFS_Dp.c **** *
  77:Generated_Source\PSoC5/USBFS_Dp.c **** * \return
  78:Generated_Source\PSoC5/USBFS_Dp.c **** *  None
  79:Generated_Source\PSoC5/USBFS_Dp.c **** *
  80:Generated_Source\PSoC5/USBFS_Dp.c **** * \sideeffect
  81:Generated_Source\PSoC5/USBFS_Dp.c **** *  If you use read-modify-write operations that are not atomic, the ISR can
  82:Generated_Source\PSoC5/USBFS_Dp.c **** *  cause corruption of this function. An ISR that interrupts this function 
  83:Generated_Source\PSoC5/USBFS_Dp.c **** *  and performs writes to the Pins component Drive Mode registers can cause 
  84:Generated_Source\PSoC5/USBFS_Dp.c **** *  corrupted port data. To avoid this issue, you should either use the Per-Pin
  85:Generated_Source\PSoC5/USBFS_Dp.c **** *  APIs (primary method) or disable interrupts around this function.
  86:Generated_Source\PSoC5/USBFS_Dp.c **** *
  87:Generated_Source\PSoC5/USBFS_Dp.c **** * \funcusage
  88:Generated_Source\PSoC5/USBFS_Dp.c **** *  \snippet USBFS_Dp_SUT.c usage_USBFS_Dp_SetDriveMode
  89:Generated_Source\PSoC5/USBFS_Dp.c **** *******************************************************************************/
  90:Generated_Source\PSoC5/USBFS_Dp.c **** void USBFS_Dp_SetDriveMode(uint8 mode)
  91:Generated_Source\PSoC5/USBFS_Dp.c **** {
  61              		.loc 1 91 0
  62              		.cfi_startproc
  63              		@ args = 0, pretend = 0, frame = 0
  64              		@ frame_needed = 0, uses_anonymous_args = 0
  65              		@ link register save eliminated.
  66              	.LVL3:
  92:Generated_Source\PSoC5/USBFS_Dp.c **** 	CyPins_SetPinDriveMode(USBFS_Dp_0, mode);
  67              		.loc 1 92 0
  68 0000 044A     		ldr	r2, .L5
  69 0002 1378     		ldrb	r3, [r2]	@ zero_extendqisi2
  70 0004 03F0F103 		and	r3, r3, #241
  71 0008 00F00E00 		and	r0, r0, #14
  72              	.LVL4:
  73 000c 1843     		orrs	r0, r0, r3
  74 000e 1070     		strb	r0, [r2]
  75 0010 7047     		bx	lr
  76              	.L6:
  77 0012 00BF     		.align	2
  78              	.L5:
  79 0014 7E500040 		.word	1073762430
ARM GAS  C:\Users\BRIAN~1.SEA\AppData\Local\Temp\ccONYjHk.s 			page 4


  80              		.cfi_endproc
  81              	.LFE1:
  82              		.size	USBFS_Dp_SetDriveMode, .-USBFS_Dp_SetDriveMode
  83              		.section	.text.USBFS_Dp_Read,"ax",%progbits
  84              		.align	2
  85              		.global	USBFS_Dp_Read
  86              		.thumb
  87              		.thumb_func
  88              		.type	USBFS_Dp_Read, %function
  89              	USBFS_Dp_Read:
  90              	.LFB2:
  93:Generated_Source\PSoC5/USBFS_Dp.c **** }
  94:Generated_Source\PSoC5/USBFS_Dp.c **** 
  95:Generated_Source\PSoC5/USBFS_Dp.c **** 
  96:Generated_Source\PSoC5/USBFS_Dp.c **** /*******************************************************************************
  97:Generated_Source\PSoC5/USBFS_Dp.c **** * Function Name: USBFS_Dp_Read
  98:Generated_Source\PSoC5/USBFS_Dp.c **** ****************************************************************************//**
  99:Generated_Source\PSoC5/USBFS_Dp.c **** *
 100:Generated_Source\PSoC5/USBFS_Dp.c **** * \brief Reads the associated physical port (pin status register) and masks 
 101:Generated_Source\PSoC5/USBFS_Dp.c **** *  the required bits according to the width and bit position of the component
 102:Generated_Source\PSoC5/USBFS_Dp.c **** *  instance. 
 103:Generated_Source\PSoC5/USBFS_Dp.c **** *
 104:Generated_Source\PSoC5/USBFS_Dp.c **** * The pin's status register returns the current logic level present on the 
 105:Generated_Source\PSoC5/USBFS_Dp.c **** * physical pin.
 106:Generated_Source\PSoC5/USBFS_Dp.c **** *
 107:Generated_Source\PSoC5/USBFS_Dp.c **** * \return 
 108:Generated_Source\PSoC5/USBFS_Dp.c **** *  The current value for the pins in the component as a right justified number.
 109:Generated_Source\PSoC5/USBFS_Dp.c **** *
 110:Generated_Source\PSoC5/USBFS_Dp.c **** * \funcusage
 111:Generated_Source\PSoC5/USBFS_Dp.c **** *  \snippet USBFS_Dp_SUT.c usage_USBFS_Dp_Read  
 112:Generated_Source\PSoC5/USBFS_Dp.c **** *******************************************************************************/
 113:Generated_Source\PSoC5/USBFS_Dp.c **** uint8 USBFS_Dp_Read(void)
 114:Generated_Source\PSoC5/USBFS_Dp.c **** {
  91              		.loc 1 114 0
  92              		.cfi_startproc
  93              		@ args = 0, pretend = 0, frame = 0
  94              		@ frame_needed = 0, uses_anonymous_args = 0
  95              		@ link register save eliminated.
 115:Generated_Source\PSoC5/USBFS_Dp.c ****     return (USBFS_Dp_PS & USBFS_Dp_MASK) >> USBFS_Dp_SHIFT;
  96              		.loc 1 115 0
  97 0000 024B     		ldr	r3, .L8
  98 0002 1878     		ldrb	r0, [r3]	@ zero_extendqisi2
 116:Generated_Source\PSoC5/USBFS_Dp.c **** }
  99              		.loc 1 116 0
 100 0004 C0F38010 		ubfx	r0, r0, #6, #1
 101 0008 7047     		bx	lr
 102              	.L9:
 103 000a 00BF     		.align	2
 104              	.L8:
 105 000c F1510040 		.word	1073762801
 106              		.cfi_endproc
 107              	.LFE2:
 108              		.size	USBFS_Dp_Read, .-USBFS_Dp_Read
 109              		.section	.text.USBFS_Dp_ReadDataReg,"ax",%progbits
 110              		.align	2
 111              		.global	USBFS_Dp_ReadDataReg
 112              		.thumb
ARM GAS  C:\Users\BRIAN~1.SEA\AppData\Local\Temp\ccONYjHk.s 			page 5


 113              		.thumb_func
 114              		.type	USBFS_Dp_ReadDataReg, %function
 115              	USBFS_Dp_ReadDataReg:
 116              	.LFB3:
 117:Generated_Source\PSoC5/USBFS_Dp.c **** 
 118:Generated_Source\PSoC5/USBFS_Dp.c **** 
 119:Generated_Source\PSoC5/USBFS_Dp.c **** /*******************************************************************************
 120:Generated_Source\PSoC5/USBFS_Dp.c **** * Function Name: USBFS_Dp_ReadDataReg
 121:Generated_Source\PSoC5/USBFS_Dp.c **** ****************************************************************************//**
 122:Generated_Source\PSoC5/USBFS_Dp.c **** *
 123:Generated_Source\PSoC5/USBFS_Dp.c **** * \brief Reads the associated physical port's data output register and masks 
 124:Generated_Source\PSoC5/USBFS_Dp.c **** *  the correct bits according to the width and bit position of the component 
 125:Generated_Source\PSoC5/USBFS_Dp.c **** *  instance. 
 126:Generated_Source\PSoC5/USBFS_Dp.c **** *
 127:Generated_Source\PSoC5/USBFS_Dp.c **** * The data output register controls the signal applied to the physical pin in 
 128:Generated_Source\PSoC5/USBFS_Dp.c **** * conjunction with the drive mode parameter. This is not the same as the 
 129:Generated_Source\PSoC5/USBFS_Dp.c **** * preferred USBFS_Dp_Read() API because the 
 130:Generated_Source\PSoC5/USBFS_Dp.c **** * USBFS_Dp_ReadDataReg() reads the data register instead of the status 
 131:Generated_Source\PSoC5/USBFS_Dp.c **** * register. For output pins this is a useful function to determine the value 
 132:Generated_Source\PSoC5/USBFS_Dp.c **** * just written to the pin.
 133:Generated_Source\PSoC5/USBFS_Dp.c **** *
 134:Generated_Source\PSoC5/USBFS_Dp.c **** * \return 
 135:Generated_Source\PSoC5/USBFS_Dp.c **** *  The current value of the data register masked and shifted into a right 
 136:Generated_Source\PSoC5/USBFS_Dp.c **** *  justified number for the component instance.
 137:Generated_Source\PSoC5/USBFS_Dp.c **** *
 138:Generated_Source\PSoC5/USBFS_Dp.c **** * \funcusage
 139:Generated_Source\PSoC5/USBFS_Dp.c **** *  \snippet USBFS_Dp_SUT.c usage_USBFS_Dp_ReadDataReg 
 140:Generated_Source\PSoC5/USBFS_Dp.c **** *******************************************************************************/
 141:Generated_Source\PSoC5/USBFS_Dp.c **** uint8 USBFS_Dp_ReadDataReg(void)
 142:Generated_Source\PSoC5/USBFS_Dp.c **** {
 117              		.loc 1 142 0
 118              		.cfi_startproc
 119              		@ args = 0, pretend = 0, frame = 0
 120              		@ frame_needed = 0, uses_anonymous_args = 0
 121              		@ link register save eliminated.
 143:Generated_Source\PSoC5/USBFS_Dp.c ****     return (USBFS_Dp_DR & USBFS_Dp_MASK) >> USBFS_Dp_SHIFT;
 122              		.loc 1 143 0
 123 0000 024B     		ldr	r3, .L11
 124 0002 1878     		ldrb	r0, [r3]	@ zero_extendqisi2
 144:Generated_Source\PSoC5/USBFS_Dp.c **** }
 125              		.loc 1 144 0
 126 0004 C0F38010 		ubfx	r0, r0, #6, #1
 127 0008 7047     		bx	lr
 128              	.L12:
 129 000a 00BF     		.align	2
 130              	.L11:
 131 000c F0510040 		.word	1073762800
 132              		.cfi_endproc
 133              	.LFE3:
 134              		.size	USBFS_Dp_ReadDataReg, .-USBFS_Dp_ReadDataReg
 135              		.section	.text.USBFS_Dp_SetInterruptMode,"ax",%progbits
 136              		.align	2
 137              		.global	USBFS_Dp_SetInterruptMode
 138              		.thumb
 139              		.thumb_func
 140              		.type	USBFS_Dp_SetInterruptMode, %function
 141              	USBFS_Dp_SetInterruptMode:
ARM GAS  C:\Users\BRIAN~1.SEA\AppData\Local\Temp\ccONYjHk.s 			page 6


 142              	.LFB4:
 145:Generated_Source\PSoC5/USBFS_Dp.c **** 
 146:Generated_Source\PSoC5/USBFS_Dp.c **** 
 147:Generated_Source\PSoC5/USBFS_Dp.c **** /* If interrupt is connected for this Pins component */ 
 148:Generated_Source\PSoC5/USBFS_Dp.c **** #if defined(USBFS_Dp_INTSTAT) 
 149:Generated_Source\PSoC5/USBFS_Dp.c **** 
 150:Generated_Source\PSoC5/USBFS_Dp.c ****     /*******************************************************************************
 151:Generated_Source\PSoC5/USBFS_Dp.c ****     * Function Name: USBFS_Dp_SetInterruptMode
 152:Generated_Source\PSoC5/USBFS_Dp.c ****     ****************************************************************************//**
 153:Generated_Source\PSoC5/USBFS_Dp.c ****     *
 154:Generated_Source\PSoC5/USBFS_Dp.c ****     * \brief Configures the interrupt mode for each of the Pins component's
 155:Generated_Source\PSoC5/USBFS_Dp.c ****     *  pins. Alternatively you may set the interrupt mode for all the pins
 156:Generated_Source\PSoC5/USBFS_Dp.c ****     *  specified in the Pins component.
 157:Generated_Source\PSoC5/USBFS_Dp.c ****     *
 158:Generated_Source\PSoC5/USBFS_Dp.c ****     *  <b>Note</b> The interrupt is port-wide and therefore any enabled pin
 159:Generated_Source\PSoC5/USBFS_Dp.c ****     *  interrupt may trigger it.
 160:Generated_Source\PSoC5/USBFS_Dp.c ****     *
 161:Generated_Source\PSoC5/USBFS_Dp.c ****     * \param position
 162:Generated_Source\PSoC5/USBFS_Dp.c ****     *  The pin position as listed in the Pins component. You may OR these to be 
 163:Generated_Source\PSoC5/USBFS_Dp.c ****     *  able to configure the interrupt mode of multiple pins within a Pins 
 164:Generated_Source\PSoC5/USBFS_Dp.c ****     *  component. Or you may use USBFS_Dp_INTR_ALL to configure the
 165:Generated_Source\PSoC5/USBFS_Dp.c ****     *  interrupt mode of all the pins in the Pins component.       
 166:Generated_Source\PSoC5/USBFS_Dp.c ****     *  - USBFS_Dp_0_INTR       (First pin in the list)
 167:Generated_Source\PSoC5/USBFS_Dp.c ****     *  - USBFS_Dp_1_INTR       (Second pin in the list)
 168:Generated_Source\PSoC5/USBFS_Dp.c ****     *  - ...
 169:Generated_Source\PSoC5/USBFS_Dp.c ****     *  - USBFS_Dp_INTR_ALL     (All pins in Pins component)
 170:Generated_Source\PSoC5/USBFS_Dp.c ****     *
 171:Generated_Source\PSoC5/USBFS_Dp.c ****     * \param mode
 172:Generated_Source\PSoC5/USBFS_Dp.c ****     *  Interrupt mode for the selected pins. Valid options are documented in
 173:Generated_Source\PSoC5/USBFS_Dp.c ****     *  \ref intrMode.
 174:Generated_Source\PSoC5/USBFS_Dp.c ****     *
 175:Generated_Source\PSoC5/USBFS_Dp.c ****     * \return 
 176:Generated_Source\PSoC5/USBFS_Dp.c ****     *  None
 177:Generated_Source\PSoC5/USBFS_Dp.c ****     *  
 178:Generated_Source\PSoC5/USBFS_Dp.c ****     * \sideeffect
 179:Generated_Source\PSoC5/USBFS_Dp.c ****     *  It is recommended that the interrupt be disabled before calling this 
 180:Generated_Source\PSoC5/USBFS_Dp.c ****     *  function to avoid unintended interrupt requests. Note that the interrupt
 181:Generated_Source\PSoC5/USBFS_Dp.c ****     *  type is port wide, and therefore will trigger for any enabled pin on the 
 182:Generated_Source\PSoC5/USBFS_Dp.c ****     *  port.
 183:Generated_Source\PSoC5/USBFS_Dp.c ****     *
 184:Generated_Source\PSoC5/USBFS_Dp.c ****     * \funcusage
 185:Generated_Source\PSoC5/USBFS_Dp.c ****     *  \snippet USBFS_Dp_SUT.c usage_USBFS_Dp_SetInterruptMode
 186:Generated_Source\PSoC5/USBFS_Dp.c ****     *******************************************************************************/
 187:Generated_Source\PSoC5/USBFS_Dp.c ****     void USBFS_Dp_SetInterruptMode(uint16 position, uint16 mode)
 188:Generated_Source\PSoC5/USBFS_Dp.c ****     {
 143              		.loc 1 188 0
 144              		.cfi_startproc
 145              		@ args = 0, pretend = 0, frame = 0
 146              		@ frame_needed = 0, uses_anonymous_args = 0
 147              		@ link register save eliminated.
 148              	.LVL5:
 189:Generated_Source\PSoC5/USBFS_Dp.c **** 		if((position & USBFS_Dp_0_INTR) != 0u) 
 149              		.loc 1 189 0
 150 0000 00F04000 		and	r0, r0, #64
 151              	.LVL6:
 152 0004 80B2     		uxth	r0, r0
 153 0006 10B1     		cbz	r0, .L13
ARM GAS  C:\Users\BRIAN~1.SEA\AppData\Local\Temp\ccONYjHk.s 			page 7


 190:Generated_Source\PSoC5/USBFS_Dp.c **** 		{ 
 191:Generated_Source\PSoC5/USBFS_Dp.c **** 			 USBFS_Dp_0_INTTYPE_REG = (uint8)mode; 
 154              		.loc 1 191 0
 155 0008 C9B2     		uxtb	r1, r1
 156              	.LVL7:
 157 000a 014B     		ldr	r3, .L15
 158 000c 1970     		strb	r1, [r3]
 159              	.L13:
 160 000e 7047     		bx	lr
 161              	.L16:
 162              		.align	2
 163              	.L15:
 164 0010 7E450040 		.word	1073759614
 165              		.cfi_endproc
 166              	.LFE4:
 167              		.size	USBFS_Dp_SetInterruptMode, .-USBFS_Dp_SetInterruptMode
 168              		.section	.text.USBFS_Dp_ClearInterrupt,"ax",%progbits
 169              		.align	2
 170              		.global	USBFS_Dp_ClearInterrupt
 171              		.thumb
 172              		.thumb_func
 173              		.type	USBFS_Dp_ClearInterrupt, %function
 174              	USBFS_Dp_ClearInterrupt:
 175              	.LFB5:
 192:Generated_Source\PSoC5/USBFS_Dp.c **** 		}
 193:Generated_Source\PSoC5/USBFS_Dp.c ****     }
 194:Generated_Source\PSoC5/USBFS_Dp.c ****     
 195:Generated_Source\PSoC5/USBFS_Dp.c ****     
 196:Generated_Source\PSoC5/USBFS_Dp.c ****     /*******************************************************************************
 197:Generated_Source\PSoC5/USBFS_Dp.c ****     * Function Name: USBFS_Dp_ClearInterrupt
 198:Generated_Source\PSoC5/USBFS_Dp.c ****     ****************************************************************************//**
 199:Generated_Source\PSoC5/USBFS_Dp.c ****     *
 200:Generated_Source\PSoC5/USBFS_Dp.c ****     * \brief Clears any active interrupts attached with the component and returns 
 201:Generated_Source\PSoC5/USBFS_Dp.c ****     *  the value of the interrupt status register allowing determination of which
 202:Generated_Source\PSoC5/USBFS_Dp.c ****     *  pins generated an interrupt event.
 203:Generated_Source\PSoC5/USBFS_Dp.c ****     *
 204:Generated_Source\PSoC5/USBFS_Dp.c ****     * \return 
 205:Generated_Source\PSoC5/USBFS_Dp.c ****     *  The right-shifted current value of the interrupt status register. Each pin 
 206:Generated_Source\PSoC5/USBFS_Dp.c ****     *  has one bit set if it generated an interrupt event. For example, bit 0 is 
 207:Generated_Source\PSoC5/USBFS_Dp.c ****     *  for pin 0 and bit 1 is for pin 1 of the Pins component.
 208:Generated_Source\PSoC5/USBFS_Dp.c ****     *  
 209:Generated_Source\PSoC5/USBFS_Dp.c ****     * \sideeffect
 210:Generated_Source\PSoC5/USBFS_Dp.c ****     *  Clears all bits of the physical port's interrupt status register, not just
 211:Generated_Source\PSoC5/USBFS_Dp.c ****     *  those associated with the Pins component.
 212:Generated_Source\PSoC5/USBFS_Dp.c ****     *
 213:Generated_Source\PSoC5/USBFS_Dp.c ****     * \funcusage
 214:Generated_Source\PSoC5/USBFS_Dp.c ****     *  \snippet USBFS_Dp_SUT.c usage_USBFS_Dp_ClearInterrupt
 215:Generated_Source\PSoC5/USBFS_Dp.c ****     *******************************************************************************/
 216:Generated_Source\PSoC5/USBFS_Dp.c ****     uint8 USBFS_Dp_ClearInterrupt(void)
 217:Generated_Source\PSoC5/USBFS_Dp.c ****     {
 176              		.loc 1 217 0
 177              		.cfi_startproc
 178              		@ args = 0, pretend = 0, frame = 0
 179              		@ frame_needed = 0, uses_anonymous_args = 0
 180              		@ link register save eliminated.
 218:Generated_Source\PSoC5/USBFS_Dp.c ****         return (USBFS_Dp_INTSTAT & USBFS_Dp_MASK) >> USBFS_Dp_SHIFT;
 181              		.loc 1 218 0
ARM GAS  C:\Users\BRIAN~1.SEA\AppData\Local\Temp\ccONYjHk.s 			page 8


 182 0000 024B     		ldr	r3, .L18
 183 0002 1878     		ldrb	r0, [r3]	@ zero_extendqisi2
 219:Generated_Source\PSoC5/USBFS_Dp.c ****     }
 184              		.loc 1 219 0
 185 0004 C0F38010 		ubfx	r0, r0, #6, #1
 186 0008 7047     		bx	lr
 187              	.L19:
 188 000a 00BF     		.align	2
 189              	.L18:
 190 000c 8F450040 		.word	1073759631
 191              		.cfi_endproc
 192              	.LFE5:
 193              		.size	USBFS_Dp_ClearInterrupt, .-USBFS_Dp_ClearInterrupt
 194              		.text
 195              	.Letext0:
 196              		.file 2 "Generated_Source\\PSoC5\\cytypes.h"
 197              		.section	.debug_info,"",%progbits
 198              	.Ldebug_info0:
 199 0000 6E010000 		.4byte	0x16e
 200 0004 0400     		.2byte	0x4
 201 0006 00000000 		.4byte	.Ldebug_abbrev0
 202 000a 04       		.byte	0x4
 203 000b 01       		.uleb128 0x1
 204 000c 4B000000 		.4byte	.LASF24
 205 0010 0C       		.byte	0xc
 206 0011 1D020000 		.4byte	.LASF25
 207 0015 A4010000 		.4byte	.LASF26
 208 0019 00000000 		.4byte	.Ldebug_ranges0+0
 209 001d 00000000 		.4byte	0
 210 0021 00000000 		.4byte	.Ldebug_line0
 211 0025 02       		.uleb128 0x2
 212 0026 01       		.byte	0x1
 213 0027 06       		.byte	0x6
 214 0028 3F020000 		.4byte	.LASF0
 215 002c 02       		.uleb128 0x2
 216 002d 01       		.byte	0x1
 217 002e 08       		.byte	0x8
 218 002f 3D000000 		.4byte	.LASF1
 219 0033 02       		.uleb128 0x2
 220 0034 02       		.byte	0x2
 221 0035 05       		.byte	0x5
 222 0036 94010000 		.4byte	.LASF2
 223 003a 02       		.uleb128 0x2
 224 003b 02       		.byte	0x2
 225 003c 07       		.byte	0x7
 226 003d F0000000 		.4byte	.LASF3
 227 0041 02       		.uleb128 0x2
 228 0042 04       		.byte	0x4
 229 0043 05       		.byte	0x5
 230 0044 FE010000 		.4byte	.LASF4
 231 0048 02       		.uleb128 0x2
 232 0049 04       		.byte	0x4
 233 004a 07       		.byte	0x7
 234 004b DE000000 		.4byte	.LASF5
 235 004f 02       		.uleb128 0x2
 236 0050 08       		.byte	0x8
 237 0051 05       		.byte	0x5
ARM GAS  C:\Users\BRIAN~1.SEA\AppData\Local\Temp\ccONYjHk.s 			page 9


 238 0052 81010000 		.4byte	.LASF6
 239 0056 02       		.uleb128 0x2
 240 0057 08       		.byte	0x8
 241 0058 07       		.byte	0x7
 242 0059 50010000 		.4byte	.LASF7
 243 005d 03       		.uleb128 0x3
 244 005e 04       		.byte	0x4
 245 005f 05       		.byte	0x5
 246 0060 696E7400 		.ascii	"int\000"
 247 0064 02       		.uleb128 0x2
 248 0065 04       		.byte	0x4
 249 0066 07       		.byte	0x7
 250 0067 43010000 		.4byte	.LASF8
 251 006b 04       		.uleb128 0x4
 252 006c 9E010000 		.4byte	.LASF9
 253 0070 02       		.byte	0x2
 254 0071 B4       		.byte	0xb4
 255 0072 2C000000 		.4byte	0x2c
 256 0076 04       		.uleb128 0x4
 257 0077 0A010000 		.4byte	.LASF10
 258 007b 02       		.byte	0x2
 259 007c B5       		.byte	0xb5
 260 007d 3A000000 		.4byte	0x3a
 261 0081 02       		.uleb128 0x2
 262 0082 04       		.byte	0x4
 263 0083 04       		.byte	0x4
 264 0084 1F000000 		.4byte	.LASF11
 265 0088 02       		.uleb128 0x2
 266 0089 08       		.byte	0x8
 267 008a 04       		.byte	0x4
 268 008b 03010000 		.4byte	.LASF12
 269 008f 02       		.uleb128 0x2
 270 0090 01       		.byte	0x1
 271 0091 08       		.byte	0x8
 272 0092 8F010000 		.4byte	.LASF13
 273 0096 05       		.uleb128 0x5
 274 0097 D9000000 		.4byte	.LASF14
 275 009b 02       		.byte	0x2
 276 009c 5E01     		.2byte	0x15e
 277 009e A2000000 		.4byte	0xa2
 278 00a2 06       		.uleb128 0x6
 279 00a3 6B000000 		.4byte	0x6b
 280 00a7 07       		.uleb128 0x7
 281 00a8 34010000 		.4byte	.LASF15
 282 00ac 01       		.byte	0x1
 283 00ad 39       		.byte	0x39
 284 00ae 00000000 		.4byte	.LFB0
 285 00b2 18000000 		.4byte	.LFE0-.LFB0
 286 00b6 01       		.uleb128 0x1
 287 00b7 9C       		.byte	0x9c
 288 00b8 D9000000 		.4byte	0xd9
 289 00bc 08       		.uleb128 0x8
 290 00bd 00000000 		.4byte	.LASF17
 291 00c1 01       		.byte	0x1
 292 00c2 39       		.byte	0x39
 293 00c3 6B000000 		.4byte	0x6b
 294 00c7 00000000 		.4byte	.LLST0
ARM GAS  C:\Users\BRIAN~1.SEA\AppData\Local\Temp\ccONYjHk.s 			page 10


 295 00cb 09       		.uleb128 0x9
 296 00cc 14000000 		.4byte	.LASF27
 297 00d0 01       		.byte	0x1
 298 00d1 3B       		.byte	0x3b
 299 00d2 6B000000 		.4byte	0x6b
 300 00d6 01       		.uleb128 0x1
 301 00d7 53       		.byte	0x53
 302 00d8 00       		.byte	0
 303 00d9 07       		.uleb128 0x7
 304 00da 07020000 		.4byte	.LASF16
 305 00de 01       		.byte	0x1
 306 00df 5A       		.byte	0x5a
 307 00e0 00000000 		.4byte	.LFB1
 308 00e4 18000000 		.4byte	.LFE1-.LFB1
 309 00e8 01       		.uleb128 0x1
 310 00e9 9C       		.byte	0x9c
 311 00ea FE000000 		.4byte	0xfe
 312 00ee 08       		.uleb128 0x8
 313 00ef 7C010000 		.4byte	.LASF18
 314 00f3 01       		.byte	0x1
 315 00f4 5A       		.byte	0x5a
 316 00f5 6B000000 		.4byte	0x6b
 317 00f9 21000000 		.4byte	.LLST1
 318 00fd 00       		.byte	0
 319 00fe 0A       		.uleb128 0xa
 320 00ff 06000000 		.4byte	.LASF19
 321 0103 01       		.byte	0x1
 322 0104 71       		.byte	0x71
 323 0105 6B000000 		.4byte	0x6b
 324 0109 00000000 		.4byte	.LFB2
 325 010d 10000000 		.4byte	.LFE2-.LFB2
 326 0111 01       		.uleb128 0x1
 327 0112 9C       		.byte	0x9c
 328 0113 0A       		.uleb128 0xa
 329 0114 67010000 		.4byte	.LASF20
 330 0118 01       		.byte	0x1
 331 0119 8D       		.byte	0x8d
 332 011a 6B000000 		.4byte	0x6b
 333 011e 00000000 		.4byte	.LFB3
 334 0122 10000000 		.4byte	.LFE3-.LFB3
 335 0126 01       		.uleb128 0x1
 336 0127 9C       		.byte	0x9c
 337 0128 07       		.uleb128 0x7
 338 0129 1A010000 		.4byte	.LASF21
 339 012d 01       		.byte	0x1
 340 012e BB       		.byte	0xbb
 341 012f 00000000 		.4byte	.LFB4
 342 0133 14000000 		.4byte	.LFE4-.LFB4
 343 0137 01       		.uleb128 0x1
 344 0138 9C       		.byte	0x9c
 345 0139 5C010000 		.4byte	0x15c
 346 013d 08       		.uleb128 0x8
 347 013e 11010000 		.4byte	.LASF22
 348 0142 01       		.byte	0x1
 349 0143 BB       		.byte	0xbb
 350 0144 76000000 		.4byte	0x76
 351 0148 42000000 		.4byte	.LLST2
ARM GAS  C:\Users\BRIAN~1.SEA\AppData\Local\Temp\ccONYjHk.s 			page 11


 352 014c 08       		.uleb128 0x8
 353 014d 7C010000 		.4byte	.LASF18
 354 0151 01       		.byte	0x1
 355 0152 BB       		.byte	0xbb
 356 0153 76000000 		.4byte	0x76
 357 0157 63000000 		.4byte	.LLST3
 358 015b 00       		.byte	0
 359 015c 0A       		.uleb128 0xa
 360 015d 25000000 		.4byte	.LASF23
 361 0161 01       		.byte	0x1
 362 0162 D8       		.byte	0xd8
 363 0163 6B000000 		.4byte	0x6b
 364 0167 00000000 		.4byte	.LFB5
 365 016b 10000000 		.4byte	.LFE5-.LFB5
 366 016f 01       		.uleb128 0x1
 367 0170 9C       		.byte	0x9c
 368 0171 00       		.byte	0
 369              		.section	.debug_abbrev,"",%progbits
 370              	.Ldebug_abbrev0:
 371 0000 01       		.uleb128 0x1
 372 0001 11       		.uleb128 0x11
 373 0002 01       		.byte	0x1
 374 0003 25       		.uleb128 0x25
 375 0004 0E       		.uleb128 0xe
 376 0005 13       		.uleb128 0x13
 377 0006 0B       		.uleb128 0xb
 378 0007 03       		.uleb128 0x3
 379 0008 0E       		.uleb128 0xe
 380 0009 1B       		.uleb128 0x1b
 381 000a 0E       		.uleb128 0xe
 382 000b 55       		.uleb128 0x55
 383 000c 17       		.uleb128 0x17
 384 000d 11       		.uleb128 0x11
 385 000e 01       		.uleb128 0x1
 386 000f 10       		.uleb128 0x10
 387 0010 17       		.uleb128 0x17
 388 0011 00       		.byte	0
 389 0012 00       		.byte	0
 390 0013 02       		.uleb128 0x2
 391 0014 24       		.uleb128 0x24
 392 0015 00       		.byte	0
 393 0016 0B       		.uleb128 0xb
 394 0017 0B       		.uleb128 0xb
 395 0018 3E       		.uleb128 0x3e
 396 0019 0B       		.uleb128 0xb
 397 001a 03       		.uleb128 0x3
 398 001b 0E       		.uleb128 0xe
 399 001c 00       		.byte	0
 400 001d 00       		.byte	0
 401 001e 03       		.uleb128 0x3
 402 001f 24       		.uleb128 0x24
 403 0020 00       		.byte	0
 404 0021 0B       		.uleb128 0xb
 405 0022 0B       		.uleb128 0xb
 406 0023 3E       		.uleb128 0x3e
 407 0024 0B       		.uleb128 0xb
 408 0025 03       		.uleb128 0x3
ARM GAS  C:\Users\BRIAN~1.SEA\AppData\Local\Temp\ccONYjHk.s 			page 12


 409 0026 08       		.uleb128 0x8
 410 0027 00       		.byte	0
 411 0028 00       		.byte	0
 412 0029 04       		.uleb128 0x4
 413 002a 16       		.uleb128 0x16
 414 002b 00       		.byte	0
 415 002c 03       		.uleb128 0x3
 416 002d 0E       		.uleb128 0xe
 417 002e 3A       		.uleb128 0x3a
 418 002f 0B       		.uleb128 0xb
 419 0030 3B       		.uleb128 0x3b
 420 0031 0B       		.uleb128 0xb
 421 0032 49       		.uleb128 0x49
 422 0033 13       		.uleb128 0x13
 423 0034 00       		.byte	0
 424 0035 00       		.byte	0
 425 0036 05       		.uleb128 0x5
 426 0037 16       		.uleb128 0x16
 427 0038 00       		.byte	0
 428 0039 03       		.uleb128 0x3
 429 003a 0E       		.uleb128 0xe
 430 003b 3A       		.uleb128 0x3a
 431 003c 0B       		.uleb128 0xb
 432 003d 3B       		.uleb128 0x3b
 433 003e 05       		.uleb128 0x5
 434 003f 49       		.uleb128 0x49
 435 0040 13       		.uleb128 0x13
 436 0041 00       		.byte	0
 437 0042 00       		.byte	0
 438 0043 06       		.uleb128 0x6
 439 0044 35       		.uleb128 0x35
 440 0045 00       		.byte	0
 441 0046 49       		.uleb128 0x49
 442 0047 13       		.uleb128 0x13
 443 0048 00       		.byte	0
 444 0049 00       		.byte	0
 445 004a 07       		.uleb128 0x7
 446 004b 2E       		.uleb128 0x2e
 447 004c 01       		.byte	0x1
 448 004d 3F       		.uleb128 0x3f
 449 004e 19       		.uleb128 0x19
 450 004f 03       		.uleb128 0x3
 451 0050 0E       		.uleb128 0xe
 452 0051 3A       		.uleb128 0x3a
 453 0052 0B       		.uleb128 0xb
 454 0053 3B       		.uleb128 0x3b
 455 0054 0B       		.uleb128 0xb
 456 0055 27       		.uleb128 0x27
 457 0056 19       		.uleb128 0x19
 458 0057 11       		.uleb128 0x11
 459 0058 01       		.uleb128 0x1
 460 0059 12       		.uleb128 0x12
 461 005a 06       		.uleb128 0x6
 462 005b 40       		.uleb128 0x40
 463 005c 18       		.uleb128 0x18
 464 005d 9742     		.uleb128 0x2117
 465 005f 19       		.uleb128 0x19
ARM GAS  C:\Users\BRIAN~1.SEA\AppData\Local\Temp\ccONYjHk.s 			page 13


 466 0060 01       		.uleb128 0x1
 467 0061 13       		.uleb128 0x13
 468 0062 00       		.byte	0
 469 0063 00       		.byte	0
 470 0064 08       		.uleb128 0x8
 471 0065 05       		.uleb128 0x5
 472 0066 00       		.byte	0
 473 0067 03       		.uleb128 0x3
 474 0068 0E       		.uleb128 0xe
 475 0069 3A       		.uleb128 0x3a
 476 006a 0B       		.uleb128 0xb
 477 006b 3B       		.uleb128 0x3b
 478 006c 0B       		.uleb128 0xb
 479 006d 49       		.uleb128 0x49
 480 006e 13       		.uleb128 0x13
 481 006f 02       		.uleb128 0x2
 482 0070 17       		.uleb128 0x17
 483 0071 00       		.byte	0
 484 0072 00       		.byte	0
 485 0073 09       		.uleb128 0x9
 486 0074 34       		.uleb128 0x34
 487 0075 00       		.byte	0
 488 0076 03       		.uleb128 0x3
 489 0077 0E       		.uleb128 0xe
 490 0078 3A       		.uleb128 0x3a
 491 0079 0B       		.uleb128 0xb
 492 007a 3B       		.uleb128 0x3b
 493 007b 0B       		.uleb128 0xb
 494 007c 49       		.uleb128 0x49
 495 007d 13       		.uleb128 0x13
 496 007e 02       		.uleb128 0x2
 497 007f 18       		.uleb128 0x18
 498 0080 00       		.byte	0
 499 0081 00       		.byte	0
 500 0082 0A       		.uleb128 0xa
 501 0083 2E       		.uleb128 0x2e
 502 0084 00       		.byte	0
 503 0085 3F       		.uleb128 0x3f
 504 0086 19       		.uleb128 0x19
 505 0087 03       		.uleb128 0x3
 506 0088 0E       		.uleb128 0xe
 507 0089 3A       		.uleb128 0x3a
 508 008a 0B       		.uleb128 0xb
 509 008b 3B       		.uleb128 0x3b
 510 008c 0B       		.uleb128 0xb
 511 008d 27       		.uleb128 0x27
 512 008e 19       		.uleb128 0x19
 513 008f 49       		.uleb128 0x49
 514 0090 13       		.uleb128 0x13
 515 0091 11       		.uleb128 0x11
 516 0092 01       		.uleb128 0x1
 517 0093 12       		.uleb128 0x12
 518 0094 06       		.uleb128 0x6
 519 0095 40       		.uleb128 0x40
 520 0096 18       		.uleb128 0x18
 521 0097 9742     		.uleb128 0x2117
 522 0099 19       		.uleb128 0x19
ARM GAS  C:\Users\BRIAN~1.SEA\AppData\Local\Temp\ccONYjHk.s 			page 14


 523 009a 00       		.byte	0
 524 009b 00       		.byte	0
 525 009c 00       		.byte	0
 526              		.section	.debug_loc,"",%progbits
 527              	.Ldebug_loc0:
 528              	.LLST0:
 529 0000 00000000 		.4byte	.LVL0
 530 0004 0A000000 		.4byte	.LVL2
 531 0008 0100     		.2byte	0x1
 532 000a 50       		.byte	0x50
 533 000b 0A000000 		.4byte	.LVL2
 534 000f 18000000 		.4byte	.LFE0
 535 0013 0400     		.2byte	0x4
 536 0015 F3       		.byte	0xf3
 537 0016 01       		.uleb128 0x1
 538 0017 50       		.byte	0x50
 539 0018 9F       		.byte	0x9f
 540 0019 00000000 		.4byte	0
 541 001d 00000000 		.4byte	0
 542              	.LLST1:
 543 0021 00000000 		.4byte	.LVL3
 544 0025 0C000000 		.4byte	.LVL4
 545 0029 0100     		.2byte	0x1
 546 002b 50       		.byte	0x50
 547 002c 0C000000 		.4byte	.LVL4
 548 0030 18000000 		.4byte	.LFE1
 549 0034 0400     		.2byte	0x4
 550 0036 F3       		.byte	0xf3
 551 0037 01       		.uleb128 0x1
 552 0038 50       		.byte	0x50
 553 0039 9F       		.byte	0x9f
 554 003a 00000000 		.4byte	0
 555 003e 00000000 		.4byte	0
 556              	.LLST2:
 557 0042 00000000 		.4byte	.LVL5
 558 0046 04000000 		.4byte	.LVL6
 559 004a 0100     		.2byte	0x1
 560 004c 50       		.byte	0x50
 561 004d 04000000 		.4byte	.LVL6
 562 0051 14000000 		.4byte	.LFE4
 563 0055 0400     		.2byte	0x4
 564 0057 F3       		.byte	0xf3
 565 0058 01       		.uleb128 0x1
 566 0059 50       		.byte	0x50
 567 005a 9F       		.byte	0x9f
 568 005b 00000000 		.4byte	0
 569 005f 00000000 		.4byte	0
 570              	.LLST3:
 571 0063 00000000 		.4byte	.LVL5
 572 0067 0A000000 		.4byte	.LVL7
 573 006b 0100     		.2byte	0x1
 574 006d 51       		.byte	0x51
 575 006e 0A000000 		.4byte	.LVL7
 576 0072 14000000 		.4byte	.LFE4
 577 0076 0400     		.2byte	0x4
 578 0078 F3       		.byte	0xf3
 579 0079 01       		.uleb128 0x1
ARM GAS  C:\Users\BRIAN~1.SEA\AppData\Local\Temp\ccONYjHk.s 			page 15


 580 007a 51       		.byte	0x51
 581 007b 9F       		.byte	0x9f
 582 007c 00000000 		.4byte	0
 583 0080 00000000 		.4byte	0
 584              		.section	.debug_aranges,"",%progbits
 585 0000 44000000 		.4byte	0x44
 586 0004 0200     		.2byte	0x2
 587 0006 00000000 		.4byte	.Ldebug_info0
 588 000a 04       		.byte	0x4
 589 000b 00       		.byte	0
 590 000c 0000     		.2byte	0
 591 000e 0000     		.2byte	0
 592 0010 00000000 		.4byte	.LFB0
 593 0014 18000000 		.4byte	.LFE0-.LFB0
 594 0018 00000000 		.4byte	.LFB1
 595 001c 18000000 		.4byte	.LFE1-.LFB1
 596 0020 00000000 		.4byte	.LFB2
 597 0024 10000000 		.4byte	.LFE2-.LFB2
 598 0028 00000000 		.4byte	.LFB3
 599 002c 10000000 		.4byte	.LFE3-.LFB3
 600 0030 00000000 		.4byte	.LFB4
 601 0034 14000000 		.4byte	.LFE4-.LFB4
 602 0038 00000000 		.4byte	.LFB5
 603 003c 10000000 		.4byte	.LFE5-.LFB5
 604 0040 00000000 		.4byte	0
 605 0044 00000000 		.4byte	0
 606              		.section	.debug_ranges,"",%progbits
 607              	.Ldebug_ranges0:
 608 0000 00000000 		.4byte	.LFB0
 609 0004 18000000 		.4byte	.LFE0
 610 0008 00000000 		.4byte	.LFB1
 611 000c 18000000 		.4byte	.LFE1
 612 0010 00000000 		.4byte	.LFB2
 613 0014 10000000 		.4byte	.LFE2
 614 0018 00000000 		.4byte	.LFB3
 615 001c 10000000 		.4byte	.LFE3
 616 0020 00000000 		.4byte	.LFB4
 617 0024 14000000 		.4byte	.LFE4
 618 0028 00000000 		.4byte	.LFB5
 619 002c 10000000 		.4byte	.LFE5
 620 0030 00000000 		.4byte	0
 621 0034 00000000 		.4byte	0
 622              		.section	.debug_line,"",%progbits
 623              	.Ldebug_line0:
 624 0000 B5000000 		.section	.debug_str,"MS",%progbits,1
 624      02004500 
 624      00000201 
 624      FB0E0D00 
 624      01010101 
 625              	.LASF17:
 626 0000 76616C75 		.ascii	"value\000"
 626      6500
 627              	.LASF19:
 628 0006 55534246 		.ascii	"USBFS_Dp_Read\000"
 628      535F4470 
 628      5F526561 
 628      6400
ARM GAS  C:\Users\BRIAN~1.SEA\AppData\Local\Temp\ccONYjHk.s 			page 16


 629              	.LASF27:
 630 0014 73746174 		.ascii	"staticBits\000"
 630      69634269 
 630      747300
 631              	.LASF11:
 632 001f 666C6F61 		.ascii	"float\000"
 632      7400
 633              	.LASF23:
 634 0025 55534246 		.ascii	"USBFS_Dp_ClearInterrupt\000"
 634      535F4470 
 634      5F436C65 
 634      6172496E 
 634      74657272 
 635              	.LASF1:
 636 003d 756E7369 		.ascii	"unsigned char\000"
 636      676E6564 
 636      20636861 
 636      7200
 637              	.LASF24:
 638 004b 474E5520 		.ascii	"GNU C11 5.4.1 20160609 (release) [ARM/embedded-5-br"
 638      43313120 
 638      352E342E 
 638      31203230 
 638      31363036 
 639 007e 616E6368 		.ascii	"anch revision 237715] -mcpu=cortex-m3 -mthumb -g -O"
 639      20726576 
 639      6973696F 
 639      6E203233 
 639      37373135 
 640 00b1 67202D66 		.ascii	"g -ffunction-sections -ffat-lto-objects\000"
 640      66756E63 
 640      74696F6E 
 640      2D736563 
 640      74696F6E 
 641              	.LASF14:
 642 00d9 72656738 		.ascii	"reg8\000"
 642      00
 643              	.LASF5:
 644 00de 6C6F6E67 		.ascii	"long unsigned int\000"
 644      20756E73 
 644      69676E65 
 644      6420696E 
 644      7400
 645              	.LASF3:
 646 00f0 73686F72 		.ascii	"short unsigned int\000"
 646      7420756E 
 646      7369676E 
 646      65642069 
 646      6E7400
 647              	.LASF12:
 648 0103 646F7562 		.ascii	"double\000"
 648      6C6500
 649              	.LASF10:
 650 010a 75696E74 		.ascii	"uint16\000"
 650      313600
 651              	.LASF22:
 652 0111 706F7369 		.ascii	"position\000"
ARM GAS  C:\Users\BRIAN~1.SEA\AppData\Local\Temp\ccONYjHk.s 			page 17


 652      74696F6E 
 652      00
 653              	.LASF21:
 654 011a 55534246 		.ascii	"USBFS_Dp_SetInterruptMode\000"
 654      535F4470 
 654      5F536574 
 654      496E7465 
 654      72727570 
 655              	.LASF15:
 656 0134 55534246 		.ascii	"USBFS_Dp_Write\000"
 656      535F4470 
 656      5F577269 
 656      746500
 657              	.LASF8:
 658 0143 756E7369 		.ascii	"unsigned int\000"
 658      676E6564 
 658      20696E74 
 658      00
 659              	.LASF7:
 660 0150 6C6F6E67 		.ascii	"long long unsigned int\000"
 660      206C6F6E 
 660      6720756E 
 660      7369676E 
 660      65642069 
 661              	.LASF20:
 662 0167 55534246 		.ascii	"USBFS_Dp_ReadDataReg\000"
 662      535F4470 
 662      5F526561 
 662      64446174 
 662      61526567 
 663              	.LASF18:
 664 017c 6D6F6465 		.ascii	"mode\000"
 664      00
 665              	.LASF6:
 666 0181 6C6F6E67 		.ascii	"long long int\000"
 666      206C6F6E 
 666      6720696E 
 666      7400
 667              	.LASF13:
 668 018f 63686172 		.ascii	"char\000"
 668      00
 669              	.LASF2:
 670 0194 73686F72 		.ascii	"short int\000"
 670      7420696E 
 670      7400
 671              	.LASF9:
 672 019e 75696E74 		.ascii	"uint8\000"
 672      3800
 673              	.LASF26:
 674 01a4 433A5C5F 		.ascii	"C:\\_User\\GitHub Projects\\PulseGen\\PulseGen.cywr"
 674      55736572 
 674      5C476974 
 674      48756220 
 674      50726F6A 
 675 01d3 6B5F2E41 		.ascii	"k_.Archive01\\Design93\\PulseGenerator.cydsn\000"
 675      72636869 
 675      76653031 
ARM GAS  C:\Users\BRIAN~1.SEA\AppData\Local\Temp\ccONYjHk.s 			page 18


 675      5C446573 
 675      69676E39 
 676              	.LASF4:
 677 01fe 6C6F6E67 		.ascii	"long int\000"
 677      20696E74 
 677      00
 678              	.LASF16:
 679 0207 55534246 		.ascii	"USBFS_Dp_SetDriveMode\000"
 679      535F4470 
 679      5F536574 
 679      44726976 
 679      654D6F64 
 680              	.LASF25:
 681 021d 47656E65 		.ascii	"Generated_Source\\PSoC5\\USBFS_Dp.c\000"
 681      72617465 
 681      645F536F 
 681      75726365 
 681      5C50536F 
 682              	.LASF0:
 683 023f 7369676E 		.ascii	"signed char\000"
 683      65642063 
 683      68617200 
 684              		.ident	"GCC: (GNU Tools for ARM Embedded Processors) 5.4.1 20160609 (release) [ARM/embedded-5-bran
